2025-07-08 16:34:46,403 - INFO - Training with parameters:
2025-07-08 16:34:46,403 - INFO -   Text model: sentence-transformers/paraphrase-multilingual-mpnet-base-v2
2025-07-08 16:34:46,403 - INFO -   Audio model: facebook/w2v-bert-2.0
2025-07-08 16:34:46,403 - INFO -   Freeze encoders: partial
2025-07-08 16:34:46,403 - INFO -   Text layers to unfreeze: 3
2025-07-08 16:34:46,403 - INFO -   Audio layers to unfreeze: 3
2025-07-08 16:34:46,403 - INFO -   Use cross-modal attention: False
2025-07-08 16:34:46,403 - INFO -   Use attentive pooling: False
2025-07-08 16:34:46,403 - INFO -   Use word-level alignment: True
2025-07-08 16:34:46,403 - INFO -   Batch size: 48
2025-07-08 16:34:46,403 - INFO -   Gradient accumulation steps: 15
2025-07-08 16:34:46,403 - INFO -   Effective batch size: 720
2025-07-08 16:34:46,404 - INFO -   Mixed precision training: False
2025-07-08 16:34:46,404 - INFO -   Learning rate: 0.0021
2025-07-08 16:34:46,404 - INFO -   Temperature: 0.1
2025-07-08 16:34:46,404 - INFO -   Projection dimension: 768
2025-07-08 16:34:46,404 - INFO -   Training samples: 21968
2025-07-08 16:34:46,404 - INFO -   Validation samples: 9464
2025-07-08 16:34:46,404 - INFO -   Test samples: 9467
2025-07-08 16:34:46,404 - INFO -   Max audio length: 480000 samples (30.00 seconds at 16kHz)
2025-07-08 16:34:46,404 - INFO - Loading tokenizer and feature extractor...
2025-07-08 16:34:47,377 - INFO - Feature extractor output keys: ['input_features', 'attention_mask']
2025-07-08 16:34:47,377 - INFO - Creating datasets...
2025-07-08 16:34:47,378 - INFO - Feature extractor output keys: ['input_features', 'attention_mask']
2025-07-08 16:34:47,378 - INFO - Feature extractor output keys: ['input_features', 'attention_mask']
2025-07-08 16:34:47,378 - INFO - Feature extractor output keys: ['input_features', 'attention_mask']
2025-07-08 16:34:47,378 - INFO - Creating data loaders...
2025-07-08 16:34:47,379 - INFO - Checking a sample batch...
2025-07-08 16:35:05,128 - INFO -   input_ids_pos: torch.Size([48, 128])
2025-07-08 16:35:05,129 - INFO -   attention_mask_pos: torch.Size([48, 128])
2025-07-08 16:35:05,129 - INFO -   input_ids_neg: torch.Size([48, 128])
2025-07-08 16:35:05,129 - INFO -   attention_mask_neg: torch.Size([48, 128])
2025-07-08 16:35:05,129 - INFO -   input_values: torch.Size([48, 473, 160])
2025-07-08 16:35:05,129 - INFO -   attention_mask_audio: torch.Size([48, 473])
2025-07-08 16:35:05,129 - INFO -   is_corrupted: torch.Size([48])
2025-07-08 16:35:05,129 - INFO - Initializing model...
2025-07-08 16:35:05,943 - INFO - Text encoder hidden dim: 768
2025-07-08 16:35:05,943 - INFO - Audio encoder hidden dim: 1024
2025-07-08 16:35:05,943 - INFO - Partial freezing: unfreezing last 3 text layers and 3 audio layers
2025-07-08 16:35:05,944 - INFO - Unfreezing text encoder layer 9
2025-07-08 16:35:05,944 - INFO - Unfreezing text encoder layer 10
2025-07-08 16:35:05,944 - INFO - Unfreezing text encoder layer 11
2025-07-08 16:35:05,945 - INFO - Unfreezing audio encoder layer 21
2025-07-08 16:35:05,945 - INFO - Unfreezing audio encoder layer 22
2025-07-08 16:35:05,945 - INFO - Unfreezing audio encoder layer 23
2025-07-08 16:35:06,013 - INFO - Model initialized with 299,070,465 trainable parameters out of 870,647,361 total
2025-07-08 16:35:07,019 - INFO - Using discriminative learning rates: encoder_lr=4.2e-05, main_lr=0.0021
2025-07-08 16:35:07,019 - INFO - Encoder parameters: 156, Non-encoder parameters: 34
2025-07-08 16:35:07,019 - INFO - Scheduler setup:
2025-07-08 16:35:07,019 - INFO -   Batches per epoch: 457
2025-07-08 16:35:07,019 - INFO -   Accumulation steps: 15
2025-07-08 16:35:07,019 - INFO -   Optimizer steps per epoch: 31
2025-07-08 16:35:07,019 - INFO -   Total optimizer steps: 930
2025-07-08 16:35:07,019 - INFO -   Warmup steps: 1000
2025-07-08 16:35:07,019 - INFO - Validating gradient accumulation setup...
2025-07-08 16:35:07,019 - INFO - Validating gradient accumulation with 15 steps...
2025-07-08 16:35:25,036 - WARNING - Not enough test batches (10) for accumulation_steps (15)
2025-07-08 16:35:25,037 - INFO - Starting training for 30 epochs
2025-07-08 16:48:26,014 - INFO - Epoch 1: Total optimizer steps: 31
2025-07-08 16:51:45,539 - INFO - Validation metrics:
2025-07-08 16:51:45,539 - INFO -   Loss: 0.4754
2025-07-08 16:51:45,539 - INFO -   Average similarity: 0.2348
2025-07-08 16:51:45,539 - INFO -   Median similarity: 0.1539
2025-07-08 16:51:45,540 - INFO -   Clean sample similarity: 0.2348
2025-07-08 16:51:45,540 - INFO -   Corrupted sample similarity: 0.1598
2025-07-08 16:51:45,540 - INFO -   Similarity gap (clean - corrupt): 0.0750
2025-07-08 16:51:45,668 - INFO - Epoch 1/30 - Train Loss: 0.6209, Val Loss: 0.4754, Clean Sim: 0.2348, Corrupt Sim: 0.1598, Gap: 0.0750, Time: 980.63s
2025-07-08 16:51:45,668 - INFO - New best validation loss: 0.4754
2025-07-08 16:51:51,751 - INFO - New best similarity gap: 0.0750
2025-07-08 17:04:59,494 - INFO - Epoch 2: Total optimizer steps: 31
2025-07-08 17:08:19,415 - INFO - Validation metrics:
2025-07-08 17:08:19,415 - INFO -   Loss: 0.3480
2025-07-08 17:08:19,415 - INFO -   Average similarity: 0.5655
2025-07-08 17:08:19,415 - INFO -   Median similarity: 0.7057
2025-07-08 17:08:19,415 - INFO -   Clean sample similarity: 0.5655
2025-07-08 17:08:19,415 - INFO -   Corrupted sample similarity: 0.3619
2025-07-08 17:08:19,415 - INFO -   Similarity gap (clean - corrupt): 0.2036
2025-07-08 17:08:19,553 - INFO - Epoch 2/30 - Train Loss: 0.4541, Val Loss: 0.3480, Clean Sim: 0.5655, Corrupt Sim: 0.3619, Gap: 0.2036, Time: 981.77s
2025-07-08 17:08:19,553 - INFO - New best validation loss: 0.3480
2025-07-08 17:08:26,079 - INFO - New best similarity gap: 0.2036
2025-07-08 17:11:17,321 - INFO - Epoch 2 Validation Alignment: Pos=0.091, Neg=0.091, Gap=0.000
2025-07-08 17:24:29,659 - INFO - Epoch 3: Total optimizer steps: 31
2025-07-08 17:27:50,975 - INFO - Validation metrics:
2025-07-08 17:27:50,975 - INFO -   Loss: 0.3106
2025-07-08 17:27:50,975 - INFO -   Average similarity: 0.5070
2025-07-08 17:27:50,975 - INFO -   Median similarity: 0.5474
2025-07-08 17:27:50,976 - INFO -   Clean sample similarity: 0.5070
2025-07-08 17:27:50,976 - INFO -   Corrupted sample similarity: 0.2891
2025-07-08 17:27:50,976 - INFO -   Similarity gap (clean - corrupt): 0.2179
2025-07-08 17:27:51,111 - INFO - Epoch 3/30 - Train Loss: 0.3961, Val Loss: 0.3106, Clean Sim: 0.5070, Corrupt Sim: 0.2891, Gap: 0.2179, Time: 993.79s
2025-07-08 17:27:51,111 - INFO - New best validation loss: 0.3106
2025-07-08 17:27:58,068 - INFO - New best similarity gap: 0.2179
2025-07-08 17:41:30,097 - INFO - Epoch 4: Total optimizer steps: 31
2025-07-08 17:44:50,873 - INFO - Validation metrics:
2025-07-08 17:44:50,873 - INFO -   Loss: 0.2870
2025-07-08 17:44:50,873 - INFO -   Average similarity: 0.4824
2025-07-08 17:44:50,873 - INFO -   Median similarity: 0.4572
2025-07-08 17:44:50,873 - INFO -   Clean sample similarity: 0.4824
2025-07-08 17:44:50,873 - INFO -   Corrupted sample similarity: 0.2516
2025-07-08 17:44:50,873 - INFO -   Similarity gap (clean - corrupt): 0.2308
2025-07-08 17:44:50,995 - INFO - Epoch 4/30 - Train Loss: 0.3557, Val Loss: 0.2870, Clean Sim: 0.4824, Corrupt Sim: 0.2516, Gap: 0.2308, Time: 1006.08s
2025-07-08 17:44:50,995 - INFO - New best validation loss: 0.2870
2025-07-08 17:44:57,397 - INFO - New best similarity gap: 0.2308
2025-07-08 17:47:50,230 - INFO - Epoch 4 Validation Alignment: Pos=0.066, Neg=0.069, Gap=-0.003
2025-07-08 18:01:03,852 - INFO - Epoch 5: Total optimizer steps: 31
2025-07-08 18:04:26,703 - INFO - Validation metrics:
2025-07-08 18:04:26,704 - INFO -   Loss: 0.2702
2025-07-08 18:04:26,704 - INFO -   Average similarity: 0.7142
2025-07-08 18:04:26,704 - INFO -   Median similarity: 0.9588
2025-07-08 18:04:26,704 - INFO -   Clean sample similarity: 0.7142
2025-07-08 18:04:26,704 - INFO -   Corrupted sample similarity: 0.4448
2025-07-08 18:04:26,704 - INFO -   Similarity gap (clean - corrupt): 0.2694
2025-07-08 18:04:26,856 - INFO - Epoch 5/30 - Train Loss: 0.3293, Val Loss: 0.2702, Clean Sim: 0.7142, Corrupt Sim: 0.4448, Gap: 0.2694, Time: 996.63s
2025-07-08 18:04:26,856 - INFO - New best validation loss: 0.2702
2025-07-08 18:04:33,275 - INFO - New best similarity gap: 0.2694
2025-07-08 18:17:47,210 - INFO - Epoch 6: Total optimizer steps: 31
2025-07-08 18:21:07,933 - INFO - Validation metrics:
2025-07-08 18:21:07,933 - INFO -   Loss: 0.2683
2025-07-08 18:21:07,933 - INFO -   Average similarity: 0.7107
2025-07-08 18:21:07,933 - INFO -   Median similarity: 0.9654
2025-07-08 18:21:07,933 - INFO -   Clean sample similarity: 0.7107
2025-07-08 18:21:07,933 - INFO -   Corrupted sample similarity: 0.4280
2025-07-08 18:21:07,933 - INFO -   Similarity gap (clean - corrupt): 0.2827
2025-07-08 18:21:08,055 - INFO - Epoch 6/30 - Train Loss: 0.3208, Val Loss: 0.2683, Clean Sim: 0.7107, Corrupt Sim: 0.4280, Gap: 0.2827, Time: 988.21s
2025-07-08 18:21:08,055 - INFO - New best validation loss: 0.2683
2025-07-08 18:21:14,604 - INFO - New best similarity gap: 0.2827
2025-07-08 18:24:07,321 - INFO - Epoch 6 Validation Alignment: Pos=0.087, Neg=0.091, Gap=-0.004
2025-07-08 18:37:23,380 - INFO - Epoch 7: Total optimizer steps: 31
2025-07-08 18:40:45,516 - INFO - Validation metrics:
2025-07-08 18:40:45,516 - INFO -   Loss: 0.2470
2025-07-08 18:40:45,516 - INFO -   Average similarity: 0.6842
2025-07-08 18:40:45,516 - INFO -   Median similarity: 0.9629
2025-07-08 18:40:45,516 - INFO -   Clean sample similarity: 0.6842
2025-07-08 18:40:45,516 - INFO -   Corrupted sample similarity: 0.3784
2025-07-08 18:40:45,516 - INFO -   Similarity gap (clean - corrupt): 0.3059
2025-07-08 18:40:45,661 - INFO - Epoch 7/30 - Train Loss: 0.3029, Val Loss: 0.2470, Clean Sim: 0.6842, Corrupt Sim: 0.3784, Gap: 0.3059, Time: 998.34s
2025-07-08 18:40:45,661 - INFO - New best validation loss: 0.2470
2025-07-08 18:40:52,348 - INFO - New best similarity gap: 0.3059
2025-07-08 18:54:18,679 - INFO - Epoch 8: Total optimizer steps: 31
2025-07-08 18:57:41,195 - INFO - Validation metrics:
2025-07-08 18:57:41,195 - INFO -   Loss: 0.2415
2025-07-08 18:57:41,195 - INFO -   Average similarity: 0.4825
2025-07-08 18:57:41,195 - INFO -   Median similarity: 0.4231
2025-07-08 18:57:41,195 - INFO -   Clean sample similarity: 0.4825
2025-07-08 18:57:41,195 - INFO -   Corrupted sample similarity: 0.2160
2025-07-08 18:57:41,195 - INFO -   Similarity gap (clean - corrupt): 0.2665
2025-07-08 18:57:41,335 - INFO - Epoch 8/30 - Train Loss: 0.2983, Val Loss: 0.2415, Clean Sim: 0.4825, Corrupt Sim: 0.2160, Gap: 0.2665, Time: 1001.96s
2025-07-08 18:57:41,335 - INFO - New best validation loss: 0.2415
2025-07-08 19:00:32,631 - INFO - Epoch 8 Validation Alignment: Pos=0.157, Neg=0.167, Gap=-0.010
2025-07-08 19:13:41,835 - INFO - Epoch 9: Total optimizer steps: 31
2025-07-08 19:17:02,589 - INFO - Validation metrics:
2025-07-08 19:17:02,589 - INFO -   Loss: 0.2359
2025-07-08 19:17:02,589 - INFO -   Average similarity: 0.7122
2025-07-08 19:17:02,589 - INFO -   Median similarity: 0.9724
2025-07-08 19:17:02,589 - INFO -   Clean sample similarity: 0.7122
2025-07-08 19:17:02,589 - INFO -   Corrupted sample similarity: 0.4105
2025-07-08 19:17:02,589 - INFO -   Similarity gap (clean - corrupt): 0.3017
2025-07-08 19:17:02,720 - INFO - Epoch 9/30 - Train Loss: 0.2940, Val Loss: 0.2359, Clean Sim: 0.7122, Corrupt Sim: 0.4105, Gap: 0.3017, Time: 990.09s
2025-07-08 19:17:02,720 - INFO - New best validation loss: 0.2359
2025-07-08 19:30:25,833 - INFO - Epoch 10: Total optimizer steps: 31
2025-07-08 19:33:46,330 - INFO - Validation metrics:
2025-07-08 19:33:46,330 - INFO -   Loss: 0.2182
2025-07-08 19:33:46,330 - INFO -   Average similarity: 0.6023
2025-07-08 19:33:46,330 - INFO -   Median similarity: 0.8282
2025-07-08 19:33:46,330 - INFO -   Clean sample similarity: 0.6023
2025-07-08 19:33:46,330 - INFO -   Corrupted sample similarity: 0.2780
2025-07-08 19:33:46,330 - INFO -   Similarity gap (clean - corrupt): 0.3243
2025-07-08 19:33:46,475 - INFO - Epoch 10/30 - Train Loss: 0.2873, Val Loss: 0.2182, Clean Sim: 0.6023, Corrupt Sim: 0.2780, Gap: 0.3243, Time: 997.22s
2025-07-08 19:33:46,475 - INFO - New best validation loss: 0.2182
2025-07-08 19:33:53,144 - INFO - New best similarity gap: 0.3243
2025-07-08 19:36:44,504 - INFO - Epoch 10 Validation Alignment: Pos=0.115, Neg=0.126, Gap=-0.011
2025-07-08 19:49:51,965 - INFO - Epoch 11: Total optimizer steps: 31
2025-07-08 19:53:12,887 - INFO - Validation metrics:
2025-07-08 19:53:12,887 - INFO -   Loss: 0.2233
2025-07-08 19:53:12,887 - INFO -   Average similarity: 0.6879
2025-07-08 19:53:12,887 - INFO -   Median similarity: 0.9697
2025-07-08 19:53:12,887 - INFO -   Clean sample similarity: 0.6879
2025-07-08 19:53:12,887 - INFO -   Corrupted sample similarity: 0.3701
2025-07-08 19:53:12,887 - INFO -   Similarity gap (clean - corrupt): 0.3178
2025-07-08 19:53:13,016 - INFO - Epoch 11/30 - Train Loss: 0.3047, Val Loss: 0.2233, Clean Sim: 0.6879, Corrupt Sim: 0.3701, Gap: 0.3178, Time: 988.51s
2025-07-08 20:06:26,261 - INFO - Epoch 12: Total optimizer steps: 31
2025-07-08 20:09:47,939 - INFO - Validation metrics:
2025-07-08 20:09:47,939 - INFO -   Loss: 0.2196
2025-07-08 20:09:47,939 - INFO -   Average similarity: 0.6505
2025-07-08 20:09:47,939 - INFO -   Median similarity: 0.9254
2025-07-08 20:09:47,940 - INFO -   Clean sample similarity: 0.6505
2025-07-08 20:09:47,940 - INFO -   Corrupted sample similarity: 0.3408
2025-07-08 20:09:47,940 - INFO -   Similarity gap (clean - corrupt): 0.3097
2025-07-08 20:09:48,097 - INFO - Epoch 12/30 - Train Loss: 0.2879, Val Loss: 0.2196, Clean Sim: 0.6505, Corrupt Sim: 0.3408, Gap: 0.3097, Time: 995.08s
2025-07-08 20:12:32,714 - INFO - Epoch 12 Validation Alignment: Pos=0.373, Neg=0.359, Gap=0.014
2025-07-08 20:25:49,666 - INFO - Epoch 13: Total optimizer steps: 31
2025-07-08 20:29:10,122 - INFO - Validation metrics:
2025-07-08 20:29:10,122 - INFO -   Loss: 0.2030
2025-07-08 20:29:10,122 - INFO -   Average similarity: 0.6858
2025-07-08 20:29:10,122 - INFO -   Median similarity: 0.9513
2025-07-08 20:29:10,122 - INFO -   Clean sample similarity: 0.6858
2025-07-08 20:29:10,122 - INFO -   Corrupted sample similarity: 0.3311
2025-07-08 20:29:10,122 - INFO -   Similarity gap (clean - corrupt): 0.3547
2025-07-08 20:29:10,282 - INFO - Epoch 13/30 - Train Loss: 0.2704, Val Loss: 0.2030, Clean Sim: 0.6858, Corrupt Sim: 0.3311, Gap: 0.3547, Time: 997.57s
2025-07-08 20:29:10,282 - INFO - New best validation loss: 0.2030
2025-07-08 20:29:16,896 - INFO - New best similarity gap: 0.3547
2025-07-08 20:42:34,756 - INFO - Epoch 14: Total optimizer steps: 31
2025-07-08 20:45:55,051 - INFO - Validation metrics:
2025-07-08 20:45:55,051 - INFO -   Loss: 0.1951
2025-07-08 20:45:55,051 - INFO -   Average similarity: 0.6510
2025-07-08 20:45:55,051 - INFO -   Median similarity: 0.9339
2025-07-08 20:45:55,052 - INFO -   Clean sample similarity: 0.6510
2025-07-08 20:45:55,052 - INFO -   Corrupted sample similarity: 0.2866
2025-07-08 20:45:55,052 - INFO -   Similarity gap (clean - corrupt): 0.3645
2025-07-08 20:45:55,178 - INFO - Epoch 14/30 - Train Loss: 0.2577, Val Loss: 0.1951, Clean Sim: 0.6510, Corrupt Sim: 0.2866, Gap: 0.3645, Time: 991.12s
2025-07-08 20:45:55,178 - INFO - New best validation loss: 0.1951
2025-07-08 20:46:01,791 - INFO - New best similarity gap: 0.3645
2025-07-08 20:48:54,678 - INFO - Epoch 14 Validation Alignment: Pos=0.088, Neg=0.114, Gap=-0.026
2025-07-08 21:02:15,647 - INFO - Epoch 15: Total optimizer steps: 31
2025-07-08 21:05:36,290 - INFO - Validation metrics:
2025-07-08 21:05:36,290 - INFO -   Loss: 0.2127
2025-07-08 21:05:36,290 - INFO -   Average similarity: 0.7707
2025-07-08 21:05:36,290 - INFO -   Median similarity: 0.9968
2025-07-08 21:05:36,290 - INFO -   Clean sample similarity: 0.7707
2025-07-08 21:05:36,290 - INFO -   Corrupted sample similarity: 0.4143
2025-07-08 21:05:36,290 - INFO -   Similarity gap (clean - corrupt): 0.3564
2025-07-08 21:05:36,423 - INFO - Epoch 15/30 - Train Loss: 0.2505, Val Loss: 0.2127, Clean Sim: 0.7707, Corrupt Sim: 0.4143, Gap: 0.3564, Time: 1001.74s
2025-07-08 21:18:57,262 - INFO - Epoch 16: Total optimizer steps: 31
2025-07-08 21:22:19,348 - INFO - Validation metrics:
2025-07-08 21:22:19,348 - INFO -   Loss: 0.2185
2025-07-08 21:22:19,348 - INFO -   Average similarity: 0.8315
2025-07-08 21:22:19,348 - INFO -   Median similarity: 0.9974
2025-07-08 21:22:19,348 - INFO -   Clean sample similarity: 0.8315
2025-07-08 21:22:19,348 - INFO -   Corrupted sample similarity: 0.5430
2025-07-08 21:22:19,348 - INFO -   Similarity gap (clean - corrupt): 0.2885
2025-07-08 21:22:19,481 - INFO - Epoch 16/30 - Train Loss: 0.2607, Val Loss: 0.2185, Clean Sim: 0.8315, Corrupt Sim: 0.5430, Gap: 0.2885, Time: 997.12s
2025-07-08 21:25:04,866 - INFO - Epoch 16 Validation Alignment: Pos=0.284, Neg=0.293, Gap=-0.009
2025-07-08 21:38:14,831 - INFO - Epoch 17: Total optimizer steps: 31
2025-07-08 21:41:38,115 - INFO - Validation metrics:
2025-07-08 21:41:38,116 - INFO -   Loss: 0.1998
2025-07-08 21:41:38,116 - INFO -   Average similarity: 0.5229
2025-07-08 21:41:38,116 - INFO -   Median similarity: 0.5773
2025-07-08 21:41:38,116 - INFO -   Clean sample similarity: 0.5229
2025-07-08 21:41:38,116 - INFO -   Corrupted sample similarity: 0.1940
2025-07-08 21:41:38,116 - INFO -   Similarity gap (clean - corrupt): 0.3290
2025-07-08 21:41:38,245 - INFO - Epoch 17/30 - Train Loss: 0.2678, Val Loss: 0.1998, Clean Sim: 0.5229, Corrupt Sim: 0.1940, Gap: 0.3290, Time: 993.38s
2025-07-08 21:55:21,220 - INFO - Epoch 18: Total optimizer steps: 31
2025-07-08 21:58:45,660 - INFO - Validation metrics:
2025-07-08 21:58:45,661 - INFO -   Loss: 0.1788
2025-07-08 21:58:45,661 - INFO -   Average similarity: 0.6554
2025-07-08 21:58:45,661 - INFO -   Median similarity: 0.9084
2025-07-08 21:58:45,661 - INFO -   Clean sample similarity: 0.6554
2025-07-08 21:58:45,661 - INFO -   Corrupted sample similarity: 0.2525
2025-07-08 21:58:45,661 - INFO -   Similarity gap (clean - corrupt): 0.4029
2025-07-08 21:58:45,803 - INFO - Epoch 18/30 - Train Loss: 0.2416, Val Loss: 0.1788, Clean Sim: 0.6554, Corrupt Sim: 0.2525, Gap: 0.4029, Time: 1027.56s
2025-07-08 21:58:45,803 - INFO - New best validation loss: 0.1788
2025-07-08 21:58:52,324 - INFO - New best similarity gap: 0.4029
2025-07-08 22:01:46,172 - INFO - Epoch 18 Validation Alignment: Pos=0.289, Neg=0.401, Gap=-0.112
2025-07-08 22:15:20,786 - INFO - Epoch 19: Total optimizer steps: 31
2025-07-08 22:18:43,854 - INFO - Validation metrics:
2025-07-08 22:18:43,854 - INFO -   Loss: 0.1809
2025-07-08 22:18:43,854 - INFO -   Average similarity: 0.6267
2025-07-08 22:18:43,855 - INFO -   Median similarity: 0.8694
2025-07-08 22:18:43,855 - INFO -   Clean sample similarity: 0.6267
2025-07-08 22:18:43,855 - INFO -   Corrupted sample similarity: 0.2386
2025-07-08 22:18:43,855 - INFO -   Similarity gap (clean - corrupt): 0.3880
2025-07-08 22:18:44,007 - INFO - Epoch 19/30 - Train Loss: 0.2353, Val Loss: 0.1809, Clean Sim: 0.6267, Corrupt Sim: 0.2386, Gap: 0.3880, Time: 1017.83s
2025-07-08 22:32:19,871 - INFO - Epoch 20: Total optimizer steps: 31
2025-07-08 22:35:44,411 - INFO - Validation metrics:
2025-07-08 22:35:44,411 - INFO -   Loss: 0.1768
2025-07-08 22:35:44,411 - INFO -   Average similarity: 0.7512
2025-07-08 22:35:44,411 - INFO -   Median similarity: 0.9802
2025-07-08 22:35:44,412 - INFO -   Clean sample similarity: 0.7512
2025-07-08 22:35:44,412 - INFO -   Corrupted sample similarity: 0.3368
2025-07-08 22:35:44,412 - INFO -   Similarity gap (clean - corrupt): 0.4145
2025-07-08 22:35:44,538 - INFO - Epoch 20/30 - Train Loss: 0.2285, Val Loss: 0.1768, Clean Sim: 0.7512, Corrupt Sim: 0.3368, Gap: 0.4145, Time: 1020.53s
2025-07-08 22:35:44,539 - INFO - New best validation loss: 0.1768
2025-07-08 22:35:51,145 - INFO - New best similarity gap: 0.4145
2025-07-08 22:38:48,793 - INFO - Epoch 20 Validation Alignment: Pos=0.206, Neg=0.278, Gap=-0.072
2025-07-08 22:52:14,311 - INFO - Epoch 21: Total optimizer steps: 31
2025-07-08 22:55:39,526 - INFO - Validation metrics:
2025-07-08 22:55:39,526 - INFO -   Loss: 0.1784
2025-07-08 22:55:39,526 - INFO -   Average similarity: 0.7023
2025-07-08 22:55:39,526 - INFO -   Median similarity: 0.9643
2025-07-08 22:55:39,526 - INFO -   Clean sample similarity: 0.7023
2025-07-08 22:55:39,526 - INFO -   Corrupted sample similarity: 0.2781
2025-07-08 22:55:39,526 - INFO -   Similarity gap (clean - corrupt): 0.4242
2025-07-08 22:55:39,694 - INFO - Epoch 21/30 - Train Loss: 0.2252, Val Loss: 0.1784, Clean Sim: 0.7023, Corrupt Sim: 0.2781, Gap: 0.4242, Time: 1010.90s
2025-07-08 22:55:39,694 - INFO - New best similarity gap: 0.4242
2025-07-08 23:09:19,311 - INFO - Epoch 22: Total optimizer steps: 31
2025-07-08 23:12:43,795 - INFO - Validation metrics:
2025-07-08 23:12:43,795 - INFO -   Loss: 0.1784
2025-07-08 23:12:43,795 - INFO -   Average similarity: 0.5666
2025-07-08 23:12:43,795 - INFO -   Median similarity: 0.7081
2025-07-08 23:12:43,795 - INFO -   Clean sample similarity: 0.5666
2025-07-08 23:12:43,795 - INFO -   Corrupted sample similarity: 0.2019
2025-07-08 23:12:43,795 - INFO -   Similarity gap (clean - corrupt): 0.3647
2025-07-08 23:12:43,923 - INFO - Epoch 22/30 - Train Loss: 0.2255, Val Loss: 0.1784, Clean Sim: 0.5666, Corrupt Sim: 0.2019, Gap: 0.3647, Time: 1017.77s
2025-07-08 23:15:32,870 - INFO - Epoch 22 Validation Alignment: Pos=0.304, Neg=0.423, Gap=-0.119
