[0;34m[INFO][0m 🚫 NO-STOP MODE: Will skip stopping VastAI instance
[0;34m[INFO][0m 🔍 Checking prerequisites...
[0;34m[INFO][0m GPU detected: NVIDIA H200
[0;32m[SUCCESS][0m Prerequisites check passed ✅
[0;34m[INFO][0m 🚀 Starting Whisper training...
[0;34m[INFO][0m Script: hf_trainer_complete.py
[0;34m[INFO][0m Model: whisper-tiny-mixed-pt
[0;34m[INFO][0m Log file: training_20250715_123158.log
[0;34m[INFO][0m 📤 HF Hub push: Automatic (via push_to_hub=True)
─────────────────────────────────────────
True
0
NVIDIA H200
True
Traceback (most recent call last):
  File "/root/speech_transcript_embeddings/training_ASR/hf_trainer_complete.py", line 13, in <module>
    from datasets import save_to_disk
ImportError: cannot import name 'save_to_disk' from 'datasets' (/root/speech_transcript_embeddings/.venv/lib/python3.11/site-packages/datasets/__init__.py)
[0;32m[SUCCESS][0m Training completed successfully! 🎉
[0;34m[INFO][0m 📤 Model automatically pushed to Hub during training
[0;32m[SUCCESS][0m 🎉 TRAINING COMPLETED!
[0;34m[INFO][0m 📊 Model: whisper-tiny-mixed-pt
[0;34m[INFO][0m 📁 Local path: /root/speech_transcript_embeddings/training_ASR/trained_models/whisper-tiny-mixed-pt
[0;34m[INFO][0m 🔗 Hub URL: https://huggingface.co/yuriyvnv/whisper-tiny-mixed-pt
[0;34m[INFO][0m 📋 Log file: training_20250715_123158.log
[0;34m[INFO][0m 🚫 Skipping VastAI instance stop (--no-stop mode)
[0;32m[SUCCESS][0m 🎉 Training completed! Instance still running.
