[0;34m[INFO][0m 🔍 Checking prerequisites...
[0;34m[INFO][0m GPU detected: NVIDIA H200
[0;32m[SUCCESS][0m Prerequisites check passed ✅
[0;34m[INFO][0m 🚀 Starting Whisper training...
[0;34m[INFO][0m Script: hf_trainer_complete.py
[0;34m[INFO][0m Model: whisper-tiny-mixed-pt
[0;34m[INFO][0m Log file: training_20250715_083638.log
[0;34m[INFO][0m 📤 HF Hub push: Automatic (via push_to_hub=True)
─────────────────────────────────────────
True
0
NVIDIA H200
True
Traceback (most recent call last):
  File "/root/speech_transcript_embeddings/training_ASR/hf_trainer_complete.py", line 32, in <module>
    os.environ["WANDB_API_KEY"] = os.getenv("WANDB_API_KEY")
    ~~~~~~~~~~^^^^^^^^^^^^^^^^^
  File "<frozen os>", line 684, in __setitem__
  File "<frozen os>", line 758, in encode
TypeError: str expected, not NoneType
[0;32m[SUCCESS][0m Training completed successfully! 🎉
[0;34m[INFO][0m 📤 Model automatically pushed to Hub during training
[0;32m[SUCCESS][0m 🎉 TRAINING COMPLETED!
[0;34m[INFO][0m 📊 Model: whisper-tiny-mixed-pt
[0;34m[INFO][0m 📁 Local path: /root/speech_transcript_embeddings/training_ASR/trained_models/whisper-tiny-mixed-pt
[0;34m[INFO][0m 🔗 Hub URL: https://huggingface.co/yuriyvnv/whisper-tiny-mixed-pt
[0;34m[INFO][0m 📋 Log file: training_20250715_083638.log
[0;34m[INFO][0m 🛑 Stopping VastAI instance to save costs...
[0;34m[INFO][0m 🛑 Stopping VastAI instance...
[0;34m[INFO][0m Instance ID: 23121547
stopping instance 23121547.
[0;32m[SUCCESS][0m ✅ VastAI instance stopped successfully!
[0;34m[INFO][0m 💰 Instance 23121547 has been stopped to save costs
[0;32m[SUCCESS][0m 🎉 All done! Your model is trained and instance stopped!
[0;34m[INFO][0m 🧹 Cleaning up temporary files...
