
2025-07-09 22:32:08,685 - INFO - Training with parameters:
2025-07-09 22:32:08,685 - INFO -   Text model: sentence-transformers/paraphrase-multilingual-mpnet-base-v2
2025-07-09 22:32:08,685 - INFO -   Audio model: facebook/w2v-bert-2.0
2025-07-09 22:32:08,685 - INFO -   Freeze encoders: partial
2025-07-09 22:32:08,685 - INFO -   Text layers to unfreeze: 3
2025-07-09 22:32:08,685 - INFO -   Audio layers to unfreeze: 3
2025-07-09 22:32:08,685 - INFO -   Use cross-modal attention: False
2025-07-09 22:32:08,685 - INFO -   Use attentive pooling: False
2025-07-09 22:32:08,685 - INFO -   Use word-level alignment: True
2025-07-09 22:32:08,685 - INFO -   Batch size: 48
2025-07-09 22:32:08,685 - INFO -   Gradient accumulation steps: 15
2025-07-09 22:32:08,685 - INFO -   Effective batch size: 720
2025-07-09 22:32:08,685 - INFO -   Mixed precision training: False
2025-07-09 22:32:08,685 - INFO -   Learning rate: 0.0008
2025-07-09 22:32:08,685 - INFO -   Temperature: 0.1
2025-07-09 22:32:08,686 - INFO -   Projection dimension: 768
2025-07-09 22:32:08,686 - INFO -   Training samples: 21968
2025-07-09 22:32:08,686 - INFO -   Validation samples: 9464
2025-07-09 22:32:08,686 - INFO -   Test samples: 9467
2025-07-09 22:32:08,686 - INFO -   Max audio length: 480000 samples (30.00 seconds at 16kHz)
2025-07-09 22:32:08,686 - INFO - Loading tokenizer and feature extractor...
2025-07-09 22:32:09,636 - INFO - Feature extractor output keys: ['input_features', 'attention_mask']
2025-07-09 22:32:09,637 - INFO - Creating datasets...
2025-07-09 22:32:09,637 - INFO - Feature extractor output keys: ['input_features', 'attention_mask']
2025-07-09 22:32:09,637 - INFO - Feature extractor output keys: ['input_features', 'attention_mask']
2025-07-09 22:32:09,638 - INFO - Feature extractor output keys: ['input_features', 'attention_mask']
2025-07-09 22:32:09,638 - INFO - Creating data loaders...
2025-07-09 22:32:09,638 - INFO - Checking a sample batch...
2025-07-09 22:32:28,093 - INFO -   input_ids_pos: torch.Size([48, 128])
2025-07-09 22:32:28,093 - INFO -   attention_mask_pos: torch.Size([48, 128])
2025-07-09 22:32:28,093 - INFO -   input_ids_neg: torch.Size([48, 128])
2025-07-09 22:32:28,093 - INFO -   attention_mask_neg: torch.Size([48, 128])
2025-07-09 22:32:28,093 - INFO -   input_values: torch.Size([48, 473, 160])
2025-07-09 22:32:28,093 - INFO -   attention_mask_audio: torch.Size([48, 473])
2025-07-09 22:32:28,093 - INFO -   is_corrupted: torch.Size([48])
2025-07-09 22:32:28,093 - INFO - Initializing model...
2025-07-09 22:32:28,838 - INFO - Text encoder hidden dim: 768
2025-07-09 22:32:28,838 - INFO - Audio encoder hidden dim: 1024
2025-07-09 22:32:28,838 - INFO - Partial freezing: unfreezing last 3 text layers and 3 audio layers
2025-07-09 22:32:28,838 - INFO - Unfreezing text encoder layer 9
2025-07-09 22:32:28,838 - INFO - Unfreezing text encoder layer 10
2025-07-09 22:32:28,838 - INFO - Unfreezing text encoder layer 11
2025-07-09 22:32:28,839 - INFO - Unfreezing audio encoder layer 21
2025-07-09 22:32:28,839 - INFO - Unfreezing audio encoder layer 22
2025-07-09 22:32:28,839 - INFO - Unfreezing audio encoder layer 23
2025-07-09 22:32:28,951 - INFO - Model initialized with 308,221,186 trainable parameters out of 879,798,082 total
2025-07-09 22:32:29,768 - INFO - Using discriminative learning rates: encoder_lr=4e-05, main_lr=0.0008
2025-07-09 22:32:29,768 - INFO - Encoder parameters: 156, Non-encoder parameters: 37
2025-07-09 22:32:29,769 - INFO - Scheduler setup:
2025-07-09 22:32:29,769 - INFO -   Batches per epoch: 457
2025-07-09 22:32:29,769 - INFO -   Accumulation steps: 15
2025-07-09 22:32:29,769 - INFO -   Optimizer steps per epoch: 31
2025-07-09 22:32:29,769 - INFO -   Total optimizer steps: 930
2025-07-09 22:32:29,769 - INFO -   Warmup steps: 1000
2025-07-09 22:32:29,769 - INFO - Validating gradient accumulation setup...
2025-07-09 22:32:29,769 - INFO - Validating gradient accumulation with 15 steps...
2025-07-09 22:32:48,353 - WARNING - Not enough test batches (10) for accumulation_steps (15)
2025-07-09 22:32:48,354 - INFO - Starting training for 30 epochs
2025-07-09 22:45:46,448 - INFO - Epoch 1: Total optimizer steps: 31
2025-07-09 22:49:04,072 - INFO - Validation metrics:
2025-07-09 22:49:04,072 - INFO -   Loss: 1.2454
2025-07-09 22:49:04,072 - INFO -   Average similarity: 0.2764
2025-07-09 22:49:04,072 - INFO -   Median similarity: 0.1949
2025-07-09 22:49:04,072 - INFO -   Clean sample similarity: 0.2764
2025-07-09 22:49:04,072 - INFO -   Corrupted sample similarity: 0.2106
2025-07-09 22:49:04,072 - INFO -   Similarity gap (clean - corrupt): 0.0657
2025-07-09 22:49:04,184 - INFO - Epoch 1/30 - Train Loss: 1.3542, Val Loss: 1.2454, Clean Sim: 0.2764, Corrupt Sim: 0.2106, Gap: 0.0657, Time: 975.83s
2025-07-09 22:49:04,184 - INFO - New best validation loss: 1.2454
2025-07-09 22:49:10,407 - INFO - New best similarity gap: 0.0657
2025-07-09 23:02:12,056 - INFO - Epoch 2: Total optimizer steps: 31
2025-07-09 23:05:30,051 - INFO - Validation metrics:
2025-07-09 23:05:30,051 - INFO -   Loss: 1.0971
2025-07-09 23:05:30,051 - INFO -   Average similarity: 0.2774
2025-07-09 23:05:30,051 - INFO -   Median similarity: 0.1344
2025-07-09 23:05:30,051 - INFO -   Clean sample similarity: 0.2774
2025-07-09 23:05:30,051 - INFO -   Corrupted sample similarity: 0.1602
2025-07-09 23:05:30,051 - INFO -   Similarity gap (clean - corrupt): 0.1173
2025-07-09 23:05:30,160 - INFO - Epoch 2/30 - Train Loss: 1.2040, Val Loss: 1.0971, Clean Sim: 0.2774, Corrupt Sim: 0.1602, Gap: 0.1173, Time: 973.48s
2025-07-09 23:05:30,160 - INFO - New best validation loss: 1.0971
2025-07-09 23:05:37,052 - INFO - New best similarity gap: 0.1173
2025-07-09 23:08:23,974 - INFO - Epoch 2 Validation Alignment: Pos=0.033, Neg=0.036, Gap=-0.003
2025-07-09 23:21:21,174 - INFO - Epoch 3: Total optimizer steps: 31
2025-07-09 23:24:37,844 - INFO - Validation metrics:
2025-07-09 23:24:37,844 - INFO -   Loss: 1.0652
2025-07-09 23:24:37,844 - INFO -   Average similarity: 0.5089
2025-07-09 23:24:37,844 - INFO -   Median similarity: 0.5638
2025-07-09 23:24:37,844 - INFO -   Clean sample similarity: 0.5089
2025-07-09 23:24:37,844 - INFO -   Corrupted sample similarity: 0.3110
2025-07-09 23:24:37,844 - INFO -   Similarity gap (clean - corrupt): 0.1979
2025-07-09 23:24:37,948 - INFO - Epoch 3/30 - Train Loss: 1.1303, Val Loss: 1.0652, Clean Sim: 0.5089, Corrupt Sim: 0.3110, Gap: 0.1979, Time: 973.97s
2025-07-09 23:24:37,948 - INFO - New best validation loss: 1.0652
2025-07-09 23:24:44,684 - INFO - New best similarity gap: 0.1979
2025-07-09 23:37:50,725 - INFO - Epoch 4: Total optimizer steps: 31
2025-07-09 23:41:07,665 - INFO - Validation metrics:
2025-07-09 23:41:07,665 - INFO -   Loss: 1.0042
2025-07-09 23:41:07,665 - INFO -   Average similarity: 0.6063
2025-07-09 23:41:07,665 - INFO -   Median similarity: 0.8456
2025-07-09 23:41:07,665 - INFO -   Clean sample similarity: 0.6063
2025-07-09 23:41:07,665 - INFO -   Corrupted sample similarity: 0.3774
2025-07-09 23:41:07,665 - INFO -   Similarity gap (clean - corrupt): 0.2289
2025-07-09 23:41:07,783 - INFO - Epoch 4/30 - Train Loss: 1.0763, Val Loss: 1.0042, Clean Sim: 0.6063, Corrupt Sim: 0.3774, Gap: 0.2289, Time: 975.89s
2025-07-09 23:41:07,783 - INFO - New best validation loss: 1.0042
2025-07-09 23:41:14,531 - INFO - New best similarity gap: 0.2289
2025-07-09 23:44:00,916 - INFO - Epoch 4 Validation Alignment: Pos=0.103, Neg=0.104, Gap=-0.001
2025-07-09 23:57:00,978 - INFO - Epoch 5: Total optimizer steps: 31
2025-07-10 00:00:18,761 - INFO - Validation metrics:
2025-07-10 00:00:18,761 - INFO -   Loss: 0.9632
2025-07-10 00:00:18,761 - INFO -   Average similarity: 0.5468
2025-07-10 00:00:18,761 - INFO -   Median similarity: 0.6937
2025-07-10 00:00:18,761 - INFO -   Clean sample similarity: 0.5468
2025-07-10 00:00:18,761 - INFO -   Corrupted sample similarity: 0.2854
2025-07-10 00:00:18,761 - INFO -   Similarity gap (clean - corrupt): 0.2614
2025-07-10 00:00:18,893 - INFO - Epoch 5/30 - Train Loss: 1.0392, Val Loss: 0.9632, Clean Sim: 0.5468, Corrupt Sim: 0.2854, Gap: 0.2614, Time: 977.98s
2025-07-10 00:00:18,893 - INFO - New best validation loss: 0.9632
2025-07-10 00:00:25,659 - INFO - New best similarity gap: 0.2614
2025-07-10 00:13:29,119 - INFO - Epoch 6: Total optimizer steps: 31
2025-07-10 00:16:45,323 - INFO - Validation metrics:
2025-07-10 00:16:45,323 - INFO -   Loss: 0.9542
2025-07-10 00:16:45,323 - INFO -   Average similarity: 0.6571
2025-07-10 00:16:45,323 - INFO -   Median similarity: 0.9225
2025-07-10 00:16:45,323 - INFO -   Clean sample similarity: 0.6571
2025-07-10 00:16:45,323 - INFO -   Corrupted sample similarity: 0.3739
2025-07-10 00:16:45,323 - INFO -   Similarity gap (clean - corrupt): 0.2832
2025-07-10 00:16:45,420 - INFO - Epoch 6/30 - Train Loss: 1.0232, Val Loss: 0.9542, Clean Sim: 0.6571, Corrupt Sim: 0.3739, Gap: 0.2832, Time: 972.35s
2025-07-10 00:16:45,420 - INFO - New best validation loss: 0.9542
2025-07-10 00:16:52,234 - INFO - New best similarity gap: 0.2832
2025-07-10 00:19:38,978 - INFO - Epoch 6 Validation Alignment: Pos=0.127, Neg=0.132, Gap=-0.005
2025-07-10 00:32:52,471 - INFO - Epoch 7: Total optimizer steps: 31
2025-07-10 00:36:11,239 - INFO - Validation metrics:
2025-07-10 00:36:11,239 - INFO -   Loss: 0.9425
2025-07-10 00:36:11,239 - INFO -   Average similarity: 0.6470
2025-07-10 00:36:11,239 - INFO -   Median similarity: 0.9189
2025-07-10 00:36:11,239 - INFO -   Clean sample similarity: 0.6470
2025-07-10 00:36:11,240 - INFO -   Corrupted sample similarity: 0.3517
2025-07-10 00:36:11,240 - INFO -   Similarity gap (clean - corrupt): 0.2952
2025-07-10 00:36:11,366 - INFO - Epoch 7/30 - Train Loss: 0.9993, Val Loss: 0.9425, Clean Sim: 0.6470, Corrupt Sim: 0.3517, Gap: 0.2952, Time: 992.39s
2025-07-10 00:36:11,366 - INFO - New best validation loss: 0.9425
2025-07-10 00:36:18,154 - INFO - New best similarity gap: 0.2952
2025-07-10 00:49:29,271 - INFO - Epoch 8: Total optimizer steps: 31
2025-07-10 00:52:47,345 - INFO - Validation metrics:
2025-07-10 00:52:47,346 - INFO -   Loss: 0.9316
2025-07-10 00:52:47,346 - INFO -   Average similarity: 0.6575
2025-07-10 00:52:47,346 - INFO -   Median similarity: 0.9413
2025-07-10 00:52:47,346 - INFO -   Clean sample similarity: 0.6575
2025-07-10 00:52:47,346 - INFO -   Corrupted sample similarity: 0.3461
2025-07-10 00:52:47,346 - INFO -   Similarity gap (clean - corrupt): 0.3114
2025-07-10 00:52:47,473 - INFO - Epoch 8/30 - Train Loss: 0.9927, Val Loss: 0.9316, Clean Sim: 0.6575, Corrupt Sim: 0.3461, Gap: 0.3114, Time: 982.17s
2025-07-10 00:52:47,474 - INFO - New best validation loss: 0.9316
2025-07-10 00:52:54,322 - INFO - New best similarity gap: 0.3114
2025-07-10 00:55:40,325 - INFO - Epoch 8 Validation Alignment: Pos=0.106, Neg=0.110, Gap=-0.003
2025-07-10 01:08:38,028 - INFO - Epoch 9: Total optimizer steps: 31
2025-07-10 01:11:57,502 - INFO - Validation metrics:
2025-07-10 01:11:57,503 - INFO -   Loss: 0.9158
2025-07-10 01:11:57,503 - INFO -   Average similarity: 0.6491
2025-07-10 01:11:57,503 - INFO -   Median similarity: 0.9337
2025-07-10 01:11:57,503 - INFO -   Clean sample similarity: 0.6491
2025-07-10 01:11:57,503 - INFO -   Corrupted sample similarity: 0.3275
2025-07-10 01:11:57,503 - INFO -   Similarity gap (clean - corrupt): 0.3216
2025-07-10 01:11:57,620 - INFO - Epoch 9/30 - Train Loss: 0.9774, Val Loss: 0.9158, Clean Sim: 0.6491, Corrupt Sim: 0.3275, Gap: 0.3216, Time: 977.29s
2025-07-10 01:11:57,620 - INFO - New best validation loss: 0.9158
2025-07-10 01:12:04,388 - INFO - New best similarity gap: 0.3216
2025-07-10 01:25:08,672 - INFO - Epoch 10: Total optimizer steps: 31
2025-07-10 01:28:27,826 - INFO - Validation metrics:
2025-07-10 01:28:27,826 - INFO -   Loss: 0.9193
2025-07-10 01:28:27,826 - INFO -   Average similarity: 0.6925
2025-07-10 01:28:27,826 - INFO -   Median similarity: 0.9633
2025-07-10 01:28:27,826 - INFO -   Clean sample similarity: 0.6925
2025-07-10 01:28:27,826 - INFO -   Corrupted sample similarity: 0.3456
2025-07-10 01:28:27,826 - INFO -   Similarity gap (clean - corrupt): 0.3469
2025-07-10 01:28:27,940 - INFO - Epoch 10/30 - Train Loss: 0.9767, Val Loss: 0.9193, Clean Sim: 0.6925, Corrupt Sim: 0.3456, Gap: 0.3469, Time: 976.37s
2025-07-10 01:28:27,940 - INFO - New best similarity gap: 0.3469
2025-07-10 01:31:13,889 - INFO - Epoch 10 Validation Alignment: Pos=0.129, Neg=0.132, Gap=-0.002
2025-07-10 01:44:13,399 - INFO - Epoch 11: Total optimizer steps: 31
2025-07-10 01:47:30,671 - INFO - Validation metrics:
2025-07-10 01:47:30,672 - INFO -   Loss: 0.9081
2025-07-10 01:47:30,672 - INFO -   Average similarity: 0.7100
2025-07-10 01:47:30,672 - INFO -   Median similarity: 0.9671
2025-07-10 01:47:30,672 - INFO -   Clean sample similarity: 0.7100
2025-07-10 01:47:30,672 - INFO -   Corrupted sample similarity: 0.3776
2025-07-10 01:47:30,672 - INFO -   Similarity gap (clean - corrupt): 0.3324
2025-07-10 01:47:30,767 - INFO - Epoch 11/30 - Train Loss: 0.9685, Val Loss: 0.9081, Clean Sim: 0.7100, Corrupt Sim: 0.3776, Gap: 0.3324, Time: 976.88s
2025-07-10 01:47:30,767 - INFO - New best validation loss: 0.9081
2025-07-10 02:00:36,533 - INFO - Epoch 12: Total optimizer steps: 31
2025-07-10 02:03:53,185 - INFO - Validation metrics:
2025-07-10 02:03:53,186 - INFO -   Loss: 0.9014
2025-07-10 02:03:53,186 - INFO -   Average similarity: 0.6644
2025-07-10 02:03:53,186 - INFO -   Median similarity: 0.9332
2025-07-10 02:03:53,186 - INFO -   Clean sample similarity: 0.6644
2025-07-10 02:03:53,186 - INFO -   Corrupted sample similarity: 0.3251
2025-07-10 02:03:53,186 - INFO -   Similarity gap (clean - corrupt): 0.3392
2025-07-10 02:03:53,295 - INFO - Epoch 12/30 - Train Loss: 0.9597, Val Loss: 0.9014, Clean Sim: 0.6644, Corrupt Sim: 0.3251, Gap: 0.3392, Time: 975.77s
2025-07-10 02:03:53,296 - INFO - New best validation loss: 0.9014
2025-07-10 02:06:39,718 - INFO - Epoch 12 Validation Alignment: Pos=0.243, Neg=0.242, Gap=0.002
2025-07-10 02:19:40,337 - INFO - Epoch 13: Total optimizer steps: 31
2025-07-10 02:22:58,685 - INFO - Validation metrics:
2025-07-10 02:22:58,685 - INFO -   Loss: 0.9034
2025-07-10 02:22:58,685 - INFO -   Average similarity: 0.7095
2025-07-10 02:22:58,685 - INFO -   Median similarity: 0.9732
2025-07-10 02:22:58,685 - INFO -   Clean sample similarity: 0.7095
2025-07-10 02:22:58,685 - INFO -   Corrupted sample similarity: 0.3658
2025-07-10 02:22:58,685 - INFO -   Similarity gap (clean - corrupt): 0.3437
2025-07-10 02:22:58,803 - INFO - Epoch 13/30 - Train Loss: 0.9503, Val Loss: 0.9034, Clean Sim: 0.7095, Corrupt Sim: 0.3658, Gap: 0.3437, Time: 979.08s
2025-07-10 02:36:03,563 - INFO - Epoch 14: Total optimizer steps: 31
2025-07-10 02:39:20,377 - INFO - Validation metrics:
2025-07-10 02:39:20,377 - INFO -   Loss: 0.8906
2025-07-10 02:39:20,377 - INFO -   Average similarity: 0.6434
2025-07-10 02:39:20,377 - INFO -   Median similarity: 0.8872
2025-07-10 02:39:20,377 - INFO -   Clean sample similarity: 0.6434
2025-07-10 02:39:20,377 - INFO -   Corrupted sample similarity: 0.2860
2025-07-10 02:39:20,377 - INFO -   Similarity gap (clean - corrupt): 0.3574
2025-07-10 02:39:20,481 - INFO - Epoch 14/30 - Train Loss: 0.9453, Val Loss: 0.8906, Clean Sim: 0.6434, Corrupt Sim: 0.2860, Gap: 0.3574, Time: 981.68s
2025-07-10 02:39:20,482 - INFO - New best validation loss: 0.8906
2025-07-10 02:39:27,147 - INFO - New best similarity gap: 0.3574
2025-07-10 02:42:12,903 - INFO - Epoch 14 Validation Alignment: Pos=0.290, Neg=0.280, Gap=0.009
2025-07-10 02:55:25,427 - INFO - Epoch 15: Total optimizer steps: 31
2025-07-10 02:58:44,740 - INFO - Validation metrics:
2025-07-10 02:58:44,740 - INFO -   Loss: 0.8799
2025-07-10 02:58:44,740 - INFO -   Average similarity: 0.6542
2025-07-10 02:58:44,740 - INFO -   Median similarity: 0.9116
2025-07-10 02:58:44,740 - INFO -   Clean sample similarity: 0.6542
2025-07-10 02:58:44,740 - INFO -   Corrupted sample similarity: 0.2821
2025-07-10 02:58:44,740 - INFO -   Similarity gap (clean - corrupt): 0.3721
2025-07-10 02:58:44,847 - INFO - Epoch 15/30 - Train Loss: 0.9376, Val Loss: 0.8799, Clean Sim: 0.6542, Corrupt Sim: 0.2821, Gap: 0.3721, Time: 991.94s
2025-07-10 02:58:44,847 - INFO - New best validation loss: 0.8799
2025-07-10 02:58:51,434 - INFO - New best similarity gap: 0.3721
2025-07-10 03:12:07,337 - INFO - Epoch 16: Total optimizer steps: 31
2025-07-10 03:15:26,273 - INFO - Validation metrics:
2025-07-10 03:15:26,273 - INFO -   Loss: 0.8789
2025-07-10 03:15:26,273 - INFO -   Average similarity: 0.6845
2025-07-10 03:15:26,273 - INFO -   Median similarity: 0.9488
2025-07-10 03:15:26,273 - INFO -   Clean sample similarity: 0.6845
2025-07-10 03:15:26,273 - INFO -   Corrupted sample similarity: 0.3025
2025-07-10 03:15:26,273 - INFO -   Similarity gap (clean - corrupt): 0.3820
2025-07-10 03:15:26,397 - INFO - Epoch 16/30 - Train Loss: 0.9321, Val Loss: 0.8789, Clean Sim: 0.6845, Corrupt Sim: 0.3025, Gap: 0.3820, Time: 982.34s
2025-07-10 03:15:26,397 - INFO - New best validation loss: 0.8789
2025-07-10 03:15:32,989 - INFO - New best similarity gap: 0.3820
2025-07-10 03:18:19,264 - INFO - Epoch 16 Validation Alignment: Pos=0.409, Neg=0.390, Gap=0.018
2025-07-10 03:31:32,800 - INFO - Epoch 17: Total optimizer steps: 31
2025-07-10 03:34:51,239 - INFO - Validation metrics:
2025-07-10 03:34:51,239 - INFO -   Loss: 0.8720
2025-07-10 03:34:51,239 - INFO -   Average similarity: 0.6368
2025-07-10 03:34:51,239 - INFO -   Median similarity: 0.8850
2025-07-10 03:34:51,239 - INFO -   Clean sample similarity: 0.6368
2025-07-10 03:34:51,239 - INFO -   Corrupted sample similarity: 0.2525
2025-07-10 03:34:51,239 - INFO -   Similarity gap (clean - corrupt): 0.3842
2025-07-10 03:34:51,340 - INFO - Epoch 17/30 - Train Loss: 0.9247, Val Loss: 0.8720, Clean Sim: 0.6368, Corrupt Sim: 0.2525, Gap: 0.3842, Time: 992.08s
2025-07-10 03:34:51,340 - INFO - New best validation loss: 0.8720
2025-07-10 03:34:57,982 - INFO - New best similarity gap: 0.3842
2025-07-10 03:48:10,025 - INFO - Epoch 18: Total optimizer steps: 31
2025-07-10 03:51:29,652 - INFO - Validation metrics:
2025-07-10 03:51:29,653 - INFO -   Loss: 0.8739
2025-07-10 03:51:29,653 - INFO -   Average similarity: 0.7631
2025-07-10 03:51:29,653 - INFO -   Median similarity: 0.9825
2025-07-10 03:51:29,653 - INFO -   Clean sample similarity: 0.7631
2025-07-10 03:51:29,653 - INFO -   Corrupted sample similarity: 0.3735
2025-07-10 03:51:29,653 - INFO -   Similarity gap (clean - corrupt): 0.3895
2025-07-10 03:51:29,767 - INFO - Epoch 18/30 - Train Loss: 0.9223, Val Loss: 0.8739, Clean Sim: 0.7631, Corrupt Sim: 0.3735, Gap: 0.3895, Time: 984.98s
2025-07-10 03:51:29,768 - INFO - New best similarity gap: 0.3895
2025-07-10 03:54:14,872 - INFO - Epoch 18 Validation Alignment: Pos=0.425, Neg=0.353, Gap=0.071
2025-07-10 04:07:21,920 - INFO - Epoch 19: Total optimizer steps: 31
2025-07-10 04:10:41,384 - INFO - Validation metrics:
2025-07-10 04:10:41,384 - INFO -   Loss: 0.8699
2025-07-10 04:10:41,384 - INFO -   Average similarity: 0.6945
2025-07-10 04:10:41,384 - INFO -   Median similarity: 0.9505
2025-07-10 04:10:41,384 - INFO -   Clean sample similarity: 0.6945
2025-07-10 04:10:41,384 - INFO -   Corrupted sample similarity: 0.2946
2025-07-10 04:10:41,384 - INFO -   Similarity gap (clean - corrupt): 0.3999
2025-07-10 04:10:41,524 - INFO - Epoch 19/30 - Train Loss: 0.9178, Val Loss: 0.8699, Clean Sim: 0.6945, Corrupt Sim: 0.2946, Gap: 0.3999, Time: 986.65s
2025-07-10 04:10:41,524 - INFO - New best validation loss: 0.8699
2025-07-10 04:10:48,178 - INFO - New best similarity gap: 0.3999
2025-07-10 04:24:01,760 - INFO - Epoch 20: Total optimizer steps: 31
2025-07-10 04:27:18,832 - INFO - Validation metrics:
2025-07-10 04:27:18,832 - INFO -   Loss: 0.8609
2025-07-10 04:27:18,832 - INFO -   Average similarity: 0.7276
2025-07-10 04:27:18,832 - INFO -   Median similarity: 0.9716
2025-07-10 04:27:18,832 - INFO -   Clean sample similarity: 0.7276
2025-07-10 04:27:18,832 - INFO -   Corrupted sample similarity: 0.3063
2025-07-10 04:27:18,832 - INFO -   Similarity gap (clean - corrupt): 0.4213
2025-07-10 04:27:18,934 - INFO - Epoch 20/30 - Train Loss: 0.9191, Val Loss: 0.8609, Clean Sim: 0.7276, Corrupt Sim: 0.3063, Gap: 0.4213, Time: 983.77s
2025-07-10 04:27:18,934 - INFO - New best validation loss: 0.8609
2025-07-10 04:27:25,626 - INFO - New best similarity gap: 0.4213
2025-07-10 04:30:11,277 - INFO - Epoch 20 Validation Alignment: Pos=0.512, Neg=0.445, Gap=0.068
2025-07-10 04:43:17,170 - INFO - Epoch 21: Total optimizer steps: 31
2025-07-10 04:46:35,531 - INFO - Validation metrics:
2025-07-10 04:46:35,532 - INFO -   Loss: 0.8676
2025-07-10 04:46:35,532 - INFO -   Average similarity: 0.6555
2025-07-10 04:46:35,532 - INFO -   Median similarity: 0.9001
2025-07-10 04:46:35,532 - INFO -   Clean sample similarity: 0.6555
2025-07-10 04:46:35,532 - INFO -   Corrupted sample similarity: 0.2447
2025-07-10 04:46:35,532 - INFO -   Similarity gap (clean - corrupt): 0.4108
2025-07-10 04:46:35,664 - INFO - Epoch 21/30 - Train Loss: 0.9089, Val Loss: 0.8676, Clean Sim: 0.6555, Corrupt Sim: 0.2447, Gap: 0.4108, Time: 984.39s
2025-07-10 04:59:40,589 - INFO - Epoch 22: Total optimizer steps: 31
2025-07-10 05:02:58,948 - INFO - Validation metrics:
2025-07-10 05:02:58,949 - INFO -   Loss: 0.8574
2025-07-10 05:02:58,949 - INFO -   Average similarity: 0.6920
2025-07-10 05:02:58,949 - INFO -   Median similarity: 0.9524
2025-07-10 05:02:58,949 - INFO -   Clean sample similarity: 0.6920
2025-07-10 05:02:58,949 - INFO -   Corrupted sample similarity: 0.2599
2025-07-10 05:02:58,949 - INFO -   Similarity gap (clean - corrupt): 0.4321
2025-07-10 05:02:59,068 - INFO - Epoch 22/30 - Train Loss: 0.9094, Val Loss: 0.8574, Clean Sim: 0.6920, Corrupt Sim: 0.2599, Gap: 0.4321, Time: 983.40s
2025-07-10 05:02:59,068 - INFO - New best validation loss: 0.8574
2025-07-10 05:03:05,780 - INFO - New best similarity gap: 0.4321
2025-07-10 05:05:51,567 - INFO - Epoch 22 Validation Alignment: Pos=0.585, Neg=0.510, Gap=0.075
2025-07-10 05:19:08,353 - INFO - Epoch 23: Total optimizer steps: 31
2025-07-10 05:22:25,843 - INFO - Validation metrics:
2025-07-10 05:22:25,844 - INFO -   Loss: 0.8499
2025-07-10 05:22:25,844 - INFO -   Average similarity: 0.7163
2025-07-10 05:22:25,844 - INFO -   Median similarity: 0.9669
2025-07-10 05:22:25,844 - INFO -   Clean sample similarity: 0.7163
2025-07-10 05:22:25,844 - INFO -   Corrupted sample similarity: 0.2753
2025-07-10 05:22:25,844 - INFO -   Similarity gap (clean - corrupt): 0.4409
2025-07-10 05:22:25,960 - INFO - Epoch 23/30 - Train Loss: 0.9057, Val Loss: 0.8499, Clean Sim: 0.7163, Corrupt Sim: 0.2753, Gap: 0.4409, Time: 994.39s
2025-07-10 05:22:25,960 - INFO - New best validation loss: 0.8499
2025-07-10 05:22:32,621 - INFO - New best similarity gap: 0.4409
2025-07-10 05:35:44,148 - INFO - Epoch 24: Total optimizer steps: 31
2025-07-10 05:39:03,275 - INFO - Validation metrics:
2025-07-10 05:39:03,275 - INFO -   Loss: 0.8558
2025-07-10 05:39:03,275 - INFO -   Average similarity: 0.7734
2025-07-10 05:39:03,275 - INFO -   Median similarity: 0.9813
2025-07-10 05:39:03,275 - INFO -   Clean sample similarity: 0.7734
2025-07-10 05:39:03,275 - INFO -   Corrupted sample similarity: 0.3162
2025-07-10 05:39:03,275 - INFO -   Similarity gap (clean - corrupt): 0.4572
2025-07-10 05:39:03,386 - INFO - Epoch 24/30 - Train Loss: 0.9035, Val Loss: 0.8558, Clean Sim: 0.7734, Corrupt Sim: 0.3162, Gap: 0.4572, Time: 983.74s
2025-07-10 05:39:03,386 - INFO - New best similarity gap: 0.4572
2025-07-10 05:41:48,697 - INFO - Epoch 24 Validation Alignment: Pos=0.600, Neg=0.423, Gap=0.177
2025-07-10 05:54:57,103 - INFO - Epoch 25: Total optimizer steps: 31
2025-07-10 05:58:15,055 - INFO - Validation metrics:
2025-07-10 05:58:15,055 - INFO -   Loss: 0.8693
2025-07-10 05:58:15,055 - INFO -   Average similarity: 0.4210
2025-07-10 05:58:15,055 - INFO -   Median similarity: 0.3072
2025-07-10 05:58:15,055 - INFO -   Clean sample similarity: 0.4210
2025-07-10 05:58:15,055 - INFO -   Corrupted sample similarity: 0.1118
2025-07-10 05:58:15,055 - INFO -   Similarity gap (clean - corrupt): 0.3092
2025-07-10 05:58:15,159 - INFO - Epoch 25/30 - Train Loss: 0.9672, Val Loss: 0.8693, Clean Sim: 0.4210, Corrupt Sim: 0.1118, Gap: 0.3092, Time: 986.46s
2025-07-10 06:11:17,438 - INFO - Epoch 26: Total optimizer steps: 31
2025-07-10 06:14:35,815 - INFO - Validation metrics:
2025-07-10 06:14:35,815 - INFO -   Loss: 0.8593
2025-07-10 06:14:35,815 - INFO -   Average similarity: 0.6649
2025-07-10 06:14:35,815 - INFO -   Median similarity: 0.9343
2025-07-10 06:14:35,815 - INFO -   Clean sample similarity: 0.6649
2025-07-10 06:14:35,815 - INFO -   Corrupted sample similarity: 0.2130
2025-07-10 06:14:35,815 - INFO -   Similarity gap (clean - corrupt): 0.4519
2025-07-10 06:14:35,944 - INFO - Epoch 26/30 - Train Loss: 0.9120, Val Loss: 0.8593, Clean Sim: 0.6649, Corrupt Sim: 0.2130, Gap: 0.4519, Time: 980.78s
2025-07-10 06:17:15,784 - INFO - Epoch 26 Validation Alignment: Pos=1.806, Neg=1.619, Gap=0.187
2025-07-10 06:30:29,768 - INFO - Epoch 27: Total optimizer steps: 31
2025-07-10 06:33:48,457 - INFO - Validation metrics:
2025-07-10 06:33:48,457 - INFO -   Loss: 0.8535
2025-07-10 06:33:48,457 - INFO -   Average similarity: 0.5963
2025-07-10 06:33:48,457 - INFO -   Median similarity: 0.8142
2025-07-10 06:33:48,458 - INFO -   Clean sample similarity: 0.5963
2025-07-10 06:33:48,458 - INFO -   Corrupted sample similarity: 0.1832
2025-07-10 06:33:48,458 - INFO -   Similarity gap (clean - corrupt): 0.4131
2025-07-10 06:33:48,583 - INFO - Epoch 27/30 - Train Loss: 0.9086, Val Loss: 0.8535, Clean Sim: 0.5963, Corrupt Sim: 0.1832, Gap: 0.4131, Time: 992.80s
2025-07-10 06:47:04,645 - INFO - Epoch 28: Total optimizer steps: 31
2025-07-10 06:50:25,041 - INFO - Validation metrics:
2025-07-10 06:50:25,041 - INFO -   Loss: 0.8526
2025-07-10 06:50:25,042 - INFO -   Average similarity: 0.7296
2025-07-10 06:50:25,042 - INFO -   Median similarity: 0.9781
2025-07-10 06:50:25,042 - INFO -   Clean sample similarity: 0.7296
2025-07-10 06:50:25,042 - INFO -   Corrupted sample similarity: 0.2599
2025-07-10 06:50:25,042 - INFO -   Similarity gap (clean - corrupt): 0.4697
2025-07-10 06:50:25,162 - INFO - Epoch 28/30 - Train Loss: 0.9046, Val Loss: 0.8526, Clean Sim: 0.7296, Corrupt Sim: 0.2599, Gap: 0.4697, Time: 996.58s
2025-07-10 06:50:25,163 - INFO - New best similarity gap: 0.4697
2025-07-10 06:53:11,771 - INFO - Epoch 28 Validation Alignment: Pos=2.579, Neg=2.563, Gap=0.016
2025-07-10 07:06:17,060 - INFO - Epoch 29: Total optimizer steps: 31
2025-07-10 07:09:35,364 - INFO - Validation metrics:
2025-07-10 07:09:35,364 - INFO -   Loss: 0.8529
2025-07-10 07:09:35,364 - INFO -   Average similarity: 0.7823
2025-07-10 07:09:35,364 - INFO -   Median similarity: 0.9932
2025-07-10 07:09:35,364 - INFO -   Clean sample similarity: 0.7823
2025-07-10 07:09:35,364 - INFO -   Corrupted sample similarity: 0.3387
2025-07-10 07:09:35,364 - INFO -   Similarity gap (clean - corrupt): 0.4436
2025-07-10 07:09:35,470 - INFO - Epoch 29/30 - Train Loss: 0.8951, Val Loss: 0.8529, Clean Sim: 0.7823, Corrupt Sim: 0.3387, Gap: 0.4436, Time: 983.70s
2025-07-10 07:22:39,924 - INFO - Epoch 30: Total optimizer steps: 31
2025-07-10 07:25:58,435 - INFO - Validation metrics:
2025-07-10 07:25:58,435 - INFO -   Loss: 0.8467
2025-07-10 07:25:58,435 - INFO -   Average similarity: 0.6853
2025-07-10 07:25:58,435 - INFO -   Median similarity: 0.9551
2025-07-10 07:25:58,435 - INFO -   Clean sample similarity: 0.6853
2025-07-10 07:25:58,435 - INFO -   Corrupted sample similarity: 0.2694
2025-07-10 07:25:58,435 - INFO -   Similarity gap (clean - corrupt): 0.4159
2025-07-10 07:25:58,561 - INFO - Epoch 30/30 - Train Loss: 0.8925, Val Loss: 0.8467, Clean Sim: 0.6853, Corrupt Sim: 0.2694, Gap: 0.4159, Time: 983.09s
2025-07-10 07:25:58,561 - INFO - New best validation loss: 0.8467
2025-07-10 07:28:49,803 - INFO - Epoch 30 Validation Alignment: Pos=3.241, Neg=1.958, Gap=1.282
2025-07-10 07:28:49,803 - INFO - Training completed!
2025-07-10 07:28:55,754 - INFO - Evaluating best models on test set...
2025-07-10 07:28:59,406 - INFO - Loaded best loss model from epoch 30
2025-07-10 07:32:36,801 - INFO - Test (Best Loss) metrics:
2025-07-10 07:32:36,801 - INFO -   Loss: 0.8466
2025-07-10 07:32:36,801 - INFO -   Average similarity: 0.6856
2025-07-10 07:32:36,801 - INFO -   Median similarity: 0.9548
2025-07-10 07:32:36,801 - INFO -   Clean sample similarity: 0.6856
2025-07-10 07:32:36,801 - INFO -   Corrupted sample similarity: 0.2676
2025-07-10 07:32:36,801 - INFO -   Similarity gap (clean - corrupt): 0.4180
2025-07-10 07:35:39,522 - INFO - Loaded best gap model from epoch 28
2025-07-10 07:39:12,572 - INFO - Test (Best Gap) metrics:
2025-07-10 07:39:12,572 - INFO -   Loss: 0.8514
2025-07-10 07:39:12,572 - INFO -   Average similarity: 0.7338
2025-07-10 07:39:12,572 - INFO -   Median similarity: 0.9799
2025-07-10 07:39:12,572 - INFO -   Clean sample similarity: 0.7338
2025-07-10 07:39:12,572 - INFO -   Corrupted sample similarity: 0.2660
2025-07-10 07:39:12,572 - INFO -   Similarity gap (clean - corrupt): 0.4678
2025-07-10 07:42:11,456 - INFO - Evaluation completed!
2025-07-10 07:42:11,456 - INFO - Test results for best_loss_model:
2025-07-10 07:42:11,456 - INFO -   Loss: 0.8466
2025-07-10 07:42:11,456 - INFO -   Clean Sample Similarity: 0.6856
2025-07-10 07:42:11,456 - INFO -   Corrupted Sample Similarity: 0.2676
2025-07-10 07:42:11,456 - INFO -   Similarity Gap: 0.4180
2025-07-10 07:42:11,456 - INFO - Test results for best_gap_model:
2025-07-10 07:42:11,456 - INFO -   Loss: 0.8514
2025-07-10 07:42:11,456 - INFO -   Clean Sample Similarity: 0.7338
2025-07-10 07:42:11,456 - INFO -   Corrupted Sample Similarity: 0.2660
2025-07-10 07:42:11,456 - INFO -   Similarity Gap: 0.4678
2025-07-10 07:42:11,846 - INFO - All tasks completed!
