2025-07-09 10:02:50,441 - INFO - Training with parameters:
2025-07-09 10:02:50,442 - INFO -   Text model: sentence-transformers/paraphrase-multilingual-mpnet-base-v2
2025-07-09 10:02:50,442 - INFO -   Audio model: facebook/w2v-bert-2.0
2025-07-09 10:02:50,442 - INFO -   Freeze encoders: partial
2025-07-09 10:02:50,442 - INFO -   Text layers to unfreeze: 3
2025-07-09 10:02:50,442 - INFO -   Audio layers to unfreeze: 3
2025-07-09 10:02:50,442 - INFO -   Use cross-modal attention: False
2025-07-09 10:02:50,442 - INFO -   Use attentive pooling: False
2025-07-09 10:02:50,442 - INFO -   Use word-level alignment: False
2025-07-09 10:02:50,442 - INFO -   Batch size: 48
2025-07-09 10:02:50,442 - INFO -   Gradient accumulation steps: 15
2025-07-09 10:02:50,442 - INFO -   Effective batch size: 720
2025-07-09 10:02:50,442 - INFO -   Mixed precision training: False
2025-07-09 10:02:50,442 - INFO -   Learning rate: 0.0008
2025-07-09 10:02:50,442 - INFO -   Temperature: 0.1
2025-07-09 10:02:50,442 - INFO -   Projection dimension: 768
2025-07-09 10:02:50,442 - INFO -   Training samples: 21968
2025-07-09 10:02:50,442 - INFO -   Validation samples: 9464
2025-07-09 10:02:50,442 - INFO -   Test samples: 9467
2025-07-09 10:02:50,442 - INFO -   Max audio length: 480000 samples (30.00 seconds at 16kHz)
2025-07-09 10:02:50,442 - INFO - Loading tokenizer and feature extractor...
2025-07-09 10:02:51,406 - INFO - Feature extractor output keys: ['input_features', 'attention_mask']
2025-07-09 10:02:51,406 - INFO - Creating datasets...
2025-07-09 10:02:51,406 - INFO - Feature extractor output keys: ['input_features', 'attention_mask']
2025-07-09 10:02:51,407 - INFO - Feature extractor output keys: ['input_features', 'attention_mask']
2025-07-09 10:02:51,407 - INFO - Feature extractor output keys: ['input_features', 'attention_mask']
2025-07-09 10:02:51,407 - INFO - Creating data loaders...
2025-07-09 10:02:51,407 - INFO - Checking a sample batch...
2025-07-09 10:05:56,755 - INFO - Training with parameters:
2025-07-09 10:05:56,755 - INFO -   Text model: sentence-transformers/paraphrase-multilingual-mpnet-base-v2
2025-07-09 10:05:56,755 - INFO -   Audio model: facebook/w2v-bert-2.0
2025-07-09 10:05:56,755 - INFO -   Freeze encoders: partial
2025-07-09 10:05:56,755 - INFO -   Text layers to unfreeze: 3
2025-07-09 10:05:56,755 - INFO -   Audio layers to unfreeze: 3
2025-07-09 10:05:56,755 - INFO -   Use cross-modal attention: False
2025-07-09 10:05:56,755 - INFO -   Use attentive pooling: False
2025-07-09 10:05:56,755 - INFO -   Use word-level alignment: False
2025-07-09 10:05:56,755 - INFO -   Batch size: 48
2025-07-09 10:05:56,755 - INFO -   Gradient accumulation steps: 15
2025-07-09 10:05:56,755 - INFO -   Effective batch size: 720
2025-07-09 10:05:56,755 - INFO -   Mixed precision training: False
2025-07-09 10:05:56,755 - INFO -   Learning rate: 0.0008
2025-07-09 10:05:56,755 - INFO -   Temperature: 0.1
2025-07-09 10:05:56,755 - INFO -   Projection dimension: 768
2025-07-09 10:05:56,755 - INFO -   Training samples: 21968
2025-07-09 10:05:56,755 - INFO -   Validation samples: 9464
2025-07-09 10:05:56,755 - INFO -   Test samples: 9467
2025-07-09 10:05:56,755 - INFO -   Max audio length: 480000 samples (30.00 seconds at 16kHz)
2025-07-09 10:05:56,755 - INFO - Loading tokenizer and feature extractor...
2025-07-09 10:05:57,689 - INFO - Feature extractor output keys: ['input_features', 'attention_mask']
2025-07-09 10:05:57,689 - INFO - Creating datasets...
2025-07-09 10:05:57,689 - INFO - Feature extractor output keys: ['input_features', 'attention_mask']
2025-07-09 10:05:57,690 - INFO - Feature extractor output keys: ['input_features', 'attention_mask']
2025-07-09 10:05:57,690 - INFO - Feature extractor output keys: ['input_features', 'attention_mask']
2025-07-09 10:05:57,690 - INFO - Creating data loaders...
2025-07-09 10:05:57,690 - INFO - Checking a sample batch...
2025-07-09 10:06:15,500 - INFO -   input_ids_pos: torch.Size([48, 128])
2025-07-09 10:06:15,500 - INFO -   attention_mask_pos: torch.Size([48, 128])
2025-07-09 10:06:15,500 - INFO -   input_ids_neg: torch.Size([48, 128])
2025-07-09 10:06:15,500 - INFO -   attention_mask_neg: torch.Size([48, 128])
2025-07-09 10:06:15,500 - INFO -   input_values: torch.Size([48, 473, 160])
2025-07-09 10:06:15,500 - INFO -   attention_mask_audio: torch.Size([48, 473])
2025-07-09 10:06:15,500 - INFO -   is_corrupted: torch.Size([48])
2025-07-09 10:06:15,500 - INFO - Initializing model...
2025-07-09 10:06:16,250 - INFO - Text encoder hidden dim: 768
2025-07-09 10:06:16,250 - INFO - Audio encoder hidden dim: 1024
2025-07-09 10:06:16,250 - INFO - Partial freezing: unfreezing last 3 text layers and 3 audio layers
2025-07-09 10:06:16,250 - INFO - Unfreezing text encoder layer 9
2025-07-09 10:06:16,250 - INFO - Unfreezing text encoder layer 10
2025-07-09 10:06:16,250 - INFO - Unfreezing text encoder layer 11
2025-07-09 10:06:16,251 - INFO - Unfreezing audio encoder layer 21
2025-07-09 10:06:16,251 - INFO - Unfreezing audio encoder layer 22
2025-07-09 10:06:16,251 - INFO - Unfreezing audio encoder layer 23
2025-07-09 10:06:16,281 - INFO - Model initialized with 292,079,360 trainable parameters out of 863,656,256 total
2025-07-09 10:06:17,120 - INFO - Using discriminative learning rates: encoder_lr=4e-05, main_lr=0.0008
2025-07-09 10:06:17,120 - INFO - Encoder parameters: 156, Non-encoder parameters: 12
2025-07-09 10:06:17,120 - INFO - Scheduler setup:
2025-07-09 10:06:17,121 - INFO -   Batches per epoch: 457
2025-07-09 10:06:17,121 - INFO -   Accumulation steps: 15
2025-07-09 10:06:17,121 - INFO -   Optimizer steps per epoch: 31
2025-07-09 10:06:17,121 - INFO -   Total optimizer steps: 930
2025-07-09 10:06:17,121 - INFO -   Warmup steps: 1000
2025-07-09 10:06:17,121 - INFO - Validating gradient accumulation setup...
2025-07-09 10:06:17,121 - INFO - Validating gradient accumulation with 15 steps...
2025-07-09 10:06:35,061 - WARNING - Not enough test batches (10) for accumulation_steps (15)
2025-07-09 10:06:35,061 - INFO - Starting training for 30 epochs
2025-07-09 10:18:51,576 - INFO - Epoch 1: Total optimizer steps: 31
2025-07-09 10:22:08,662 - INFO - Validation metrics:
2025-07-09 10:22:08,663 - INFO -   Loss: 0.5501
2025-07-09 10:22:08,663 - INFO -   Average similarity: 0.0474
2025-07-09 10:22:08,663 - INFO -   Median similarity: 0.0319
2025-07-09 10:22:08,663 - INFO -   Clean sample similarity: 0.0474
2025-07-09 10:22:08,663 - INFO -   Corrupted sample similarity: 0.0339
2025-07-09 10:22:08,663 - INFO -   Similarity gap (clean - corrupt): 0.0134
2025-07-09 10:22:08,790 - INFO - Epoch 1/30 - Train Loss: 0.6551, Val Loss: 0.5501, Clean Sim: 0.0474, Corrupt Sim: 0.0339, Gap: 0.0134, Time: 933.73s
2025-07-09 10:22:08,790 - INFO - New best validation loss: 0.5501
2025-07-09 10:22:15,090 - INFO - New best similarity gap: 0.0134
2025-07-09 10:34:33,415 - INFO - Epoch 2: Total optimizer steps: 31
2025-07-09 10:37:49,380 - INFO - Validation metrics:
2025-07-09 10:37:49,380 - INFO -   Loss: 0.3848
2025-07-09 10:37:49,380 - INFO -   Average similarity: 0.3295
2025-07-09 10:37:49,380 - INFO -   Median similarity: 0.1824
2025-07-09 10:37:49,380 - INFO -   Clean sample similarity: 0.3295
2025-07-09 10:37:49,380 - INFO -   Corrupted sample similarity: 0.1992
2025-07-09 10:37:49,380 - INFO -   Similarity gap (clean - corrupt): 0.1303
2025-07-09 10:37:49,528 - INFO - Epoch 2/30 - Train Loss: 0.5121, Val Loss: 0.3848, Clean Sim: 0.3295, Corrupt Sim: 0.1992, Gap: 0.1303, Time: 928.07s
2025-07-09 10:37:49,528 - INFO - New best validation loss: 0.3848
2025-07-09 10:37:56,439 - INFO - New best similarity gap: 0.1303
2025-07-09 10:40:47,309 - INFO - Epoch 2 Validation Alignment: Pos=0.000, Neg=0.000, Gap=0.000
2025-07-09 10:52:54,869 - INFO - Epoch 3: Total optimizer steps: 31
2025-07-09 10:56:10,304 - INFO - Validation metrics:
2025-07-09 10:56:10,304 - INFO -   Loss: 0.3347
2025-07-09 10:56:10,304 - INFO -   Average similarity: 0.4569
2025-07-09 10:56:10,304 - INFO -   Median similarity: 0.3819
2025-07-09 10:56:10,304 - INFO -   Clean sample similarity: 0.4569
2025-07-09 10:56:10,304 - INFO -   Corrupted sample similarity: 0.2749
2025-07-09 10:56:10,304 - INFO -   Similarity gap (clean - corrupt): 0.1820
2025-07-09 10:56:10,443 - INFO - Epoch 3/30 - Train Loss: 0.4332, Val Loss: 0.3347, Clean Sim: 0.4569, Corrupt Sim: 0.2749, Gap: 0.1820, Time: 923.13s
2025-07-09 10:56:10,443 - INFO - New best validation loss: 0.3347
2025-07-09 10:56:17,152 - INFO - New best similarity gap: 0.1820
2025-07-09 11:08:36,466 - INFO - Epoch 4: Total optimizer steps: 31
2025-07-09 11:11:52,118 - INFO - Validation metrics:
2025-07-09 11:11:52,118 - INFO -   Loss: 0.3008
2025-07-09 11:11:52,118 - INFO -   Average similarity: 0.4935
2025-07-09 11:11:52,118 - INFO -   Median similarity: 0.4840
2025-07-09 11:11:52,118 - INFO -   Clean sample similarity: 0.4935
2025-07-09 11:11:52,118 - INFO -   Corrupted sample similarity: 0.2809
2025-07-09 11:11:52,118 - INFO -   Similarity gap (clean - corrupt): 0.2126
2025-07-09 11:11:52,234 - INFO - Epoch 4/30 - Train Loss: 0.3885, Val Loss: 0.3008, Clean Sim: 0.4935, Corrupt Sim: 0.2809, Gap: 0.2126, Time: 927.71s
2025-07-09 11:11:52,234 - INFO - New best validation loss: 0.3008
2025-07-09 11:11:58,985 - INFO - New best similarity gap: 0.2126
2025-07-09 11:14:50,013 - INFO - Epoch 4 Validation Alignment: Pos=0.000, Neg=0.000, Gap=0.000
2025-07-09 11:26:58,690 - INFO - Epoch 5: Total optimizer steps: 31
2025-07-09 11:30:15,510 - INFO - Validation metrics:
2025-07-09 11:30:15,510 - INFO -   Loss: 0.2910
2025-07-09 11:30:15,510 - INFO -   Average similarity: 0.5942
2025-07-09 11:30:15,510 - INFO -   Median similarity: 0.8150
2025-07-09 11:30:15,510 - INFO -   Clean sample similarity: 0.5942
2025-07-09 11:30:15,510 - INFO -   Corrupted sample similarity: 0.3597
2025-07-09 11:30:15,510 - INFO -   Similarity gap (clean - corrupt): 0.2344
2025-07-09 11:30:15,637 - INFO - Epoch 5/30 - Train Loss: 0.3716, Val Loss: 0.2910, Clean Sim: 0.5942, Corrupt Sim: 0.3597, Gap: 0.2344, Time: 925.62s
2025-07-09 11:30:15,637 - INFO - New best validation loss: 0.2910
2025-07-09 11:30:22,374 - INFO - New best similarity gap: 0.2344
2025-07-09 11:42:45,432 - INFO - Epoch 6: Total optimizer steps: 31
2025-07-09 11:46:01,110 - INFO - Validation metrics:
2025-07-09 11:46:01,111 - INFO -   Loss: 0.2737
2025-07-09 11:46:01,111 - INFO -   Average similarity: 0.5773
2025-07-09 11:46:01,111 - INFO -   Median similarity: 0.7764
2025-07-09 11:46:01,111 - INFO -   Clean sample similarity: 0.5773
2025-07-09 11:46:01,111 - INFO -   Corrupted sample similarity: 0.3289
2025-07-09 11:46:01,111 - INFO -   Similarity gap (clean - corrupt): 0.2484
2025-07-09 11:46:01,242 - INFO - Epoch 6/30 - Train Loss: 0.3509, Val Loss: 0.2737, Clean Sim: 0.5773, Corrupt Sim: 0.3289, Gap: 0.2484, Time: 931.59s
2025-07-09 11:46:01,242 - INFO - New best validation loss: 0.2737
2025-07-09 11:46:08,171 - INFO - New best similarity gap: 0.2484
2025-07-09 11:48:58,321 - INFO - Epoch 6 Validation Alignment: Pos=0.000, Neg=0.000, Gap=0.000
2025-07-09 12:01:16,208 - INFO - Epoch 7: Total optimizer steps: 31
2025-07-09 12:04:31,657 - INFO - Validation metrics:
2025-07-09 12:04:31,657 - INFO -   Loss: 0.2616
2025-07-09 12:04:31,657 - INFO -   Average similarity: 0.6094
2025-07-09 12:04:31,657 - INFO -   Median similarity: 0.8658
2025-07-09 12:04:31,657 - INFO -   Clean sample similarity: 0.6094
2025-07-09 12:04:31,658 - INFO -   Corrupted sample similarity: 0.3416
2025-07-09 12:04:31,658 - INFO -   Similarity gap (clean - corrupt): 0.2678
2025-07-09 12:04:31,765 - INFO - Epoch 7/30 - Train Loss: 0.3341, Val Loss: 0.2616, Clean Sim: 0.6094, Corrupt Sim: 0.3416, Gap: 0.2678, Time: 933.44s
2025-07-09 12:04:31,765 - INFO - New best validation loss: 0.2616
2025-07-09 12:04:38,550 - INFO - New best similarity gap: 0.2678
2025-07-09 12:17:00,511 - INFO - Epoch 8: Total optimizer steps: 31
2025-07-09 12:20:16,262 - INFO - Validation metrics:
2025-07-09 12:20:16,262 - INFO -   Loss: 0.2580
2025-07-09 12:20:16,262 - INFO -   Average similarity: 0.6054
2025-07-09 12:20:16,262 - INFO -   Median similarity: 0.8577
2025-07-09 12:20:16,262 - INFO -   Clean sample similarity: 0.6054
2025-07-09 12:20:16,262 - INFO -   Corrupted sample similarity: 0.3324
2025-07-09 12:20:16,262 - INFO -   Similarity gap (clean - corrupt): 0.2730
2025-07-09 12:20:16,374 - INFO - Epoch 8/30 - Train Loss: 0.3235, Val Loss: 0.2580, Clean Sim: 0.6054, Corrupt Sim: 0.3324, Gap: 0.2730, Time: 930.51s
2025-07-09 12:20:16,374 - INFO - New best validation loss: 0.2580
2025-07-09 12:20:23,227 - INFO - New best similarity gap: 0.2730
2025-07-09 12:23:13,199 - INFO - Epoch 8 Validation Alignment: Pos=0.000, Neg=0.000, Gap=0.000
2025-07-09 12:35:29,937 - INFO - Epoch 9: Total optimizer steps: 31
2025-07-09 12:38:45,452 - INFO - Validation metrics:
2025-07-09 12:38:45,452 - INFO -   Loss: 0.2467
2025-07-09 12:38:45,452 - INFO -   Average similarity: 0.6282
2025-07-09 12:38:45,452 - INFO -   Median similarity: 0.9019
2025-07-09 12:38:45,452 - INFO -   Clean sample similarity: 0.6282
2025-07-09 12:38:45,452 - INFO -   Corrupted sample similarity: 0.3381
2025-07-09 12:38:45,452 - INFO -   Similarity gap (clean - corrupt): 0.2901
2025-07-09 12:38:45,580 - INFO - Epoch 9/30 - Train Loss: 0.3127, Val Loss: 0.2467, Clean Sim: 0.6282, Corrupt Sim: 0.3381, Gap: 0.2901, Time: 932.38s
2025-07-09 12:38:45,580 - INFO - New best validation loss: 0.2467
2025-07-09 12:38:52,326 - INFO - New best similarity gap: 0.2901
2025-07-09 12:51:11,687 - INFO - Epoch 10: Total optimizer steps: 31
2025-07-09 12:54:27,759 - INFO - Validation metrics:
2025-07-09 12:54:27,760 - INFO -   Loss: 0.2337
2025-07-09 12:54:27,760 - INFO -   Average similarity: 0.6409
2025-07-09 12:54:27,760 - INFO -   Median similarity: 0.9230
2025-07-09 12:54:27,760 - INFO -   Clean sample similarity: 0.6409
2025-07-09 12:54:27,760 - INFO -   Corrupted sample similarity: 0.3338
2025-07-09 12:54:27,760 - INFO -   Similarity gap (clean - corrupt): 0.3071
2025-07-09 12:54:27,863 - INFO - Epoch 10/30 - Train Loss: 0.3025, Val Loss: 0.2337, Clean Sim: 0.6409, Corrupt Sim: 0.3338, Gap: 0.3071, Time: 928.26s
2025-07-09 12:54:27,863 - INFO - New best validation loss: 0.2337
2025-07-09 12:54:34,605 - INFO - New best similarity gap: 0.3071
2025-07-09 12:57:23,489 - INFO - Epoch 10 Validation Alignment: Pos=0.000, Neg=0.000, Gap=0.000
2025-07-09 13:09:34,426 - INFO - Epoch 11: Total optimizer steps: 31
2025-07-09 13:12:51,270 - INFO - Validation metrics:
2025-07-09 13:12:51,270 - INFO -   Loss: 0.2312
2025-07-09 13:12:51,270 - INFO -   Average similarity: 0.6329
2025-07-09 13:12:51,270 - INFO -   Median similarity: 0.9068
2025-07-09 13:12:51,270 - INFO -   Clean sample similarity: 0.6329
2025-07-09 13:12:51,270 - INFO -   Corrupted sample similarity: 0.3190
2025-07-09 13:12:51,270 - INFO -   Similarity gap (clean - corrupt): 0.3138
2025-07-09 13:12:51,384 - INFO - Epoch 11/30 - Train Loss: 0.2904, Val Loss: 0.2312, Clean Sim: 0.6329, Corrupt Sim: 0.3190, Gap: 0.3138, Time: 927.89s
2025-07-09 13:12:51,384 - INFO - New best validation loss: 0.2312
2025-07-09 13:12:58,336 - INFO - New best similarity gap: 0.3138
2025-07-09 13:25:17,357 - INFO - Epoch 12: Total optimizer steps: 31
2025-07-09 13:28:35,622 - INFO - Validation metrics:
2025-07-09 13:28:35,622 - INFO -   Loss: 0.2223
2025-07-09 13:28:35,622 - INFO -   Average similarity: 0.6732
2025-07-09 13:28:35,622 - INFO -   Median similarity: 0.9485
2025-07-09 13:28:35,622 - INFO -   Clean sample similarity: 0.6732
2025-07-09 13:28:35,622 - INFO -   Corrupted sample similarity: 0.3435
2025-07-09 13:28:35,622 - INFO -   Similarity gap (clean - corrupt): 0.3297
2025-07-09 13:28:35,738 - INFO - Epoch 12/30 - Train Loss: 0.2779, Val Loss: 0.2223, Clean Sim: 0.6732, Corrupt Sim: 0.3435, Gap: 0.3297, Time: 930.02s
2025-07-09 13:28:35,738 - INFO - New best validation loss: 0.2223
2025-07-09 13:28:42,677 - INFO - New best similarity gap: 0.3297
2025-07-09 13:31:33,532 - INFO - Epoch 12 Validation Alignment: Pos=0.000, Neg=0.000, Gap=0.000
2025-07-09 13:43:51,607 - INFO - Epoch 13: Total optimizer steps: 31
2025-07-09 13:47:08,884 - INFO - Validation metrics:
2025-07-09 13:47:08,885 - INFO -   Loss: 0.2143
2025-07-09 13:47:08,885 - INFO -   Average similarity: 0.6180
2025-07-09 13:47:08,885 - INFO -   Median similarity: 0.8872
2025-07-09 13:47:08,885 - INFO -   Clean sample similarity: 0.6180
2025-07-09 13:47:08,885 - INFO -   Corrupted sample similarity: 0.2805
2025-07-09 13:47:08,885 - INFO -   Similarity gap (clean - corrupt): 0.3375
2025-07-09 13:47:09,002 - INFO - Epoch 13/30 - Train Loss: 0.2746, Val Loss: 0.2143, Clean Sim: 0.6180, Corrupt Sim: 0.2805, Gap: 0.3375, Time: 935.47s
2025-07-09 13:47:09,003 - INFO - New best validation loss: 0.2143
2025-07-09 13:47:16,005 - INFO - New best similarity gap: 0.3375
2025-07-09 13:59:44,255 - INFO - Epoch 14: Total optimizer steps: 31
2025-07-09 14:03:01,055 - INFO - Validation metrics:
2025-07-09 14:03:01,055 - INFO -   Loss: 0.2056
2025-07-09 14:03:01,055 - INFO -   Average similarity: 0.6810
2025-07-09 14:03:01,055 - INFO -   Median similarity: 0.9569
2025-07-09 14:03:01,055 - INFO -   Clean sample similarity: 0.6810
2025-07-09 14:03:01,055 - INFO -   Corrupted sample similarity: 0.3251
2025-07-09 14:03:01,055 - INFO -   Similarity gap (clean - corrupt): 0.3559
2025-07-09 14:03:01,156 - INFO - Epoch 14/30 - Train Loss: 0.2641, Val Loss: 0.2056, Clean Sim: 0.6810, Corrupt Sim: 0.3251, Gap: 0.3559, Time: 937.64s
2025-07-09 14:03:01,156 - INFO - New best validation loss: 0.2056
2025-07-09 14:03:07,933 - INFO - New best similarity gap: 0.3559
2025-07-09 14:05:58,018 - INFO - Epoch 14 Validation Alignment: Pos=0.000, Neg=0.000, Gap=0.000
2025-07-09 14:18:08,049 - INFO - Epoch 15: Total optimizer steps: 31
2025-07-09 14:21:24,577 - INFO - Validation metrics:
2025-07-09 14:21:24,577 - INFO -   Loss: 0.2027
2025-07-09 14:21:24,577 - INFO -   Average similarity: 0.6446
2025-07-09 14:21:24,577 - INFO -   Median similarity: 0.9029
2025-07-09 14:21:24,577 - INFO -   Clean sample similarity: 0.6446
2025-07-09 14:21:24,577 - INFO -   Corrupted sample similarity: 0.2914
2025-07-09 14:21:24,578 - INFO -   Similarity gap (clean - corrupt): 0.3532
2025-07-09 14:21:24,706 - INFO - Epoch 15/30 - Train Loss: 0.2543, Val Loss: 0.2027, Clean Sim: 0.6446, Corrupt Sim: 0.2914, Gap: 0.3532, Time: 926.69s
2025-07-09 14:21:24,706 - INFO - New best validation loss: 0.2027
2025-07-09 14:33:59,853 - INFO - Epoch 16: Total optimizer steps: 31
2025-07-09 14:37:18,100 - INFO - Validation metrics:
2025-07-09 14:37:18,100 - INFO -   Loss: 0.1950
2025-07-09 14:37:18,100 - INFO -   Average similarity: 0.7201
2025-07-09 14:37:18,100 - INFO -   Median similarity: 0.9757
2025-07-09 14:37:18,100 - INFO -   Clean sample similarity: 0.7201
2025-07-09 14:37:18,100 - INFO -   Corrupted sample similarity: 0.3419
2025-07-09 14:37:18,100 - INFO -   Similarity gap (clean - corrupt): 0.3782
2025-07-09 14:37:18,222 - INFO - Epoch 16/30 - Train Loss: 0.2506, Val Loss: 0.1950, Clean Sim: 0.7201, Corrupt Sim: 0.3419, Gap: 0.3782, Time: 941.32s
2025-07-09 14:37:18,222 - INFO - New best validation loss: 0.1950
2025-07-09 14:37:24,624 - INFO - New best similarity gap: 0.3782
2025-07-09 14:40:15,594 - INFO - Epoch 16 Validation Alignment: Pos=0.000, Neg=0.000, Gap=0.000
2025-07-09 14:52:44,776 - INFO - Epoch 17: Total optimizer steps: 31
2025-07-09 14:56:02,178 - INFO - Validation metrics:
2025-07-09 14:56:02,178 - INFO -   Loss: 0.1946
2025-07-09 14:56:02,178 - INFO -   Average similarity: 0.6943
2025-07-09 14:56:02,178 - INFO -   Median similarity: 0.9603
2025-07-09 14:56:02,178 - INFO -   Clean sample similarity: 0.6943
2025-07-09 14:56:02,178 - INFO -   Corrupted sample similarity: 0.3080
2025-07-09 14:56:02,178 - INFO -   Similarity gap (clean - corrupt): 0.3864
2025-07-09 14:56:02,281 - INFO - Epoch 17/30 - Train Loss: 0.2467, Val Loss: 0.1946, Clean Sim: 0.6943, Corrupt Sim: 0.3080, Gap: 0.3864, Time: 946.69s
2025-07-09 14:56:02,282 - INFO - New best validation loss: 0.1946
2025-07-09 14:56:08,783 - INFO - New best similarity gap: 0.3864
2025-07-09 15:08:42,755 - INFO - Epoch 18: Total optimizer steps: 31
2025-07-09 15:12:01,042 - INFO - Validation metrics:
2025-07-09 15:12:01,043 - INFO -   Loss: 0.1850
2025-07-09 15:12:01,043 - INFO -   Average similarity: 0.7162
2025-07-09 15:12:01,043 - INFO -   Median similarity: 0.9751
2025-07-09 15:12:01,043 - INFO -   Clean sample similarity: 0.7162
2025-07-09 15:12:01,043 - INFO -   Corrupted sample similarity: 0.3205
2025-07-09 15:12:01,043 - INFO -   Similarity gap (clean - corrupt): 0.3957
2025-07-09 15:12:01,157 - INFO - Epoch 18/30 - Train Loss: 0.2353, Val Loss: 0.1850, Clean Sim: 0.7162, Corrupt Sim: 0.3205, Gap: 0.3957, Time: 945.76s
2025-07-09 15:12:01,157 - INFO - New best validation loss: 0.1850
2025-07-09 15:12:07,833 - INFO - New best similarity gap: 0.3957
2025-07-09 15:14:57,923 - INFO - Epoch 18 Validation Alignment: Pos=0.000, Neg=0.000, Gap=0.000
2025-07-09 15:27:22,903 - INFO - Epoch 19: Total optimizer steps: 31
