2025-07-05 19:20:30,171 - INFO - Training with parameters:
2025-07-05 19:20:30,171 - INFO -   Text model: sentence-transformers/paraphrase-multilingual-mpnet-base-v2
2025-07-05 19:20:30,171 - INFO -   Audio model: facebook/w2v-bert-2.0
2025-07-05 19:20:30,172 - INFO -   Freeze encoders: partial
2025-07-05 19:20:30,172 - INFO -   Text layers to unfreeze: 3
2025-07-05 19:20:30,172 - INFO -   Audio layers to unfreeze: 3
2025-07-05 19:20:30,172 - INFO -   Use cross-modal attention: True
2025-07-05 19:20:30,172 - INFO -   Use attentive pooling: True
2025-07-05 19:20:30,172 - INFO -   Use word-level alignment: False
2025-07-05 19:20:30,172 - INFO -   Batch size: 48
2025-07-05 19:20:30,172 - INFO -   Gradient accumulation steps: 15
2025-07-05 19:20:30,172 - INFO -   Effective batch size: 720
2025-07-05 19:20:30,172 - INFO -   Mixed precision training: False
2025-07-05 19:20:30,172 - INFO -   Learning rate: 0.0021
2025-07-05 19:20:30,172 - INFO -   Temperature: 0.1
2025-07-05 19:20:30,172 - INFO -   Projection dimension: 768
2025-07-05 19:20:30,172 - INFO -   Training samples: 21968
2025-07-05 19:20:30,172 - INFO -   Validation samples: 9464
2025-07-05 19:20:30,172 - INFO -   Test samples: 9467
2025-07-05 19:20:30,172 - INFO -   Max audio length: 480000 samples (30.00 seconds at 16kHz)
2025-07-05 19:20:30,172 - INFO - Loading tokenizer and feature extractor...
2025-07-05 19:20:35,337 - INFO - Feature extractor output keys: ['input_features', 'attention_mask']
2025-07-05 19:20:35,337 - INFO - Creating datasets...
2025-07-05 19:20:35,337 - INFO - Feature extractor output keys: ['input_features', 'attention_mask']
2025-07-05 19:20:35,338 - INFO - Feature extractor output keys: ['input_features', 'attention_mask']
2025-07-05 19:20:35,338 - INFO - Feature extractor output keys: ['input_features', 'attention_mask']
2025-07-05 19:20:35,338 - INFO - Creating data loaders...
2025-07-05 19:20:35,338 - INFO - Checking a sample batch...
2025-07-05 19:21:01,123 - INFO -   input_ids_pos: torch.Size([48, 128])
2025-07-05 19:21:01,124 - INFO -   attention_mask_pos: torch.Size([48, 128])
2025-07-05 19:21:01,124 - INFO -   input_ids_neg: torch.Size([48, 128])
2025-07-05 19:21:01,124 - INFO -   attention_mask_neg: torch.Size([48, 128])
2025-07-05 19:21:01,124 - INFO -   input_values: torch.Size([48, 473, 160])
2025-07-05 19:21:01,124 - INFO -   attention_mask_audio: torch.Size([48, 473])
2025-07-05 19:21:01,124 - INFO -   is_corrupted: torch.Size([48])
2025-07-05 19:21:01,124 - INFO - Initializing model...
2025-07-05 19:21:15,200 - INFO - Text encoder hidden dim: 768
2025-07-05 19:21:15,200 - INFO - Audio encoder hidden dim: 1024
2025-07-05 19:21:15,200 - INFO - Partial freezing: unfreezing last 3 text layers and 3 audio layers
2025-07-05 19:21:15,200 - INFO - Unfreezing text encoder layer 9
2025-07-05 19:21:15,200 - INFO - Unfreezing text encoder layer 10
2025-07-05 19:21:15,200 - INFO - Unfreezing text encoder layer 11
2025-07-05 19:21:15,201 - INFO - Unfreezing audio encoder layer 21
2025-07-05 19:21:15,201 - INFO - Unfreezing audio encoder layer 22
2025-07-05 19:21:15,201 - INFO - Unfreezing audio encoder layer 23
2025-07-05 19:21:15,291 - INFO - Model initialized with 301,366,786 trainable parameters out of 872,943,682 total
2025-07-05 19:21:16,042 - INFO - Using discriminative learning rates: encoder_lr=4.2e-05, main_lr=0.0021
2025-07-05 19:21:16,042 - INFO - Encoder parameters: 156, Non-encoder parameters: 48
2025-07-05 19:21:16,042 - INFO - Scheduler setup:
2025-07-05 19:21:16,042 - INFO -   Batches per epoch: 457
2025-07-05 19:21:16,042 - INFO -   Accumulation steps: 15
2025-07-05 19:21:16,042 - INFO -   Optimizer steps per epoch: 31
2025-07-05 19:21:16,042 - INFO -   Total optimizer steps: 930
2025-07-05 19:21:16,042 - INFO -   Warmup steps: 1000
2025-07-05 19:21:16,042 - INFO - Validating gradient accumulation setup...
2025-07-05 19:21:16,042 - INFO - Validating gradient accumulation with 15 steps...
2025-07-05 19:21:33,807 - WARNING - Not enough test batches (10) for accumulation_steps (15)
2025-07-05 19:21:33,808 - INFO - Starting training for 30 epochs
2025-07-05 19:34:40,795 - INFO - Epoch 1: Total optimizer steps: 31
2025-07-05 19:38:04,431 - INFO - Validation metrics:
2025-07-05 19:38:04,431 - INFO -   Loss: 0.4023
2025-07-05 19:38:04,431 - INFO -   Average similarity: 0.2667
2025-07-05 19:38:04,431 - INFO -   Median similarity: 0.0885
2025-07-05 19:38:04,432 - INFO -   Clean sample similarity: 0.2667
2025-07-05 19:38:04,432 - INFO -   Corrupted sample similarity: 0.1544
2025-07-05 19:38:04,432 - INFO -   Similarity gap (clean - corrupt): 0.1124
2025-07-05 19:38:04,566 - INFO - Epoch 1/30 - Train Loss: 0.5693, Val Loss: 0.4023, Clean Sim: 0.2667, Corrupt Sim: 0.1544, Gap: 0.1124, Time: 990.76s
2025-07-05 19:38:04,566 - INFO - New best validation loss: 0.4023
2025-07-05 19:38:09,868 - INFO - New best similarity gap: 0.1124
2025-07-05 19:51:29,527 - INFO - Epoch 2: Total optimizer steps: 31
2025-07-05 19:54:50,915 - INFO - Validation metrics:
2025-07-05 19:54:50,915 - INFO -   Loss: 0.3394
2025-07-05 19:54:50,915 - INFO -   Average similarity: 0.3130
2025-07-05 19:54:50,915 - INFO -   Median similarity: 0.1174
2025-07-05 19:54:50,915 - INFO -   Clean sample similarity: 0.3130
2025-07-05 19:54:50,915 - INFO -   Corrupted sample similarity: 0.1576
2025-07-05 19:54:50,915 - INFO -   Similarity gap (clean - corrupt): 0.1555
2025-07-05 19:54:51,057 - INFO - Epoch 2/30 - Train Loss: 0.4210, Val Loss: 0.3394, Clean Sim: 0.3130, Corrupt Sim: 0.1576, Gap: 0.1555, Time: 996.27s
2025-07-05 19:54:51,057 - INFO - New best validation loss: 0.3394
2025-07-05 19:54:56,491 - INFO - New best similarity gap: 0.1555
2025-07-05 20:07:43,729 - INFO - Epoch 3: Total optimizer steps: 31
2025-07-05 20:11:05,051 - INFO - Validation metrics:
2025-07-05 20:11:05,052 - INFO -   Loss: 0.3080
2025-07-05 20:11:05,052 - INFO -   Average similarity: 0.3319
2025-07-05 20:11:05,052 - INFO -   Median similarity: 0.1443
2025-07-05 20:11:05,052 - INFO -   Clean sample similarity: 0.3319
2025-07-05 20:11:05,052 - INFO -   Corrupted sample similarity: 0.1524
2025-07-05 20:11:05,052 - INFO -   Similarity gap (clean - corrupt): 0.1796
2025-07-05 20:11:05,177 - INFO - Epoch 3/30 - Train Loss: 0.3754, Val Loss: 0.3080, Clean Sim: 0.3319, Corrupt Sim: 0.1524, Gap: 0.1796, Time: 962.99s
2025-07-05 20:11:05,177 - INFO - New best validation loss: 0.3080
2025-07-05 20:11:10,487 - INFO - New best similarity gap: 0.1796
2025-07-05 20:23:59,641 - INFO - Epoch 4: Total optimizer steps: 31
2025-07-05 20:27:21,601 - INFO - Validation metrics:
2025-07-05 20:27:21,601 - INFO -   Loss: 0.2831
2025-07-05 20:27:21,601 - INFO -   Average similarity: 0.3911
2025-07-05 20:27:21,601 - INFO -   Median similarity: 0.2919
2025-07-05 20:27:21,601 - INFO -   Clean sample similarity: 0.3911
2025-07-05 20:27:21,601 - INFO -   Corrupted sample similarity: 0.1593
2025-07-05 20:27:21,601 - INFO -   Similarity gap (clean - corrupt): 0.2318
2025-07-05 20:27:21,736 - INFO - Epoch 4/30 - Train Loss: 0.3472, Val Loss: 0.2831, Clean Sim: 0.3911, Corrupt Sim: 0.1593, Gap: 0.2318, Time: 965.63s
2025-07-05 20:27:21,736 - INFO - New best validation loss: 0.2831
2025-07-05 20:27:27,292 - INFO - New best similarity gap: 0.2318
2025-07-05 20:40:17,085 - INFO - Epoch 5: Total optimizer steps: 31
2025-07-05 20:43:37,780 - INFO - Validation metrics:
2025-07-05 20:43:37,780 - INFO -   Loss: 0.2647
2025-07-05 20:43:37,780 - INFO -   Average similarity: 0.4505
2025-07-05 20:43:37,780 - INFO -   Median similarity: 0.4314
2025-07-05 20:43:37,780 - INFO -   Clean sample similarity: 0.4505
2025-07-05 20:43:37,780 - INFO -   Corrupted sample similarity: 0.1797
2025-07-05 20:43:37,780 - INFO -   Similarity gap (clean - corrupt): 0.2708
2025-07-05 20:43:37,931 - INFO - Epoch 5/30 - Train Loss: 0.3245, Val Loss: 0.2647, Clean Sim: 0.4505, Corrupt Sim: 0.1797, Gap: 0.2708, Time: 964.95s
2025-07-05 20:43:37,931 - INFO - New best validation loss: 0.2647
2025-07-05 20:43:43,361 - INFO - New best similarity gap: 0.2708
2025-07-05 20:59:18,368 - INFO - Epoch 6: Total optimizer steps: 31
2025-07-05 21:02:39,734 - INFO - Validation metrics:
2025-07-05 21:02:39,734 - INFO -   Loss: 0.2486
2025-07-05 21:02:39,734 - INFO -   Average similarity: 0.4397
2025-07-05 21:02:39,734 - INFO -   Median similarity: 0.4128
2025-07-05 21:02:39,734 - INFO -   Clean sample similarity: 0.4397
2025-07-05 21:02:39,734 - INFO -   Corrupted sample similarity: 0.1568
2025-07-05 21:02:39,734 - INFO -   Similarity gap (clean - corrupt): 0.2829
2025-07-05 21:02:39,854 - INFO - Epoch 6/30 - Train Loss: 0.3041, Val Loss: 0.2486, Clean Sim: 0.4397, Corrupt Sim: 0.1568, Gap: 0.2829, Time: 968.52s
2025-07-05 21:02:39,854 - INFO - New best validation loss: 0.2486
2025-07-05 21:02:45,353 - INFO - New best similarity gap: 0.2829
2025-07-05 21:15:38,750 - INFO - Epoch 7: Total optimizer steps: 31
2025-07-05 21:19:00,173 - INFO - Validation metrics:
2025-07-05 21:19:00,174 - INFO -   Loss: 0.2366
2025-07-05 21:19:00,174 - INFO -   Average similarity: 0.4632
2025-07-05 21:19:00,174 - INFO -   Median similarity: 0.4503
2025-07-05 21:19:00,174 - INFO -   Clean sample similarity: 0.4632
2025-07-05 21:19:00,174 - INFO -   Corrupted sample similarity: 0.1623
2025-07-05 21:19:00,174 - INFO -   Similarity gap (clean - corrupt): 0.3008
2025-07-05 21:19:00,311 - INFO - Epoch 7/30 - Train Loss: 0.2858, Val Loss: 0.2366, Clean Sim: 0.4632, Corrupt Sim: 0.1623, Gap: 0.3008, Time: 969.32s
2025-07-05 21:19:00,311 - INFO - New best validation loss: 0.2366
2025-07-05 21:19:05,786 - INFO - New best similarity gap: 0.3008
2025-07-05 21:31:59,989 - INFO - Epoch 8: Total optimizer steps: 31
2025-07-05 21:35:20,597 - INFO - Validation metrics:
2025-07-05 21:35:20,597 - INFO -   Loss: 0.2334
2025-07-05 21:35:20,597 - INFO -   Average similarity: 0.5744
2025-07-05 21:35:20,597 - INFO -   Median similarity: 0.6509
2025-07-05 21:35:20,597 - INFO -   Clean sample similarity: 0.5744
2025-07-05 21:35:20,597 - INFO -   Corrupted sample similarity: 0.2076
2025-07-05 21:35:20,597 - INFO -   Similarity gap (clean - corrupt): 0.3667
2025-07-05 21:35:20,740 - INFO - Epoch 8/30 - Train Loss: 0.2693, Val Loss: 0.2334, Clean Sim: 0.5744, Corrupt Sim: 0.2076, Gap: 0.3667, Time: 969.46s
2025-07-05 21:35:20,741 - INFO - New best validation loss: 0.2334
2025-07-05 21:35:26,194 - INFO - New best similarity gap: 0.3667
2025-07-05 21:48:20,889 - INFO - Epoch 9: Total optimizer steps: 31
2025-07-05 21:51:42,900 - INFO - Validation metrics:
2025-07-05 21:51:42,900 - INFO -   Loss: 0.2208
2025-07-05 21:51:42,900 - INFO -   Average similarity: 0.4697
2025-07-05 21:51:42,900 - INFO -   Median similarity: 0.4571
2025-07-05 21:51:42,900 - INFO -   Clean sample similarity: 0.4697
2025-07-05 21:51:42,900 - INFO -   Corrupted sample similarity: 0.1507
2025-07-05 21:51:42,900 - INFO -   Similarity gap (clean - corrupt): 0.3190
2025-07-05 21:51:43,033 - INFO - Epoch 9/30 - Train Loss: 0.2538, Val Loss: 0.2208, Clean Sim: 0.4697, Corrupt Sim: 0.1507, Gap: 0.3190, Time: 971.32s
2025-07-05 21:51:43,033 - INFO - New best validation loss: 0.2208
2025-07-05 22:04:30,564 - INFO - Epoch 10: Total optimizer steps: 31
2025-07-05 22:07:52,414 - INFO - Validation metrics:
2025-07-05 22:07:52,414 - INFO -   Loss: 0.2146
2025-07-05 22:07:52,415 - INFO -   Average similarity: 0.7095
2025-07-05 22:07:52,415 - INFO -   Median similarity: 0.8582
2025-07-05 22:07:52,415 - INFO -   Clean sample similarity: 0.7095
2025-07-05 22:07:52,415 - INFO -   Corrupted sample similarity: 0.2510
2025-07-05 22:07:52,415 - INFO -   Similarity gap (clean - corrupt): 0.4585
2025-07-05 22:07:52,531 - INFO - Epoch 10/30 - Train Loss: 0.2430, Val Loss: 0.2146, Clean Sim: 0.7095, Corrupt Sim: 0.2510, Gap: 0.4585, Time: 963.87s
2025-07-05 22:07:52,531 - INFO - New best validation loss: 0.2146
2025-07-05 22:07:58,043 - INFO - New best similarity gap: 0.4585
