2025-07-05 16:30:46,484 - INFO - Training with parameters:
2025-07-05 16:30:46,485 - INFO -   Text model: sentence-transformers/paraphrase-multilingual-mpnet-base-v2
2025-07-05 16:30:46,485 - INFO -   Audio model: facebook/w2v-bert-2.0
2025-07-05 16:30:46,485 - INFO -   Freeze encoders: partial
2025-07-05 16:30:46,485 - INFO -   Text layers to unfreeze: 3
2025-07-05 16:30:46,485 - INFO -   Audio layers to unfreeze: 3
2025-07-05 16:30:46,485 - INFO -   Use cross-modal attention: True
2025-07-05 16:30:46,485 - INFO -   Use attentive pooling: True
2025-07-05 16:30:46,485 - INFO -   Use word-level alignment: True
2025-07-05 16:30:46,485 - INFO -   Batch size: 10
2025-07-05 16:30:46,485 - INFO -   Gradient accumulation steps: 76
2025-07-05 16:30:46,485 - INFO -   Effective batch size: 760
2025-07-05 16:30:46,485 - INFO -   Mixed precision training: False
2025-07-05 16:30:46,486 - INFO -   Learning rate: 0.0021
2025-07-05 16:30:46,486 - INFO -   Temperature: 0.1
2025-07-05 16:30:46,486 - INFO -   Projection dimension: 768
2025-07-05 16:30:46,486 - INFO -   Training samples: 21968
2025-07-05 16:30:46,486 - INFO -   Validation samples: 9464
2025-07-05 16:30:46,486 - INFO -   Test samples: 9467
2025-07-05 16:30:46,486 - INFO -   Max audio length: 480000 samples (30.00 seconds at 16kHz)
2025-07-05 16:30:46,486 - INFO - Loading tokenizer and feature extractor...
2025-07-05 16:30:49,425 - INFO - Feature extractor output keys: ['input_features', 'attention_mask']
2025-07-05 16:30:49,426 - INFO - Creating datasets...
2025-07-05 16:30:49,427 - INFO - Feature extractor output keys: ['input_features', 'attention_mask']
2025-07-05 16:30:49,429 - INFO - Feature extractor output keys: ['input_features', 'attention_mask']
2025-07-05 16:30:49,430 - INFO - Feature extractor output keys: ['input_features', 'attention_mask']
2025-07-05 16:30:49,430 - INFO - Creating data loaders...
2025-07-05 16:30:49,431 - INFO - Checking a sample batch...
2025-07-05 16:30:58,974 - INFO -   input_ids_pos: torch.Size([10, 128])
2025-07-05 16:30:58,975 - INFO -   attention_mask_pos: torch.Size([10, 128])
2025-07-05 16:30:58,975 - INFO -   input_ids_neg: torch.Size([10, 128])
2025-07-05 16:30:58,975 - INFO -   attention_mask_neg: torch.Size([10, 128])
2025-07-05 16:30:58,976 - INFO -   input_values: torch.Size([10, 328, 160])
2025-07-05 16:30:58,976 - INFO -   attention_mask_audio: torch.Size([10, 328])
2025-07-05 16:30:58,976 - INFO -   is_corrupted: torch.Size([10])
2025-07-05 16:30:58,976 - INFO - Initializing model...
2025-07-05 16:31:01,244 - INFO - Text encoder hidden dim: 768
2025-07-05 16:31:01,244 - INFO - Audio encoder hidden dim: 1024
2025-07-05 16:31:01,244 - INFO - Partial freezing: unfreezing last 3 text layers and 3 audio layers
2025-07-05 16:31:01,245 - INFO - Unfreezing text encoder layer 9
2025-07-05 16:31:01,245 - INFO - Unfreezing text encoder layer 10
2025-07-05 16:31:01,245 - INFO - Unfreezing text encoder layer 11
2025-07-05 16:31:01,247 - INFO - Unfreezing audio encoder layer 21
2025-07-05 16:31:01,247 - INFO - Unfreezing audio encoder layer 22
2025-07-05 16:31:01,247 - INFO - Unfreezing audio encoder layer 23
2025-07-05 16:31:01,515 - INFO - Model initialized with 305,994,755 trainable parameters out of 877,571,651 total
2025-07-05 16:31:02,710 - INFO - Using discriminative learning rates: encoder_lr=4.2e-05, main_lr=0.0021
2025-07-05 16:31:02,710 - INFO - Encoder parameters: 156, Non-encoder parameters: 64
2025-07-05 16:31:02,711 - INFO - Scheduler setup:
2025-07-05 16:31:02,711 - INFO -   Batches per epoch: 2196
2025-07-05 16:31:02,711 - INFO -   Accumulation steps: 76
2025-07-05 16:31:02,711 - INFO -   Optimizer steps per epoch: 29
2025-07-05 16:31:02,711 - INFO -   Total optimizer steps: 870
2025-07-05 16:31:02,711 - INFO -   Warmup steps: 1000
2025-07-05 16:31:02,711 - INFO - Validating gradient accumulation setup...
2025-07-05 16:31:02,711 - INFO - Validating gradient accumulation with 76 steps...
2025-07-05 16:31:11,357 - WARNING - Not enough test batches (10) for accumulation_steps (76)
2025-07-05 16:31:11,358 - INFO - Starting training for 30 epochs
2025-07-05 17:33:40,499 - INFO - Epoch 1: Total optimizer steps: 29
2025-07-05 17:45:36,358 - INFO - Validation metrics:
2025-07-05 17:45:36,359 - INFO -   Loss: 0.2941
2025-07-05 17:45:36,359 - INFO -   Average similarity: 0.2193
2025-07-05 17:45:36,359 - INFO -   Median similarity: 0.0650
2025-07-05 17:45:36,359 - INFO -   Clean sample similarity: 0.2193
2025-07-05 17:45:36,359 - INFO -   Corrupted sample similarity: 0.1269
2025-07-05 17:45:36,359 - INFO -   Similarity gap (clean - corrupt): 0.0924
2025-07-05 17:45:36,501 - INFO - Epoch 1/30 - Train Loss: 0.4271, Val Loss: 0.2941, Clean Sim: 0.2193, Corrupt Sim: 0.1269, Gap: 0.0924, Time: 4465.14s
2025-07-05 17:45:36,501 - INFO - New best validation loss: 0.2941
2025-07-05 17:45:46,803 - INFO - New best similarity gap: 0.0924
2025-07-05 18:48:47,733 - INFO - Epoch 2: Total optimizer steps: 29
2025-07-05 19:00:38,709 - INFO - Validation metrics:
2025-07-05 19:00:38,710 - INFO -   Loss: 0.2016
2025-07-05 19:00:38,710 - INFO -   Average similarity: 0.2909
2025-07-05 19:00:38,710 - INFO -   Median similarity: 0.1073
2025-07-05 19:00:38,710 - INFO -   Clean sample similarity: 0.2909
2025-07-05 19:00:38,710 - INFO -   Corrupted sample similarity: 0.1454
2025-07-05 19:00:38,710 - INFO -   Similarity gap (clean - corrupt): 0.1455
2025-07-05 19:00:38,877 - INFO - Epoch 2/30 - Train Loss: 0.2718, Val Loss: 0.2016, Clean Sim: 0.2909, Corrupt Sim: 0.1454, Gap: 0.1455, Time: 4482.40s
2025-07-05 19:00:38,878 - INFO - New best validation loss: 0.2016
2025-07-05 19:00:51,653 - INFO - New best similarity gap: 0.1455
2025-07-05 20:03:19,568 - INFO - Epoch 3: Total optimizer steps: 29
2025-07-05 20:15:30,190 - INFO - Validation metrics:
2025-07-05 20:15:30,191 - INFO -   Loss: 0.1687
2025-07-05 20:15:30,191 - INFO -   Average similarity: 0.2846
2025-07-05 20:15:30,192 - INFO -   Median similarity: 0.1064
2025-07-05 20:15:30,192 - INFO -   Clean sample similarity: 0.2846
2025-07-05 20:15:30,192 - INFO -   Corrupted sample similarity: 0.1286
2025-07-05 20:15:30,192 - INFO -   Similarity gap (clean - corrupt): 0.1560
2025-07-05 20:15:30,370 - INFO - Epoch 3/30 - Train Loss: 0.2141, Val Loss: 0.1687, Clean Sim: 0.2846, Corrupt Sim: 0.1286, Gap: 0.1560, Time: 4464.40s
2025-07-05 20:15:30,370 - INFO - New best validation loss: 0.1687
2025-07-05 20:15:44,080 - INFO - New best similarity gap: 0.1560
2025-07-05 21:18:43,873 - INFO - Epoch 4: Total optimizer steps: 29
2025-07-05 21:30:55,786 - INFO - Validation metrics:
2025-07-05 21:30:55,787 - INFO -   Loss: 0.1520
2025-07-05 21:30:55,787 - INFO -   Average similarity: 0.3348
2025-07-05 21:30:55,787 - INFO -   Median similarity: 0.1907
2025-07-05 21:30:55,787 - INFO -   Clean sample similarity: 0.3348
2025-07-05 21:30:55,787 - INFO -   Corrupted sample similarity: 0.1438
2025-07-05 21:30:55,787 - INFO -   Similarity gap (clean - corrupt): 0.1910
2025-07-05 21:30:55,973 - INFO - Epoch 4/30 - Train Loss: 0.1901, Val Loss: 0.1520, Clean Sim: 0.3348, Corrupt Sim: 0.1438, Gap: 0.1910, Time: 4496.37s
2025-07-05 21:30:55,973 - INFO - New best validation loss: 0.1520
2025-07-05 21:31:07,983 - INFO - New best similarity gap: 0.1910
2025-07-05 22:33:52,514 - INFO - Epoch 5: Total optimizer steps: 29
2025-07-05 22:45:58,368 - INFO - Validation metrics:
2025-07-05 22:45:58,368 - INFO -   Loss: 0.1407
2025-07-05 22:45:58,368 - INFO -   Average similarity: 0.2478
2025-07-05 22:45:58,368 - INFO -   Median similarity: 0.1261
2025-07-05 22:45:58,368 - INFO -   Clean sample similarity: 0.2478
2025-07-05 22:45:58,369 - INFO -   Corrupted sample similarity: 0.0884
2025-07-05 22:45:58,369 - INFO -   Similarity gap (clean - corrupt): 0.1594
2025-07-05 22:45:58,502 - INFO - Epoch 5/30 - Train Loss: 0.1713, Val Loss: 0.1407, Clean Sim: 0.2478, Corrupt Sim: 0.0884, Gap: 0.1594, Time: 4477.06s
2025-07-05 22:45:58,502 - INFO - New best validation loss: 0.1407
2025-07-05 23:59:24,319 - INFO - Epoch 6: Total optimizer steps: 29
2025-07-06 00:11:35,500 - INFO - Validation metrics:
2025-07-06 00:11:35,501 - INFO -   Loss: 0.1307
2025-07-06 00:11:35,501 - INFO -   Average similarity: 0.2988
2025-07-06 00:11:35,501 - INFO -   Median similarity: 0.2132
2025-07-06 00:11:35,501 - INFO -   Clean sample similarity: 0.2988
2025-07-06 00:11:35,501 - INFO -   Corrupted sample similarity: 0.1000
2025-07-06 00:11:35,501 - INFO -   Similarity gap (clean - corrupt): 0.1988
2025-07-06 00:11:35,690 - INFO - Epoch 6/30 - Train Loss: 0.1593, Val Loss: 0.1307, Clean Sim: 0.2988, Corrupt Sim: 0.1000, Gap: 0.1988, Time: 4481.16s
2025-07-06 00:11:35,691 - INFO - New best validation loss: 0.1307
2025-07-06 00:11:49,155 - INFO - New best similarity gap: 0.1988
2025-07-06 01:15:04,269 - INFO - Epoch 7: Total optimizer steps: 29
2025-07-06 01:27:21,317 - INFO - Validation metrics:
2025-07-06 01:27:21,318 - INFO -   Loss: 0.1226
2025-07-06 01:27:21,318 - INFO -   Average similarity: 0.3442
2025-07-06 01:27:21,318 - INFO -   Median similarity: 0.2831
2025-07-06 01:27:21,318 - INFO -   Clean sample similarity: 0.3442
2025-07-06 01:27:21,318 - INFO -   Corrupted sample similarity: 0.1114
2025-07-06 01:27:21,318 - INFO -   Similarity gap (clean - corrupt): 0.2328
2025-07-06 01:27:21,493 - INFO - Epoch 7/30 - Train Loss: 0.1497, Val Loss: 0.1226, Clean Sim: 0.3442, Corrupt Sim: 0.1114, Gap: 0.2328, Time: 4516.15s
2025-07-06 01:27:21,494 - INFO - New best validation loss: 0.1226
2025-07-06 01:27:35,089 - INFO - New best similarity gap: 0.2328
2025-07-06 02:29:25,256 - INFO - Epoch 8: Total optimizer steps: 29
2025-07-06 02:41:10,117 - INFO - Validation metrics:
2025-07-06 02:41:10,118 - INFO -   Loss: 0.1181
2025-07-06 02:41:10,118 - INFO -   Average similarity: 0.2998
2025-07-06 02:41:10,118 - INFO -   Median similarity: 0.2232
2025-07-06 02:41:10,118 - INFO -   Clean sample similarity: 0.2998
2025-07-06 02:41:10,118 - INFO -   Corrupted sample similarity: 0.0876
2025-07-06 02:41:10,118 - INFO -   Similarity gap (clean - corrupt): 0.2121
2025-07-06 02:41:10,272 - INFO - Epoch 8/30 - Train Loss: 0.1430, Val Loss: 0.1181, Clean Sim: 0.2998, Corrupt Sim: 0.0876, Gap: 0.2121, Time: 4401.68s
2025-07-06 02:41:10,273 - INFO - New best validation loss: 0.1181
2025-07-06 03:44:37,446 - INFO - Epoch 9: Total optimizer steps: 29
2025-07-06 03:57:02,646 - INFO - Validation metrics:
2025-07-06 03:57:02,646 - INFO -   Loss: 0.1169
2025-07-06 03:57:02,647 - INFO -   Average similarity: 0.4498
2025-07-06 03:57:02,647 - INFO -   Median similarity: 0.4519
2025-07-06 03:57:02,647 - INFO -   Clean sample similarity: 0.4498
2025-07-06 03:57:02,647 - INFO -   Corrupted sample similarity: 0.1448
2025-07-06 03:57:02,647 - INFO -   Similarity gap (clean - corrupt): 0.3050
2025-07-06 03:57:02,789 - INFO - Epoch 9/30 - Train Loss: 0.1355, Val Loss: 0.1169, Clean Sim: 0.4498, Corrupt Sim: 0.1448, Gap: 0.3050, Time: 4541.24s
2025-07-06 03:57:02,790 - INFO - New best validation loss: 0.1169
2025-07-06 03:57:16,398 - INFO - New best similarity gap: 0.3050
2025-07-06 05:02:01,684 - INFO - Epoch 10: Total optimizer steps: 29
2025-07-06 05:13:39,817 - INFO - Validation metrics:
2025-07-06 05:13:39,818 - INFO -   Loss: 0.1130
2025-07-06 05:13:39,818 - INFO -   Average similarity: 0.4449
2025-07-06 05:13:39,818 - INFO -   Median similarity: 0.4299
2025-07-06 05:13:39,818 - INFO -   Clean sample similarity: 0.4449
2025-07-06 05:13:39,819 - INFO -   Corrupted sample similarity: 0.1480
2025-07-06 05:13:39,819 - INFO -   Similarity gap (clean - corrupt): 0.2968
2025-07-06 05:13:39,993 - INFO - Epoch 10/30 - Train Loss: 0.1306, Val Loss: 0.1130, Clean Sim: 0.4449, Corrupt Sim: 0.1480, Gap: 0.2968, Time: 4570.07s
2025-07-06 05:13:39,994 - INFO - New best validation loss: 0.1130
2025-07-06 06:27:49,865 - INFO - Epoch 11: Total optimizer steps: 29
2025-07-06 06:39:52,006 - INFO - Validation metrics:
2025-07-06 06:39:52,007 - INFO -   Loss: 0.1072
2025-07-06 06:39:52,007 - INFO -   Average similarity: 0.4844
2025-07-06 06:39:52,007 - INFO -   Median similarity: 0.5019
2025-07-06 06:39:52,007 - INFO -   Clean sample similarity: 0.4844
2025-07-06 06:39:52,007 - INFO -   Corrupted sample similarity: 0.1403
2025-07-06 06:39:52,008 - INFO -   Similarity gap (clean - corrupt): 0.3441
2025-07-06 06:39:52,187 - INFO - Epoch 11/30 - Train Loss: 0.1224, Val Loss: 0.1072, Clean Sim: 0.4844, Corrupt Sim: 0.1403, Gap: 0.3441, Time: 4487.17s
2025-07-06 06:39:52,187 - INFO - New best validation loss: 0.1072
2025-07-06 06:40:06,120 - INFO - New best similarity gap: 0.3441
2025-07-06 07:43:15,646 - INFO - Epoch 12: Total optimizer steps: 29
2025-07-06 07:55:26,774 - INFO - Validation metrics:
2025-07-06 07:55:26,775 - INFO -   Loss: 0.1063
2025-07-06 07:55:26,775 - INFO -   Average similarity: 0.3773
2025-07-06 07:55:26,775 - INFO -   Median similarity: 0.3163
2025-07-06 07:55:26,775 - INFO -   Clean sample similarity: 0.3773
2025-07-06 07:55:26,775 - INFO -   Corrupted sample similarity: 0.1125
2025-07-06 07:55:26,775 - INFO -   Similarity gap (clean - corrupt): 0.2648
2025-07-06 07:55:26,957 - INFO - Epoch 12/30 - Train Loss: 0.1216, Val Loss: 0.1063, Clean Sim: 0.3773, Corrupt Sim: 0.1125, Gap: 0.2648, Time: 4506.55s
2025-07-06 07:55:26,957 - INFO - New best validation loss: 0.1063
2025-07-06 08:59:23,819 - INFO - Epoch 13: Total optimizer steps: 29
2025-07-06 09:11:29,091 - INFO - Validation metrics:
2025-07-06 09:11:29,092 - INFO -   Loss: 0.1051
2025-07-06 09:11:29,092 - INFO -   Average similarity: 0.4953
2025-07-06 09:11:29,093 - INFO -   Median similarity: 0.5080
2025-07-06 09:11:29,093 - INFO -   Clean sample similarity: 0.4953
2025-07-06 09:11:29,093 - INFO -   Corrupted sample similarity: 0.1476
2025-07-06 09:11:29,093 - INFO -   Similarity gap (clean - corrupt): 0.3477
2025-07-06 09:11:29,250 - INFO - Epoch 13/30 - Train Loss: 0.1148, Val Loss: 0.1051, Clean Sim: 0.4953, Corrupt Sim: 0.1476, Gap: 0.3477, Time: 4548.09s
2025-07-06 09:11:29,250 - INFO - New best validation loss: 0.1051
2025-07-06 09:11:43,145 - INFO - New best similarity gap: 0.3477
2025-07-06 10:14:03,926 - INFO - Epoch 14: Total optimizer steps: 29
2025-07-06 10:26:32,006 - INFO - Validation metrics:
2025-07-06 10:26:32,006 - INFO -   Loss: 0.0982
2025-07-06 10:26:32,006 - INFO -   Average similarity: 0.4594
2025-07-06 10:26:32,007 - INFO -   Median similarity: 0.4582
2025-07-06 10:26:32,007 - INFO -   Clean sample similarity: 0.4594
2025-07-06 10:26:32,007 - INFO -   Corrupted sample similarity: 0.1225
2025-07-06 10:26:32,007 - INFO -   Similarity gap (clean - corrupt): 0.3369
2025-07-06 10:26:32,184 - INFO - Epoch 14/30 - Train Loss: 0.1113, Val Loss: 0.0982, Clean Sim: 0.4594, Corrupt Sim: 0.1225, Gap: 0.3369, Time: 4474.00s
2025-07-06 10:26:32,184 - INFO - New best validation loss: 0.0982
2025-07-06 11:29:07,759 - INFO - Epoch 15: Total optimizer steps: 29
2025-07-06 11:41:24,107 - INFO - Validation metrics:
2025-07-06 11:41:24,108 - INFO -   Loss: 0.1045
2025-07-06 11:41:24,108 - INFO -   Average similarity: 0.4179
2025-07-06 11:41:24,108 - INFO -   Median similarity: 0.3641
2025-07-06 11:41:24,108 - INFO -   Clean sample similarity: 0.4179
2025-07-06 11:41:24,108 - INFO -   Corrupted sample similarity: 0.1455
2025-07-06 11:41:24,108 - INFO -   Similarity gap (clean - corrupt): 0.2724
2025-07-06 11:41:24,282 - INFO - Epoch 15/30 - Train Loss: 0.1045, Val Loss: 0.1045, Clean Sim: 0.4179, Corrupt Sim: 0.1455, Gap: 0.2724, Time: 4478.42s
2025-07-06 12:54:01,121 - INFO - Epoch 16: Total optimizer steps: 29
2025-07-06 13:06:35,743 - INFO - Validation metrics:
2025-07-06 13:06:35,744 - INFO -   Loss: 0.1016
2025-07-06 13:06:35,744 - INFO -   Average similarity: 0.6114
2025-07-06 13:06:35,744 - INFO -   Median similarity: 0.6718
2025-07-06 13:06:35,744 - INFO -   Clean sample similarity: 0.6114
2025-07-06 13:06:35,744 - INFO -   Corrupted sample similarity: 0.1882
2025-07-06 13:06:35,744 - INFO -   Similarity gap (clean - corrupt): 0.4232
2025-07-06 13:06:35,915 - INFO - Epoch 16/30 - Train Loss: 0.0964, Val Loss: 0.1016, Clean Sim: 0.6114, Corrupt Sim: 0.1882, Gap: 0.4232, Time: 4439.34s
2025-07-06 13:06:35,916 - INFO - New best similarity gap: 0.4232
2025-07-06 14:11:54,947 - INFO - Epoch 17: Total optimizer steps: 29
2025-07-06 14:24:12,509 - INFO - Validation metrics:
2025-07-06 14:24:12,510 - INFO -   Loss: 0.0990
2025-07-06 14:24:12,510 - INFO -   Average similarity: 0.4475
2025-07-06 14:24:12,510 - INFO -   Median similarity: 0.4274
2025-07-06 14:24:12,510 - INFO -   Clean sample similarity: 0.4475
2025-07-06 14:24:12,510 - INFO -   Corrupted sample similarity: 0.1384
2025-07-06 14:24:12,510 - INFO -   Similarity gap (clean - corrupt): 0.3091
2025-07-06 14:24:12,693 - INFO - Epoch 17/30 - Train Loss: 0.0958, Val Loss: 0.0990, Clean Sim: 0.4475, Corrupt Sim: 0.1384, Gap: 0.3091, Time: 4643.07s
2025-07-06 15:26:36,184 - INFO - Epoch 18: Total optimizer steps: 29
2025-07-06 15:38:40,210 - INFO - Validation metrics:
2025-07-06 15:38:40,211 - INFO -   Loss: 0.1015
2025-07-06 15:38:40,211 - INFO -   Average similarity: 0.5454
2025-07-06 15:38:40,211 - INFO -   Median similarity: 0.5852
2025-07-06 15:38:40,211 - INFO -   Clean sample similarity: 0.5454
2025-07-06 15:38:40,211 - INFO -   Corrupted sample similarity: 0.1640
2025-07-06 15:38:40,211 - INFO -   Similarity gap (clean - corrupt): 0.3813
2025-07-06 15:38:40,375 - INFO - Epoch 18/30 - Train Loss: 0.0924, Val Loss: 0.1015, Clean Sim: 0.5454, Corrupt Sim: 0.1640, Gap: 0.3813, Time: 4467.68s
2025-07-06 16:41:44,098 - INFO - Epoch 19: Total optimizer steps: 29
2025-07-06 16:53:47,463 - INFO - Validation metrics:
2025-07-06 16:53:47,464 - INFO -   Loss: 0.1069
2025-07-06 16:53:47,464 - INFO -   Average similarity: 0.7066
2025-07-06 16:53:47,464 - INFO -   Median similarity: 0.7733
2025-07-06 16:53:47,464 - INFO -   Clean sample similarity: 0.7066
2025-07-06 16:53:47,464 - INFO -   Corrupted sample similarity: 0.2441
2025-07-06 16:53:47,464 - INFO -   Similarity gap (clean - corrupt): 0.4624
2025-07-06 16:53:47,622 - INFO - Epoch 19/30 - Train Loss: 0.0838, Val Loss: 0.1069, Clean Sim: 0.7066, Corrupt Sim: 0.2441, Gap: 0.4624, Time: 4507.25s
2025-07-06 16:53:47,622 - INFO - New best similarity gap: 0.4624
2025-07-06 17:57:03,600 - INFO - Epoch 20: Total optimizer steps: 29
2025-07-06 18:09:52,174 - INFO - Validation metrics:
2025-07-06 18:09:52,174 - INFO -   Loss: 0.1029
2025-07-06 18:09:52,174 - INFO -   Average similarity: 0.7202
2025-07-06 18:09:52,174 - INFO -   Median similarity: 0.7868
2025-07-06 18:09:52,174 - INFO -   Clean sample similarity: 0.7202
2025-07-06 18:09:52,174 - INFO -   Corrupted sample similarity: 0.2331
2025-07-06 18:09:52,175 - INFO -   Similarity gap (clean - corrupt): 0.4871
2025-07-06 18:09:52,332 - INFO - Epoch 20/30 - Train Loss: 0.0711, Val Loss: 0.1029, Clean Sim: 0.7202, Corrupt Sim: 0.2331, Gap: 0.4871, Time: 4550.47s
2025-07-06 18:09:52,332 - INFO - New best similarity gap: 0.4871
2025-07-06 19:26:14,822 - INFO - Epoch 21: Total optimizer steps: 29
2025-07-06 19:37:52,821 - INFO - Validation metrics:
2025-07-06 19:37:52,822 - INFO -   Loss: 0.1070
2025-07-06 19:37:52,822 - INFO -   Average similarity: 0.2244
2025-07-06 19:37:52,822 - INFO -   Median similarity: 0.1365
2025-07-06 19:37:52,822 - INFO -   Clean sample similarity: 0.2244
2025-07-06 19:37:52,822 - INFO -   Corrupted sample similarity: 0.0638
2025-07-06 19:37:52,822 - INFO -   Similarity gap (clean - corrupt): 0.1607
2025-07-06 19:37:53,018 - INFO - Epoch 21/30 - Train Loss: 0.0625, Val Loss: 0.1070, Clean Sim: 0.2244, Corrupt Sim: 0.0638, Gap: 0.1607, Time: 4568.83s
2025-07-06 20:41:46,369 - INFO - Epoch 22: Total optimizer steps: 29
2025-07-06 20:54:18,115 - INFO - Validation metrics:
2025-07-06 20:54:18,116 - INFO -   Loss: 0.1026
2025-07-06 20:54:18,116 - INFO -   Average similarity: 0.6413
2025-07-06 20:54:18,116 - INFO -   Median similarity: 0.6892
2025-07-06 20:54:18,116 - INFO -   Clean sample similarity: 0.6413
2025-07-06 20:54:18,116 - INFO -   Corrupted sample similarity: 0.2084
2025-07-06 20:54:18,116 - INFO -   Similarity gap (clean - corrupt): 0.4328
2025-07-06 20:54:18,289 - INFO - Epoch 22/30 - Train Loss: 0.0519, Val Loss: 0.1026, Clean Sim: 0.6413, Corrupt Sim: 0.2084, Gap: 0.4328, Time: 4585.27s
2025-07-06 21:56:30,257 - INFO - Epoch 23: Total optimizer steps: 29
2025-07-06 22:09:09,265 - INFO - Validation metrics:
2025-07-06 22:09:09,266 - INFO -   Loss: 0.1206
2025-07-06 22:09:09,266 - INFO -   Average similarity: 0.6755
2025-07-06 22:09:09,266 - INFO -   Median similarity: 0.7257
2025-07-06 22:09:09,266 - INFO -   Clean sample similarity: 0.6755
2025-07-06 22:09:09,266 - INFO -   Corrupted sample similarity: 0.2596
2025-07-06 22:09:09,266 - INFO -   Similarity gap (clean - corrupt): 0.4159
2025-07-06 22:09:09,436 - INFO - Epoch 23/30 - Train Loss: 0.0474, Val Loss: 0.1206, Clean Sim: 0.6755, Corrupt Sim: 0.2596, Gap: 0.4159, Time: 4491.15s
