2025-07-08 23:19:09,452 - INFO - Training with parameters:
2025-07-08 23:19:09,452 - INFO -   Text model: sentence-transformers/paraphrase-multilingual-mpnet-base-v2
2025-07-08 23:19:09,452 - INFO -   Audio model: facebook/w2v-bert-2.0
2025-07-08 23:19:09,452 - INFO -   Freeze encoders: partial
2025-07-08 23:19:09,452 - INFO -   Text layers to unfreeze: 3
2025-07-08 23:19:09,452 - INFO -   Audio layers to unfreeze: 3
2025-07-08 23:19:09,452 - INFO -   Use cross-modal attention: False
2025-07-08 23:19:09,452 - INFO -   Use attentive pooling: False
2025-07-08 23:19:09,452 - INFO -   Use word-level alignment: True
2025-07-08 23:19:09,452 - INFO -   Batch size: 48
2025-07-08 23:19:09,452 - INFO -   Gradient accumulation steps: 15
2025-07-08 23:19:09,452 - INFO -   Effective batch size: 720
2025-07-08 23:19:09,452 - INFO -   Mixed precision training: False
2025-07-08 23:19:09,452 - INFO -   Learning rate: 0.0021
2025-07-08 23:19:09,452 - INFO -   Temperature: 0.1
2025-07-08 23:19:09,452 - INFO -   Projection dimension: 768
2025-07-08 23:19:09,452 - INFO -   Training samples: 21968
2025-07-08 23:19:09,452 - INFO -   Validation samples: 9464
2025-07-08 23:19:09,452 - INFO -   Test samples: 9467
2025-07-08 23:19:09,452 - INFO -   Max audio length: 480000 samples (30.00 seconds at 16kHz)
2025-07-08 23:19:09,452 - INFO - Loading tokenizer and feature extractor...
2025-07-08 23:19:10,417 - INFO - Feature extractor output keys: ['input_features', 'attention_mask']
2025-07-08 23:19:10,417 - INFO - Creating datasets...
2025-07-08 23:19:10,418 - INFO - Feature extractor output keys: ['input_features', 'attention_mask']
2025-07-08 23:19:10,418 - INFO - Feature extractor output keys: ['input_features', 'attention_mask']
2025-07-08 23:19:10,418 - INFO - Feature extractor output keys: ['input_features', 'attention_mask']
2025-07-08 23:19:10,418 - INFO - Creating data loaders...
2025-07-08 23:19:10,419 - INFO - Checking a sample batch...
2025-07-08 23:19:26,435 - INFO -   input_ids_pos: torch.Size([48, 128])
2025-07-08 23:19:26,435 - INFO -   attention_mask_pos: torch.Size([48, 128])
2025-07-08 23:19:26,435 - INFO -   input_ids_neg: torch.Size([48, 128])
2025-07-08 23:19:26,435 - INFO -   attention_mask_neg: torch.Size([48, 128])
2025-07-08 23:19:26,435 - INFO -   input_values: torch.Size([48, 473, 160])
2025-07-08 23:19:26,435 - INFO -   attention_mask_audio: torch.Size([48, 473])
2025-07-08 23:19:26,435 - INFO -   is_corrupted: torch.Size([48])
2025-07-08 23:19:26,435 - INFO - Initializing model...
2025-07-08 23:19:27,185 - INFO - Text encoder hidden dim: 768
2025-07-08 23:19:27,185 - INFO - Audio encoder hidden dim: 1024
2025-07-08 23:19:27,185 - INFO - Partial freezing: unfreezing last 3 text layers and 3 audio layers
2025-07-08 23:19:27,186 - INFO - Unfreezing text encoder layer 9
2025-07-08 23:19:27,186 - INFO - Unfreezing text encoder layer 10
2025-07-08 23:19:27,186 - INFO - Unfreezing text encoder layer 11
2025-07-08 23:19:27,187 - INFO - Unfreezing audio encoder layer 21
2025-07-08 23:19:27,187 - INFO - Unfreezing audio encoder layer 22
2025-07-08 23:19:27,187 - INFO - Unfreezing audio encoder layer 23
2025-07-08 23:19:27,258 - INFO - Model initialized with 300,250,881 trainable parameters out of 871,827,777 total
2025-07-08 23:19:28,129 - INFO - Using discriminative learning rates: encoder_lr=4.2e-05, main_lr=0.0021
2025-07-08 23:19:28,129 - INFO - Encoder parameters: 156, Non-encoder parameters: 36
2025-07-08 23:19:28,129 - INFO - Scheduler setup:
2025-07-08 23:19:28,129 - INFO -   Batches per epoch: 457
2025-07-08 23:19:28,129 - INFO -   Accumulation steps: 15
2025-07-08 23:19:28,129 - INFO -   Optimizer steps per epoch: 31
2025-07-08 23:19:28,129 - INFO -   Total optimizer steps: 930
2025-07-08 23:19:28,129 - INFO -   Warmup steps: 1000
2025-07-08 23:19:28,129 - INFO - Validating gradient accumulation setup...
2025-07-08 23:19:28,129 - INFO - Validating gradient accumulation with 15 steps...
2025-07-08 23:19:46,443 - WARNING - Not enough test batches (10) for accumulation_steps (15)
2025-07-08 23:19:46,443 - INFO - Starting training for 30 epochs
2025-07-08 23:31:39,390 - INFO - Training with parameters:
2025-07-08 23:31:39,390 - INFO -   Text model: sentence-transformers/paraphrase-multilingual-mpnet-base-v2
2025-07-08 23:31:39,390 - INFO -   Audio model: facebook/w2v-bert-2.0
2025-07-08 23:31:39,390 - INFO -   Freeze encoders: partial
2025-07-08 23:31:39,390 - INFO -   Text layers to unfreeze: 3
2025-07-08 23:31:39,390 - INFO -   Audio layers to unfreeze: 3
2025-07-08 23:31:39,390 - INFO -   Use cross-modal attention: False
2025-07-08 23:31:39,390 - INFO -   Use attentive pooling: False
2025-07-08 23:31:39,390 - INFO -   Use word-level alignment: True
2025-07-08 23:31:39,390 - INFO -   Batch size: 48
2025-07-08 23:31:39,390 - INFO -   Gradient accumulation steps: 15
2025-07-08 23:31:39,390 - INFO -   Effective batch size: 720
2025-07-08 23:31:39,390 - INFO -   Mixed precision training: False
2025-07-08 23:31:39,390 - INFO -   Learning rate: 0.0008
2025-07-08 23:31:39,390 - INFO -   Temperature: 0.1
2025-07-08 23:31:39,391 - INFO -   Projection dimension: 768
2025-07-08 23:31:39,391 - INFO -   Training samples: 21968
2025-07-08 23:31:39,391 - INFO -   Validation samples: 9464
2025-07-08 23:31:39,391 - INFO -   Test samples: 9467
2025-07-08 23:31:39,391 - INFO -   Max audio length: 480000 samples (30.00 seconds at 16kHz)
2025-07-08 23:31:39,391 - INFO - Loading tokenizer and feature extractor...
2025-07-08 23:31:40,416 - INFO - Feature extractor output keys: ['input_features', 'attention_mask']
2025-07-08 23:31:40,416 - INFO - Creating datasets...
2025-07-08 23:31:40,416 - INFO - Feature extractor output keys: ['input_features', 'attention_mask']
2025-07-08 23:31:40,417 - INFO - Feature extractor output keys: ['input_features', 'attention_mask']
2025-07-08 23:31:40,417 - INFO - Feature extractor output keys: ['input_features', 'attention_mask']
2025-07-08 23:31:40,417 - INFO - Creating data loaders...
2025-07-08 23:31:40,417 - INFO - Checking a sample batch...
2025-07-08 23:31:58,361 - INFO -   input_ids_pos: torch.Size([48, 128])
2025-07-08 23:31:58,361 - INFO -   attention_mask_pos: torch.Size([48, 128])
2025-07-08 23:31:58,361 - INFO -   input_ids_neg: torch.Size([48, 128])
2025-07-08 23:31:58,361 - INFO -   attention_mask_neg: torch.Size([48, 128])
2025-07-08 23:31:58,361 - INFO -   input_values: torch.Size([48, 473, 160])
2025-07-08 23:31:58,361 - INFO -   attention_mask_audio: torch.Size([48, 473])
2025-07-08 23:31:58,361 - INFO -   is_corrupted: torch.Size([48])
2025-07-08 23:31:58,361 - INFO - Initializing model...
2025-07-08 23:31:59,111 - INFO - Text encoder hidden dim: 768
2025-07-08 23:31:59,111 - INFO - Audio encoder hidden dim: 1024
2025-07-08 23:31:59,111 - INFO - Partial freezing: unfreezing last 3 text layers and 3 audio layers
2025-07-08 23:31:59,112 - INFO - Unfreezing text encoder layer 9
2025-07-08 23:31:59,112 - INFO - Unfreezing text encoder layer 10
2025-07-08 23:31:59,112 - INFO - Unfreezing text encoder layer 11
2025-07-08 23:31:59,113 - INFO - Unfreezing audio encoder layer 21
2025-07-08 23:31:59,113 - INFO - Unfreezing audio encoder layer 22
2025-07-08 23:31:59,113 - INFO - Unfreezing audio encoder layer 23
2025-07-08 23:31:59,187 - INFO - Model initialized with 300,250,881 trainable parameters out of 871,827,777 total
2025-07-08 23:32:00,592 - INFO - Using discriminative learning rates: encoder_lr=4e-05, main_lr=0.0008
2025-07-08 23:32:00,592 - INFO - Encoder parameters: 156, Non-encoder parameters: 36
2025-07-08 23:32:00,592 - INFO - Scheduler setup:
2025-07-08 23:32:00,592 - INFO -   Batches per epoch: 457
2025-07-08 23:32:00,592 - INFO -   Accumulation steps: 15
2025-07-08 23:32:00,592 - INFO -   Optimizer steps per epoch: 31
2025-07-08 23:32:00,593 - INFO -   Total optimizer steps: 930
2025-07-08 23:32:00,593 - INFO -   Warmup steps: 1000
2025-07-08 23:32:00,593 - INFO - Validating gradient accumulation setup...
2025-07-08 23:32:00,593 - INFO - Validating gradient accumulation with 15 steps...
2025-07-08 23:32:18,698 - WARNING - Not enough test batches (10) for accumulation_steps (15)
2025-07-08 23:32:18,698 - INFO - Starting training for 30 epochs
2025-07-08 23:45:27,436 - INFO - Epoch 1: Total optimizer steps: 31
2025-07-08 23:48:45,816 - INFO - Validation metrics:
2025-07-08 23:48:45,817 - INFO -   Loss: 0.4809
2025-07-08 23:48:45,817 - INFO -   Average similarity: 0.1060
2025-07-08 23:48:45,817 - INFO -   Median similarity: 0.0591
2025-07-08 23:48:45,817 - INFO -   Clean sample similarity: 0.1060
2025-07-08 23:48:45,817 - INFO -   Corrupted sample similarity: 0.0672
2025-07-08 23:48:45,817 - INFO -   Similarity gap (clean - corrupt): 0.0388
2025-07-08 23:48:45,934 - INFO - Epoch 1/30 - Train Loss: 0.6259, Val Loss: 0.4809, Clean Sim: 0.1060, Corrupt Sim: 0.0672, Gap: 0.0388, Time: 987.24s
2025-07-08 23:48:45,934 - INFO - New best validation loss: 0.4809
2025-07-08 23:48:52,263 - INFO - New best similarity gap: 0.0388
2025-07-09 00:02:20,574 - INFO - Epoch 2: Total optimizer steps: 31
2025-07-09 00:05:39,084 - INFO - Validation metrics:
2025-07-09 00:05:39,085 - INFO -   Loss: 0.3702
2025-07-09 00:05:39,085 - INFO -   Average similarity: 0.3362
2025-07-09 00:05:39,085 - INFO -   Median similarity: 0.1662
2025-07-09 00:05:39,085 - INFO -   Clean sample similarity: 0.3362
2025-07-09 00:05:39,085 - INFO -   Corrupted sample similarity: 0.1933
2025-07-09 00:05:39,085 - INFO -   Similarity gap (clean - corrupt): 0.1429
2025-07-09 00:05:39,190 - INFO - Epoch 2/30 - Train Loss: 0.4695, Val Loss: 0.3702, Clean Sim: 0.3362, Corrupt Sim: 0.1933, Gap: 0.1429, Time: 1000.67s
2025-07-09 00:05:39,190 - INFO - New best validation loss: 0.3702
2025-07-09 00:05:46,047 - INFO - New best similarity gap: 0.1429
2025-07-09 00:08:31,139 - INFO - Epoch 2 Validation Alignment: Pos=0.032, Neg=0.029, Gap=0.003
2025-07-09 00:21:45,043 - INFO - Epoch 3: Total optimizer steps: 31
2025-07-09 00:25:03,695 - INFO - Validation metrics:
2025-07-09 00:25:03,695 - INFO -   Loss: 0.3120
2025-07-09 00:25:03,695 - INFO -   Average similarity: 0.5057
2025-07-09 00:25:03,695 - INFO -   Median similarity: 0.5565
2025-07-09 00:25:03,695 - INFO -   Clean sample similarity: 0.5057
2025-07-09 00:25:03,695 - INFO -   Corrupted sample similarity: 0.2781
2025-07-09 00:25:03,695 - INFO -   Similarity gap (clean - corrupt): 0.2277
2025-07-09 00:25:03,798 - INFO - Epoch 3/30 - Train Loss: 0.3874, Val Loss: 0.3120, Clean Sim: 0.5057, Corrupt Sim: 0.2781, Gap: 0.2277, Time: 992.66s
2025-07-09 00:25:03,798 - INFO - New best validation loss: 0.3120
2025-07-09 00:25:10,639 - INFO - New best similarity gap: 0.2277
2025-07-09 00:38:39,569 - INFO - Epoch 4: Total optimizer steps: 31
2025-07-09 00:41:59,672 - INFO - Validation metrics:
2025-07-09 00:41:59,672 - INFO -   Loss: 0.2777
2025-07-09 00:41:59,672 - INFO -   Average similarity: 0.5823
2025-07-09 00:41:59,672 - INFO -   Median similarity: 0.7850
2025-07-09 00:41:59,672 - INFO -   Clean sample similarity: 0.5823
2025-07-09 00:41:59,672 - INFO -   Corrupted sample similarity: 0.3078
2025-07-09 00:41:59,672 - INFO -   Similarity gap (clean - corrupt): 0.2745
2025-07-09 00:41:59,781 - INFO - Epoch 4/30 - Train Loss: 0.3388, Val Loss: 0.2777, Clean Sim: 0.5823, Corrupt Sim: 0.3078, Gap: 0.2745, Time: 1001.80s
2025-07-09 00:41:59,781 - INFO - New best validation loss: 0.2777
2025-07-09 00:42:06,795 - INFO - New best similarity gap: 0.2745
2025-07-09 00:44:52,685 - INFO - Epoch 4 Validation Alignment: Pos=0.008, Neg=0.011, Gap=-0.002
2025-07-09 00:58:08,528 - INFO - Epoch 5: Total optimizer steps: 31
2025-07-09 01:01:25,986 - INFO - Validation metrics:
2025-07-09 01:01:25,986 - INFO -   Loss: 0.2538
2025-07-09 01:01:25,986 - INFO -   Average similarity: 0.5718
2025-07-09 01:01:25,986 - INFO -   Median similarity: 0.7775
2025-07-09 01:01:25,986 - INFO -   Clean sample similarity: 0.5718
2025-07-09 01:01:25,986 - INFO -   Corrupted sample similarity: 0.2718
2025-07-09 01:01:25,986 - INFO -   Similarity gap (clean - corrupt): 0.3001
2025-07-09 01:01:26,104 - INFO - Epoch 5/30 - Train Loss: 0.3170, Val Loss: 0.2538, Clean Sim: 0.5718, Corrupt Sim: 0.2718, Gap: 0.3001, Time: 993.42s
2025-07-09 01:01:26,104 - INFO - New best validation loss: 0.2538
2025-07-09 01:01:32,971 - INFO - New best similarity gap: 0.3001
2025-07-09 01:15:02,651 - INFO - Epoch 6: Total optimizer steps: 31
2025-07-09 01:18:20,933 - INFO - Validation metrics:
2025-07-09 01:18:20,935 - INFO -   Loss: 0.2470
2025-07-09 01:18:20,935 - INFO -   Average similarity: 0.6309
2025-07-09 01:18:20,935 - INFO -   Median similarity: 0.8873
2025-07-09 01:18:20,935 - INFO -   Clean sample similarity: 0.6309
2025-07-09 01:18:20,936 - INFO -   Corrupted sample similarity: 0.3129
2025-07-09 01:18:20,936 - INFO -   Similarity gap (clean - corrupt): 0.3181
2025-07-09 01:18:21,044 - INFO - Epoch 6/30 - Train Loss: 0.3025, Val Loss: 0.2470, Clean Sim: 0.6309, Corrupt Sim: 0.3129, Gap: 0.3181, Time: 1000.67s
2025-07-09 01:18:21,045 - INFO - New best validation loss: 0.2470
2025-07-09 01:18:27,958 - INFO - New best similarity gap: 0.3181
2025-07-09 01:21:13,204 - INFO - Epoch 6 Validation Alignment: Pos=0.002, Neg=0.003, Gap=-0.001
2025-07-09 01:34:29,165 - INFO - Epoch 7: Total optimizer steps: 31
2025-07-09 01:37:46,747 - INFO - Validation metrics:
2025-07-09 01:37:46,747 - INFO -   Loss: 0.2353
2025-07-09 01:37:46,747 - INFO -   Average similarity: 0.6491
2025-07-09 01:37:46,747 - INFO -   Median similarity: 0.9083
2025-07-09 01:37:46,747 - INFO -   Clean sample similarity: 0.6491
2025-07-09 01:37:46,747 - INFO -   Corrupted sample similarity: 0.3106
2025-07-09 01:37:46,747 - INFO -   Similarity gap (clean - corrupt): 0.3386
2025-07-09 01:37:46,869 - INFO - Epoch 7/30 - Train Loss: 0.2958, Val Loss: 0.2353, Clean Sim: 0.6491, Corrupt Sim: 0.3106, Gap: 0.3386, Time: 993.66s
2025-07-09 01:37:46,869 - INFO - New best validation loss: 0.2353
2025-07-09 01:37:53,624 - INFO - New best similarity gap: 0.3386
2025-07-09 01:51:13,663 - INFO - Epoch 8: Total optimizer steps: 31
2025-07-09 01:54:31,511 - INFO - Validation metrics:
2025-07-09 01:54:31,511 - INFO -   Loss: 0.2301
2025-07-09 01:54:31,512 - INFO -   Average similarity: 0.7021
2025-07-09 01:54:31,512 - INFO -   Median similarity: 0.9550
2025-07-09 01:54:31,512 - INFO -   Clean sample similarity: 0.7021
2025-07-09 01:54:31,512 - INFO -   Corrupted sample similarity: 0.3477
2025-07-09 01:54:31,512 - INFO -   Similarity gap (clean - corrupt): 0.3544
2025-07-09 01:54:31,623 - INFO - Epoch 8/30 - Train Loss: 0.2808, Val Loss: 0.2301, Clean Sim: 0.7021, Corrupt Sim: 0.3477, Gap: 0.3544, Time: 990.61s
2025-07-09 01:54:31,624 - INFO - New best validation loss: 0.2301
2025-07-09 01:54:38,712 - INFO - New best similarity gap: 0.3544
2025-07-09 01:57:22,418 - INFO - Epoch 8 Validation Alignment: Pos=0.001, Neg=0.001, Gap=-0.000
2025-07-09 02:10:38,033 - INFO - Epoch 9: Total optimizer steps: 31
2025-07-09 02:13:53,303 - INFO - Validation metrics:
2025-07-09 02:13:53,304 - INFO -   Loss: 0.2152
2025-07-09 02:13:53,304 - INFO -   Average similarity: 0.5834
2025-07-09 02:13:53,304 - INFO -   Median similarity: 0.7964
2025-07-09 02:13:53,304 - INFO -   Clean sample similarity: 0.5834
2025-07-09 02:13:53,304 - INFO -   Corrupted sample similarity: 0.2356
2025-07-09 02:13:53,304 - INFO -   Similarity gap (clean - corrupt): 0.3478
2025-07-09 02:13:53,438 - INFO - Epoch 9/30 - Train Loss: 0.2744, Val Loss: 0.2152, Clean Sim: 0.5834, Corrupt Sim: 0.2356, Gap: 0.3478, Time: 991.02s
2025-07-09 02:13:53,438 - INFO - New best validation loss: 0.2152
2025-07-09 02:26:53,098 - INFO - Epoch 10: Total optimizer steps: 31
2025-07-09 02:30:08,941 - INFO - Validation metrics:
2025-07-09 02:30:08,942 - INFO -   Loss: 0.2117
2025-07-09 02:30:08,942 - INFO -   Average similarity: 0.6465
2025-07-09 02:30:08,942 - INFO -   Median similarity: 0.9126
2025-07-09 02:30:08,942 - INFO -   Clean sample similarity: 0.6465
2025-07-09 02:30:08,942 - INFO -   Corrupted sample similarity: 0.2834
2025-07-09 02:30:08,942 - INFO -   Similarity gap (clean - corrupt): 0.3630
2025-07-09 02:30:09,049 - INFO - Epoch 10/30 - Train Loss: 0.2675, Val Loss: 0.2117, Clean Sim: 0.6465, Corrupt Sim: 0.2834, Gap: 0.3630, Time: 968.71s
2025-07-09 02:30:09,049 - INFO - New best validation loss: 0.2117
2025-07-09 02:30:15,940 - INFO - New best similarity gap: 0.3630
2025-07-09 02:33:01,223 - INFO - Epoch 10 Validation Alignment: Pos=0.001, Neg=0.001, Gap=-0.000
2025-07-09 02:45:49,484 - INFO - Epoch 11: Total optimizer steps: 31
2025-07-09 02:49:05,755 - INFO - Validation metrics:
2025-07-09 02:49:05,756 - INFO -   Loss: 0.2120
2025-07-09 02:49:05,756 - INFO -   Average similarity: 0.6721
2025-07-09 02:49:05,756 - INFO -   Median similarity: 0.9476
2025-07-09 02:49:05,756 - INFO -   Clean sample similarity: 0.6721
2025-07-09 02:49:05,756 - INFO -   Corrupted sample similarity: 0.3141
2025-07-09 02:49:05,756 - INFO -   Similarity gap (clean - corrupt): 0.3580
2025-07-09 02:49:05,866 - INFO - Epoch 11/30 - Train Loss: 0.2586, Val Loss: 0.2120, Clean Sim: 0.6721, Corrupt Sim: 0.3141, Gap: 0.3580, Time: 964.64s
2025-07-09 03:01:58,128 - INFO - Epoch 12: Total optimizer steps: 31
2025-07-09 03:05:13,984 - INFO - Validation metrics:
2025-07-09 03:05:13,984 - INFO -   Loss: 0.2022
2025-07-09 03:05:13,984 - INFO -   Average similarity: 0.7103
2025-07-09 03:05:13,984 - INFO -   Median similarity: 0.9667
2025-07-09 03:05:13,984 - INFO -   Clean sample similarity: 0.7103
2025-07-09 03:05:13,984 - INFO -   Corrupted sample similarity: 0.3260
2025-07-09 03:05:13,984 - INFO -   Similarity gap (clean - corrupt): 0.3843
2025-07-09 03:05:14,112 - INFO - Epoch 12/30 - Train Loss: 0.2616, Val Loss: 0.2022, Clean Sim: 0.7103, Corrupt Sim: 0.3260, Gap: 0.3843, Time: 968.25s
2025-07-09 03:05:14,112 - INFO - New best validation loss: 0.2022
2025-07-09 03:05:20,917 - INFO - New best similarity gap: 0.3843
2025-07-09 03:08:05,875 - INFO - Epoch 12 Validation Alignment: Pos=0.001, Neg=0.002, Gap=-0.001
2025-07-09 03:21:02,920 - INFO - Epoch 13: Total optimizer steps: 31
2025-07-09 03:24:18,281 - INFO - Validation metrics:
2025-07-09 03:24:18,281 - INFO -   Loss: 0.2021
2025-07-09 03:24:18,281 - INFO -   Average similarity: 0.7558
2025-07-09 03:24:18,281 - INFO -   Median similarity: 0.9828
2025-07-09 03:24:18,281 - INFO -   Clean sample similarity: 0.7558
2025-07-09 03:24:18,281 - INFO -   Corrupted sample similarity: 0.3754
2025-07-09 03:24:18,281 - INFO -   Similarity gap (clean - corrupt): 0.3804
2025-07-09 03:24:18,404 - INFO - Epoch 13/30 - Train Loss: 0.2569, Val Loss: 0.2021, Clean Sim: 0.7558, Corrupt Sim: 0.3754, Gap: 0.3804, Time: 972.53s
2025-07-09 03:24:18,405 - INFO - New best validation loss: 0.2021
2025-07-09 03:37:30,114 - INFO - Epoch 14: Total optimizer steps: 31
2025-07-09 03:40:46,826 - INFO - Validation metrics:
2025-07-09 03:40:46,827 - INFO -   Loss: 0.1928
2025-07-09 03:40:46,827 - INFO -   Average similarity: 0.6070
2025-07-09 03:40:46,827 - INFO -   Median similarity: 0.8345
2025-07-09 03:40:46,827 - INFO -   Clean sample similarity: 0.6070
2025-07-09 03:40:46,827 - INFO -   Corrupted sample similarity: 0.2294
2025-07-09 03:40:46,827 - INFO -   Similarity gap (clean - corrupt): 0.3776
2025-07-09 03:40:46,932 - INFO - Epoch 14/30 - Train Loss: 0.2451, Val Loss: 0.1928, Clean Sim: 0.6070, Corrupt Sim: 0.2294, Gap: 0.3776, Time: 981.65s
2025-07-09 03:40:46,932 - INFO - New best validation loss: 0.1928
2025-07-09 03:43:31,734 - INFO - Epoch 14 Validation Alignment: Pos=0.002, Neg=0.003, Gap=-0.001
2025-07-09 03:56:24,590 - INFO - Epoch 15: Total optimizer steps: 31
2025-07-09 03:59:41,100 - INFO - Validation metrics:
2025-07-09 03:59:41,100 - INFO -   Loss: 0.1847
2025-07-09 03:59:41,100 - INFO -   Average similarity: 0.6115
2025-07-09 03:59:41,100 - INFO -   Median similarity: 0.8693
2025-07-09 03:59:41,100 - INFO -   Clean sample similarity: 0.6115
2025-07-09 03:59:41,100 - INFO -   Corrupted sample similarity: 0.2324
2025-07-09 03:59:41,100 - INFO -   Similarity gap (clean - corrupt): 0.3791
2025-07-09 03:59:41,211 - INFO - Epoch 15/30 - Train Loss: 0.2402, Val Loss: 0.1847, Clean Sim: 0.6115, Corrupt Sim: 0.2324, Gap: 0.3791, Time: 969.48s
2025-07-09 03:59:41,211 - INFO - New best validation loss: 0.1847
2025-07-09 04:12:56,366 - INFO - Epoch 16: Total optimizer steps: 31
2025-07-09 04:16:11,455 - INFO - Validation metrics:
2025-07-09 04:16:11,455 - INFO -   Loss: 0.1919
2025-07-09 04:16:11,455 - INFO -   Average similarity: 0.7374
2025-07-09 04:16:11,455 - INFO -   Median similarity: 0.9761
2025-07-09 04:16:11,455 - INFO -   Clean sample similarity: 0.7374
2025-07-09 04:16:11,455 - INFO -   Corrupted sample similarity: 0.3302
2025-07-09 04:16:11,455 - INFO -   Similarity gap (clean - corrupt): 0.4073
2025-07-09 04:16:11,578 - INFO - Epoch 16/30 - Train Loss: 0.2347, Val Loss: 0.1919, Clean Sim: 0.7374, Corrupt Sim: 0.3302, Gap: 0.4073, Time: 977.42s
2025-07-09 04:16:11,578 - INFO - New best similarity gap: 0.4073
2025-07-09 04:18:56,250 - INFO - Epoch 16 Validation Alignment: Pos=0.001, Neg=0.002, Gap=-0.001
2025-07-09 04:31:54,125 - INFO - Epoch 17: Total optimizer steps: 31
2025-07-09 04:35:09,563 - INFO - Validation metrics:
2025-07-09 04:35:09,564 - INFO -   Loss: 0.1867
2025-07-09 04:35:09,564 - INFO -   Average similarity: 0.7440
2025-07-09 04:35:09,564 - INFO -   Median similarity: 0.9765
2025-07-09 04:35:09,564 - INFO -   Clean sample similarity: 0.7440
2025-07-09 04:35:09,564 - INFO -   Corrupted sample similarity: 0.3304
2025-07-09 04:35:09,564 - INFO -   Similarity gap (clean - corrupt): 0.4136
2025-07-09 04:35:09,669 - INFO - Epoch 17/30 - Train Loss: 0.2289, Val Loss: 0.1867, Clean Sim: 0.7440, Corrupt Sim: 0.3304, Gap: 0.4136, Time: 973.42s
2025-07-09 04:35:09,669 - INFO - New best similarity gap: 0.4136
2025-07-09 04:48:17,839 - INFO - Epoch 18: Total optimizer steps: 31
2025-07-09 04:51:34,870 - INFO - Validation metrics:
2025-07-09 04:51:34,871 - INFO -   Loss: 0.1848
2025-07-09 04:51:34,871 - INFO -   Average similarity: 0.7252
2025-07-09 04:51:34,871 - INFO -   Median similarity: 0.9687
2025-07-09 04:51:34,871 - INFO -   Clean sample similarity: 0.7252
2025-07-09 04:51:34,871 - INFO -   Corrupted sample similarity: 0.3129
2025-07-09 04:51:34,871 - INFO -   Similarity gap (clean - corrupt): 0.4123
2025-07-09 04:51:34,984 - INFO - Epoch 18/30 - Train Loss: 0.2255, Val Loss: 0.1848, Clean Sim: 0.7252, Corrupt Sim: 0.3129, Gap: 0.4123, Time: 978.18s
2025-07-09 04:54:12,759 - INFO - Epoch 18 Validation Alignment: Pos=0.001, Neg=0.003, Gap=-0.001
2025-07-09 05:07:16,735 - INFO - Epoch 19: Total optimizer steps: 31
2025-07-09 05:10:32,700 - INFO - Validation metrics:
2025-07-09 05:10:32,700 - INFO -   Loss: 0.1734
2025-07-09 05:10:32,700 - INFO -   Average similarity: 0.6610
2025-07-09 05:10:32,700 - INFO -   Median similarity: 0.9169
2025-07-09 05:10:32,700 - INFO -   Clean sample similarity: 0.6610
2025-07-09 05:10:32,700 - INFO -   Corrupted sample similarity: 0.2357
2025-07-09 05:10:32,700 - INFO -   Similarity gap (clean - corrupt): 0.4253
2025-07-09 05:10:32,824 - INFO - Epoch 19/30 - Train Loss: 0.2230, Val Loss: 0.1734, Clean Sim: 0.6610, Corrupt Sim: 0.2357, Gap: 0.4253, Time: 980.07s
2025-07-09 05:10:32,825 - INFO - New best validation loss: 0.1734
2025-07-09 05:10:39,565 - INFO - New best similarity gap: 0.4253
2025-07-09 05:23:41,559 - INFO - Epoch 20: Total optimizer steps: 31
2025-07-09 05:26:57,126 - INFO - Validation metrics:
2025-07-09 05:26:57,126 - INFO -   Loss: 0.1782
2025-07-09 05:26:57,126 - INFO -   Average similarity: 0.7258
2025-07-09 05:26:57,126 - INFO -   Median similarity: 0.9626
2025-07-09 05:26:57,126 - INFO -   Clean sample similarity: 0.7258
2025-07-09 05:26:57,126 - INFO -   Corrupted sample similarity: 0.2912
2025-07-09 05:26:57,126 - INFO -   Similarity gap (clean - corrupt): 0.4347
2025-07-09 05:26:57,240 - INFO - Epoch 20/30 - Train Loss: 0.2217, Val Loss: 0.1782, Clean Sim: 0.7258, Corrupt Sim: 0.2912, Gap: 0.4347, Time: 970.30s
2025-07-09 05:26:57,241 - INFO - New best similarity gap: 0.4347
2025-07-09 05:29:41,087 - INFO - Epoch 20 Validation Alignment: Pos=0.005, Neg=0.007, Gap=-0.003
2025-07-09 05:42:38,852 - INFO - Epoch 21: Total optimizer steps: 31
2025-07-09 05:45:55,592 - INFO - Validation metrics:
2025-07-09 05:45:55,593 - INFO -   Loss: 0.1727
2025-07-09 05:45:55,593 - INFO -   Average similarity: 0.6986
2025-07-09 05:45:55,593 - INFO -   Median similarity: 0.9358
2025-07-09 05:45:55,593 - INFO -   Clean sample similarity: 0.6986
2025-07-09 05:45:55,593 - INFO -   Corrupted sample similarity: 0.2547
2025-07-09 05:45:55,593 - INFO -   Similarity gap (clean - corrupt): 0.4439
2025-07-09 05:45:55,721 - INFO - Epoch 21/30 - Train Loss: 0.2174, Val Loss: 0.1727, Clean Sim: 0.6986, Corrupt Sim: 0.2547, Gap: 0.4439, Time: 974.63s
2025-07-09 05:45:55,721 - INFO - New best validation loss: 0.1727
2025-07-09 05:46:02,564 - INFO - New best similarity gap: 0.4439
2025-07-09 05:59:11,969 - INFO - Epoch 22: Total optimizer steps: 31
2025-07-09 06:02:28,692 - INFO - Validation metrics:
2025-07-09 06:02:28,692 - INFO -   Loss: 0.1640
2025-07-09 06:02:28,693 - INFO -   Average similarity: 0.6132
2025-07-09 06:02:28,693 - INFO -   Median similarity: 0.8362
2025-07-09 06:02:28,693 - INFO -   Clean sample similarity: 0.6132
2025-07-09 06:02:28,693 - INFO -   Corrupted sample similarity: 0.1771
2025-07-09 06:02:28,693 - INFO -   Similarity gap (clean - corrupt): 0.4361
2025-07-09 06:02:28,825 - INFO - Epoch 22/30 - Train Loss: 0.2146, Val Loss: 0.1640, Clean Sim: 0.6132, Corrupt Sim: 0.1771, Gap: 0.4361, Time: 978.89s
2025-07-09 06:02:28,826 - INFO - New best validation loss: 0.1640
2025-07-09 06:05:13,945 - INFO - Epoch 22 Validation Alignment: Pos=0.004, Neg=0.006, Gap=-0.003
2025-07-09 06:18:11,565 - INFO - Epoch 23: Total optimizer steps: 31
2025-07-09 06:21:28,763 - INFO - Validation metrics:
2025-07-09 06:21:28,763 - INFO -   Loss: 0.1740
2025-07-09 06:21:28,763 - INFO -   Average similarity: 0.7326
2025-07-09 06:21:28,763 - INFO -   Median similarity: 0.9798
2025-07-09 06:21:28,763 - INFO -   Clean sample similarity: 0.7326
2025-07-09 06:21:28,763 - INFO -   Corrupted sample similarity: 0.2990
2025-07-09 06:21:28,763 - INFO -   Similarity gap (clean - corrupt): 0.4336
2025-07-09 06:21:28,880 - INFO - Epoch 23/30 - Train Loss: 0.2151, Val Loss: 0.1740, Clean Sim: 0.7326, Corrupt Sim: 0.2990, Gap: 0.4336, Time: 974.94s
2025-07-09 06:34:23,605 - INFO - Epoch 24: Total optimizer steps: 31
2025-07-09 06:37:41,529 - INFO - Validation metrics:
2025-07-09 06:37:41,530 - INFO -   Loss: 0.1671
2025-07-09 06:37:41,530 - INFO -   Average similarity: 0.7343
2025-07-09 06:37:41,530 - INFO -   Median similarity: 0.9785
2025-07-09 06:37:41,530 - INFO -   Clean sample similarity: 0.7343
2025-07-09 06:37:41,530 - INFO -   Corrupted sample similarity: 0.2651
2025-07-09 06:37:41,530 - INFO -   Similarity gap (clean - corrupt): 0.4692
2025-07-09 06:37:41,646 - INFO - Epoch 24/30 - Train Loss: 0.2101, Val Loss: 0.1671, Clean Sim: 0.7343, Corrupt Sim: 0.2651, Gap: 0.4692, Time: 972.77s
2025-07-09 06:37:41,646 - INFO - New best similarity gap: 0.4692
2025-07-09 06:40:26,286 - INFO - Epoch 24 Validation Alignment: Pos=0.004, Neg=0.006, Gap=-0.002
2025-07-09 06:53:25,259 - INFO - Epoch 25: Total optimizer steps: 31
2025-07-09 06:56:41,309 - INFO - Validation metrics:
2025-07-09 06:56:41,309 - INFO -   Loss: 0.1624
2025-07-09 06:56:41,309 - INFO -   Average similarity: 0.6791
2025-07-09 06:56:41,309 - INFO -   Median similarity: 0.9207
2025-07-09 06:56:41,310 - INFO -   Clean sample similarity: 0.6791
2025-07-09 06:56:41,310 - INFO -   Corrupted sample similarity: 0.2194
2025-07-09 06:56:41,310 - INFO -   Similarity gap (clean - corrupt): 0.4597
2025-07-09 06:56:41,434 - INFO - Epoch 25/30 - Train Loss: 0.2103, Val Loss: 0.1624, Clean Sim: 0.6791, Corrupt Sim: 0.2194, Gap: 0.4597, Time: 975.15s
2025-07-09 06:56:41,434 - INFO - New best validation loss: 0.1624
2025-07-09 07:09:46,253 - INFO - Epoch 26: Total optimizer steps: 31
2025-07-09 07:13:01,341 - INFO - Validation metrics:
2025-07-09 07:13:01,341 - INFO -   Loss: 0.1661
2025-07-09 07:13:01,341 - INFO -   Average similarity: 0.6801
2025-07-09 07:13:01,341 - INFO -   Median similarity: 0.9060
2025-07-09 07:13:01,341 - INFO -   Clean sample similarity: 0.6801
2025-07-09 07:13:01,341 - INFO -   Corrupted sample similarity: 0.2174
2025-07-09 07:13:01,341 - INFO -   Similarity gap (clean - corrupt): 0.4627
2025-07-09 07:13:01,442 - INFO - Epoch 26/30 - Train Loss: 0.2125, Val Loss: 0.1661, Clean Sim: 0.6801, Corrupt Sim: 0.2174, Gap: 0.4627, Time: 973.12s
2025-07-09 07:15:40,556 - INFO - Epoch 26 Validation Alignment: Pos=0.005, Neg=0.007, Gap=-0.003
2025-07-09 07:28:46,285 - INFO - Epoch 27: Total optimizer steps: 31
2025-07-09 07:32:06,296 - INFO - Validation metrics:
2025-07-09 07:32:06,296 - INFO -   Loss: 0.1645
2025-07-09 07:32:06,296 - INFO -   Average similarity: 0.7155
2025-07-09 07:32:06,296 - INFO -   Median similarity: 0.9663
2025-07-09 07:32:06,296 - INFO -   Clean sample similarity: 0.7155
2025-07-09 07:32:06,296 - INFO -   Corrupted sample similarity: 0.2542
2025-07-09 07:32:06,296 - INFO -   Similarity gap (clean - corrupt): 0.4612
2025-07-09 07:32:06,431 - INFO - Epoch 27/30 - Train Loss: 0.2096, Val Loss: 0.1645, Clean Sim: 0.7155, Corrupt Sim: 0.2542, Gap: 0.4612, Time: 985.87s
2025-07-09 07:45:04,763 - INFO - Epoch 28: Total optimizer steps: 31
2025-07-09 07:48:22,073 - INFO - Validation metrics:
2025-07-09 07:48:22,073 - INFO -   Loss: 0.1676
2025-07-09 07:48:22,073 - INFO -   Average similarity: 0.8301
2025-07-09 07:48:22,073 - INFO -   Median similarity: 0.9957
2025-07-09 07:48:22,073 - INFO -   Clean sample similarity: 0.8301
2025-07-09 07:48:22,073 - INFO -   Corrupted sample similarity: 0.3651
2025-07-09 07:48:22,073 - INFO -   Similarity gap (clean - corrupt): 0.4649
2025-07-09 07:48:22,196 - INFO - Epoch 28/30 - Train Loss: 0.2037, Val Loss: 0.1676, Clean Sim: 0.8301, Corrupt Sim: 0.3651, Gap: 0.4649, Time: 975.76s
2025-07-09 07:51:00,146 - INFO - Epoch 28 Validation Alignment: Pos=0.006, Neg=0.009, Gap=-0.003
2025-07-09 08:03:58,418 - INFO - Epoch 29: Total optimizer steps: 31
2025-07-09 08:07:16,679 - INFO - Validation metrics:
2025-07-09 08:07:16,679 - INFO -   Loss: 0.1599
2025-07-09 08:07:16,679 - INFO -   Average similarity: 0.7349
2025-07-09 08:07:16,680 - INFO -   Median similarity: 0.9588
2025-07-09 08:07:16,680 - INFO -   Clean sample similarity: 0.7349
2025-07-09 08:07:16,680 - INFO -   Corrupted sample similarity: 0.2563
2025-07-09 08:07:16,680 - INFO -   Similarity gap (clean - corrupt): 0.4785
2025-07-09 08:07:16,810 - INFO - Epoch 29/30 - Train Loss: 0.2039, Val Loss: 0.1599, Clean Sim: 0.7349, Corrupt Sim: 0.2563, Gap: 0.4785, Time: 976.66s
2025-07-09 08:07:16,811 - INFO - New best validation loss: 0.1599
2025-07-09 08:07:23,535 - INFO - New best similarity gap: 0.4785
2025-07-09 08:20:52,159 - INFO - Epoch 30: Total optimizer steps: 31
2025-07-09 08:24:10,532 - INFO - Validation metrics:
2025-07-09 08:24:10,532 - INFO -   Loss: 0.1545
2025-07-09 08:24:10,532 - INFO -   Average similarity: 0.6412
2025-07-09 08:24:10,532 - INFO -   Median similarity: 0.8862
2025-07-09 08:24:10,532 - INFO -   Clean sample similarity: 0.6412
2025-07-09 08:24:10,532 - INFO -   Corrupted sample similarity: 0.2001
2025-07-09 08:24:10,532 - INFO -   Similarity gap (clean - corrupt): 0.4411
2025-07-09 08:24:10,627 - INFO - Epoch 30/30 - Train Loss: 0.2059, Val Loss: 0.1545, Clean Sim: 0.6412, Corrupt Sim: 0.2001, Gap: 0.4411, Time: 1000.12s
2025-07-09 08:24:10,628 - INFO - New best validation loss: 0.1545
2025-07-09 08:27:00,289 - INFO - Epoch 30 Validation Alignment: Pos=0.004, Neg=0.006, Gap=-0.002
2025-07-09 08:27:00,290 - INFO - Training completed!
2025-07-09 08:27:06,207 - INFO - Evaluating best models on test set...
2025-07-09 08:27:09,722 - INFO - Loaded best loss model from epoch 30
2025-07-09 08:30:44,324 - INFO - Test (Best Loss) metrics:
2025-07-09 08:30:44,324 - INFO -   Loss: 0.1584
2025-07-09 08:30:44,324 - INFO -   Average similarity: 0.6514
2025-07-09 08:30:44,324 - INFO -   Median similarity: 0.8997
2025-07-09 08:30:44,324 - INFO -   Clean sample similarity: 0.6514
2025-07-09 08:30:44,324 - INFO -   Corrupted sample similarity: 0.2127
2025-07-09 08:30:44,324 - INFO -   Similarity gap (clean - corrupt): 0.4387
2025-07-09 08:33:47,537 - INFO - Loaded best gap model from epoch 29
2025-07-09 08:37:19,077 - INFO - Test (Best Gap) metrics:
2025-07-09 08:37:19,078 - INFO -   Loss: 0.1586
2025-07-09 08:37:19,078 - INFO -   Average similarity: 0.7396
2025-07-09 08:37:19,078 - INFO -   Median similarity: 0.9651
2025-07-09 08:37:19,078 - INFO -   Clean sample similarity: 0.7396
2025-07-09 08:37:19,078 - INFO -   Corrupted sample similarity: 0.2625
2025-07-09 08:37:19,078 - INFO -   Similarity gap (clean - corrupt): 0.4771
2025-07-09 08:40:12,358 - INFO - Evaluation completed!
2025-07-09 08:40:12,358 - INFO - Test results for best_loss_model:
2025-07-09 08:40:12,358 - INFO -   Loss: 0.1584
2025-07-09 08:40:12,358 - INFO -   Clean Sample Similarity: 0.6514
2025-07-09 08:40:12,358 - INFO -   Corrupted Sample Similarity: 0.2127
2025-07-09 08:40:12,358 - INFO -   Similarity Gap: 0.4387
2025-07-09 08:40:12,358 - INFO - Test results for best_gap_model:
2025-07-09 08:40:12,358 - INFO -   Loss: 0.1586
2025-07-09 08:40:12,359 - INFO -   Clean Sample Similarity: 0.7396
2025-07-09 08:40:12,359 - INFO -   Corrupted Sample Similarity: 0.2625
2025-07-09 08:40:12,359 - INFO -   Similarity Gap: 0.4771
2025-07-09 08:40:12,772 - INFO - All tasks completed!
