2025-07-08 09:17:32,294 - INFO - Training with parameters:
2025-07-08 09:17:32,294 - INFO -   Text model: sentence-transformers/paraphrase-multilingual-mpnet-base-v2
2025-07-08 09:17:32,294 - INFO -   Audio model: facebook/w2v-bert-2.0
2025-07-08 09:17:32,294 - INFO -   Freeze encoders: partial
2025-07-08 09:17:32,294 - INFO -   Text layers to unfreeze: 3
2025-07-08 09:17:32,294 - INFO -   Audio layers to unfreeze: 3
2025-07-08 09:17:32,294 - INFO -   Use cross-modal attention: False
2025-07-08 09:17:32,294 - INFO -   Use attentive pooling: False
2025-07-08 09:17:32,294 - INFO -   Use word-level alignment: True
2025-07-08 09:17:32,294 - INFO -   Batch size: 48
2025-07-08 09:17:32,294 - INFO -   Gradient accumulation steps: 15
2025-07-08 09:17:32,294 - INFO -   Effective batch size: 720
2025-07-08 09:17:32,294 - INFO -   Mixed precision training: False
2025-07-08 09:17:32,294 - INFO -   Learning rate: 0.0021
2025-07-08 09:17:32,294 - INFO -   Temperature: 0.1
2025-07-08 09:17:32,294 - INFO -   Projection dimension: 768
2025-07-08 09:17:32,294 - INFO -   Training samples: 21968
2025-07-08 09:17:32,294 - INFO -   Validation samples: 9464
2025-07-08 09:17:32,294 - INFO -   Test samples: 9467
2025-07-08 09:17:32,295 - INFO -   Max audio length: 480000 samples (30.00 seconds at 16kHz)
2025-07-08 09:17:32,295 - INFO - Loading tokenizer and feature extractor...
2025-07-08 09:17:33,245 - INFO - Feature extractor output keys: ['input_features', 'attention_mask']
2025-07-08 09:17:33,245 - INFO - Creating datasets...
2025-07-08 09:17:33,246 - INFO - Feature extractor output keys: ['input_features', 'attention_mask']
2025-07-08 09:17:33,246 - INFO - Feature extractor output keys: ['input_features', 'attention_mask']
2025-07-08 09:17:33,246 - INFO - Feature extractor output keys: ['input_features', 'attention_mask']
2025-07-08 09:17:33,246 - INFO - Creating data loaders...
2025-07-08 09:17:33,247 - INFO - Checking a sample batch...
2025-07-08 09:17:51,717 - INFO -   input_ids_pos: torch.Size([48, 128])
2025-07-08 09:17:51,717 - INFO -   attention_mask_pos: torch.Size([48, 128])
2025-07-08 09:17:51,717 - INFO -   input_ids_neg: torch.Size([48, 128])
2025-07-08 09:17:51,717 - INFO -   attention_mask_neg: torch.Size([48, 128])
2025-07-08 09:17:51,717 - INFO -   input_values: torch.Size([48, 473, 160])
2025-07-08 09:17:51,717 - INFO -   attention_mask_audio: torch.Size([48, 473])
2025-07-08 09:17:51,717 - INFO -   is_corrupted: torch.Size([48])
2025-07-08 09:17:51,717 - INFO - Initializing model...
2025-07-08 09:17:52,444 - INFO - Text encoder hidden dim: 768
2025-07-08 09:17:52,444 - INFO - Audio encoder hidden dim: 1024
2025-07-08 09:17:52,444 - INFO - Partial freezing: unfreezing last 3 text layers and 3 audio layers
2025-07-08 09:17:52,445 - INFO - Unfreezing text encoder layer 9
2025-07-08 09:17:52,445 - INFO - Unfreezing text encoder layer 10
2025-07-08 09:17:52,445 - INFO - Unfreezing text encoder layer 11
2025-07-08 09:17:52,446 - INFO - Unfreezing audio encoder layer 21
2025-07-08 09:17:52,446 - INFO - Unfreezing audio encoder layer 22
2025-07-08 09:17:52,446 - INFO - Unfreezing audio encoder layer 23
2025-07-08 09:17:52,512 - INFO - Model initialized with 299,070,465 trainable parameters out of 870,647,361 total
2025-07-08 09:17:53,486 - INFO - Using discriminative learning rates: encoder_lr=4.2e-05, main_lr=0.0021
2025-07-08 09:17:53,486 - INFO - Encoder parameters: 156, Non-encoder parameters: 34
2025-07-08 09:17:53,486 - INFO - Scheduler setup:
2025-07-08 09:17:53,486 - INFO -   Batches per epoch: 457
2025-07-08 09:17:53,487 - INFO -   Accumulation steps: 15
2025-07-08 09:17:53,487 - INFO -   Optimizer steps per epoch: 31
2025-07-08 09:17:53,487 - INFO -   Total optimizer steps: 930
2025-07-08 09:17:53,487 - INFO -   Warmup steps: 1000
2025-07-08 09:17:53,487 - INFO - Validating gradient accumulation setup...
2025-07-08 09:17:53,487 - INFO - Validating gradient accumulation with 15 steps...
2025-07-08 09:18:12,206 - WARNING - Not enough test batches (10) for accumulation_steps (15)
2025-07-08 09:18:12,207 - INFO - Starting training for 30 epochs
2025-07-08 09:31:30,826 - INFO - Epoch 1: Total optimizer steps: 31
2025-07-08 09:34:51,873 - INFO - Validation metrics:
2025-07-08 09:34:51,874 - INFO -   Loss: 0.4237
2025-07-08 09:34:51,874 - INFO -   Average similarity: 0.2788
2025-07-08 09:34:51,874 - INFO -   Median similarity: 0.1415
2025-07-08 09:34:51,874 - INFO -   Clean sample similarity: 0.2788
2025-07-08 09:34:51,874 - INFO -   Corrupted sample similarity: 0.1755
2025-07-08 09:34:51,874 - INFO -   Similarity gap (clean - corrupt): 0.1033
2025-07-08 09:34:51,992 - INFO - Epoch 1/30 - Train Loss: 0.5793, Val Loss: 0.4237, Clean Sim: 0.2788, Corrupt Sim: 0.1755, Gap: 0.1033, Time: 999.79s
2025-07-08 09:34:51,992 - INFO - New best validation loss: 0.4237
2025-07-08 09:34:58,075 - INFO - New best similarity gap: 0.1033
2025-07-08 09:48:16,679 - INFO - Epoch 2: Total optimizer steps: 31
2025-07-08 09:51:36,387 - INFO - Validation metrics:
2025-07-08 09:51:36,387 - INFO -   Loss: 0.3485
2025-07-08 09:51:36,387 - INFO -   Average similarity: 0.5789
2025-07-08 09:51:36,387 - INFO -   Median similarity: 0.7505
2025-07-08 09:51:36,387 - INFO -   Clean sample similarity: 0.5789
2025-07-08 09:51:36,387 - INFO -   Corrupted sample similarity: 0.3775
2025-07-08 09:51:36,387 - INFO -   Similarity gap (clean - corrupt): 0.2013
2025-07-08 09:51:36,508 - INFO - Epoch 2/30 - Train Loss: 0.4322, Val Loss: 0.3485, Clean Sim: 0.5789, Corrupt Sim: 0.3775, Gap: 0.2013, Time: 992.62s
2025-07-08 09:51:36,508 - INFO - New best validation loss: 0.3485
2025-07-08 09:51:43,195 - INFO - New best similarity gap: 0.2013
2025-07-08 10:04:52,508 - INFO - Epoch 3: Total optimizer steps: 31
2025-07-08 10:08:12,253 - INFO - Validation metrics:
2025-07-08 10:08:12,254 - INFO -   Loss: 0.3106
2025-07-08 10:08:12,254 - INFO -   Average similarity: 0.5771
2025-07-08 10:08:12,254 - INFO -   Median similarity: 0.7636
2025-07-08 10:08:12,254 - INFO -   Clean sample similarity: 0.5771
2025-07-08 10:08:12,254 - INFO -   Corrupted sample similarity: 0.3568
2025-07-08 10:08:12,254 - INFO -   Similarity gap (clean - corrupt): 0.2203
2025-07-08 10:08:12,359 - INFO - Epoch 3/30 - Train Loss: 0.3914, Val Loss: 0.3106, Clean Sim: 0.5771, Corrupt Sim: 0.3568, Gap: 0.2203, Time: 982.16s
2025-07-08 10:08:12,360 - INFO - New best validation loss: 0.3106
2025-07-08 10:08:18,935 - INFO - New best similarity gap: 0.2203
2025-07-08 10:21:30,070 - INFO - Epoch 4: Total optimizer steps: 31
2025-07-08 10:24:49,728 - INFO - Validation metrics:
2025-07-08 10:24:49,728 - INFO -   Loss: 0.2879
2025-07-08 10:24:49,728 - INFO -   Average similarity: 0.4708
2025-07-08 10:24:49,728 - INFO -   Median similarity: 0.4070
2025-07-08 10:24:49,728 - INFO -   Clean sample similarity: 0.4708
2025-07-08 10:24:49,728 - INFO -   Corrupted sample similarity: 0.2548
2025-07-08 10:24:49,728 - INFO -   Similarity gap (clean - corrupt): 0.2160
2025-07-08 10:24:49,832 - INFO - Epoch 4/30 - Train Loss: 0.3610, Val Loss: 0.2879, Clean Sim: 0.4708, Corrupt Sim: 0.2548, Gap: 0.2160, Time: 983.89s
2025-07-08 10:24:49,832 - INFO - New best validation loss: 0.2879
2025-07-08 10:37:53,884 - INFO - Epoch 5: Total optimizer steps: 31
2025-07-08 10:41:11,192 - INFO - Validation metrics:
2025-07-08 10:41:11,192 - INFO -   Loss: 0.2722
2025-07-08 10:41:11,192 - INFO -   Average similarity: 0.5857
2025-07-08 10:41:11,192 - INFO -   Median similarity: 0.8176
2025-07-08 10:41:11,192 - INFO -   Clean sample similarity: 0.5857
2025-07-08 10:41:11,192 - INFO -   Corrupted sample similarity: 0.3321
2025-07-08 10:41:11,192 - INFO -   Similarity gap (clean - corrupt): 0.2536
2025-07-08 10:41:11,306 - INFO - Epoch 5/30 - Train Loss: 0.3421, Val Loss: 0.2722, Clean Sim: 0.5857, Corrupt Sim: 0.3321, Gap: 0.2536, Time: 974.81s
2025-07-08 10:41:11,306 - INFO - New best validation loss: 0.2722
2025-07-08 10:41:17,859 - INFO - New best similarity gap: 0.2536
2025-07-08 10:57:08,441 - INFO - Epoch 6: Total optimizer steps: 31
2025-07-08 11:00:27,286 - INFO - Validation metrics:
2025-07-08 11:00:27,286 - INFO -   Loss: 0.2657
2025-07-08 11:00:27,286 - INFO -   Average similarity: 0.6526
2025-07-08 11:00:27,286 - INFO -   Median similarity: 0.9266
2025-07-08 11:00:27,286 - INFO -   Clean sample similarity: 0.6526
2025-07-08 11:00:27,286 - INFO -   Corrupted sample similarity: 0.3863
2025-07-08 11:00:27,286 - INFO -   Similarity gap (clean - corrupt): 0.2663
2025-07-08 11:00:27,400 - INFO - Epoch 6/30 - Train Loss: 0.3258, Val Loss: 0.2657, Clean Sim: 0.6526, Corrupt Sim: 0.3863, Gap: 0.2663, Time: 980.79s
2025-07-08 11:00:27,400 - INFO - New best validation loss: 0.2657
2025-07-08 11:00:33,993 - INFO - New best similarity gap: 0.2663
2025-07-08 11:13:44,253 - INFO - Epoch 7: Total optimizer steps: 31
2025-07-08 11:17:04,541 - INFO - Validation metrics:
2025-07-08 11:17:04,542 - INFO -   Loss: 0.2471
2025-07-08 11:17:04,542 - INFO -   Average similarity: 0.5546
2025-07-08 11:17:04,542 - INFO -   Median similarity: 0.7200
2025-07-08 11:17:04,542 - INFO -   Clean sample similarity: 0.5546
2025-07-08 11:17:04,542 - INFO -   Corrupted sample similarity: 0.2865
2025-07-08 11:17:04,542 - INFO -   Similarity gap (clean - corrupt): 0.2681
2025-07-08 11:17:04,657 - INFO - Epoch 7/30 - Train Loss: 0.3165, Val Loss: 0.2471, Clean Sim: 0.5546, Corrupt Sim: 0.2865, Gap: 0.2681, Time: 983.64s
2025-07-08 11:17:04,658 - INFO - New best validation loss: 0.2471
2025-07-08 11:17:11,291 - INFO - New best similarity gap: 0.2681
2025-07-08 11:30:17,257 - INFO - Epoch 8: Total optimizer steps: 31
2025-07-08 11:33:37,356 - INFO - Validation metrics:
2025-07-08 11:33:37,356 - INFO -   Loss: 0.2447
2025-07-08 11:33:37,356 - INFO -   Average similarity: 0.6245
2025-07-08 11:33:37,356 - INFO -   Median similarity: 0.8948
2025-07-08 11:33:37,356 - INFO -   Clean sample similarity: 0.6245
2025-07-08 11:33:37,356 - INFO -   Corrupted sample similarity: 0.3391
2025-07-08 11:33:37,356 - INFO -   Similarity gap (clean - corrupt): 0.2854
2025-07-08 11:33:37,483 - INFO - Epoch 8/30 - Train Loss: 0.3079, Val Loss: 0.2447, Clean Sim: 0.6245, Corrupt Sim: 0.3391, Gap: 0.2854, Time: 979.23s
2025-07-08 11:33:37,483 - INFO - New best validation loss: 0.2447
2025-07-08 11:33:44,148 - INFO - New best similarity gap: 0.2854
2025-07-08 11:47:04,884 - INFO - Epoch 9: Total optimizer steps: 31
2025-07-08 11:50:25,767 - INFO - Validation metrics:
2025-07-08 11:50:25,767 - INFO -   Loss: 0.2304
2025-07-08 11:50:25,767 - INFO -   Average similarity: 0.5513
2025-07-08 11:50:25,767 - INFO -   Median similarity: 0.6959
2025-07-08 11:50:25,767 - INFO -   Clean sample similarity: 0.5513
2025-07-08 11:50:25,767 - INFO -   Corrupted sample similarity: 0.2678
2025-07-08 11:50:25,767 - INFO -   Similarity gap (clean - corrupt): 0.2836
2025-07-08 11:50:25,865 - INFO - Epoch 9/30 - Train Loss: 0.2915, Val Loss: 0.2304, Clean Sim: 0.5513, Corrupt Sim: 0.2678, Gap: 0.2836, Time: 994.66s
2025-07-08 11:50:25,865 - INFO - New best validation loss: 0.2304
2025-07-08 12:03:53,346 - INFO - Epoch 10: Total optimizer steps: 31
2025-07-08 12:07:13,900 - INFO - Validation metrics:
2025-07-08 12:07:13,900 - INFO -   Loss: 0.2237
2025-07-08 12:07:13,900 - INFO -   Average similarity: 0.5139
2025-07-08 12:07:13,900 - INFO -   Median similarity: 0.5635
2025-07-08 12:07:13,900 - INFO -   Clean sample similarity: 0.5139
2025-07-08 12:07:13,900 - INFO -   Corrupted sample similarity: 0.2275
2025-07-08 12:07:13,900 - INFO -   Similarity gap (clean - corrupt): 0.2864
2025-07-08 12:07:14,029 - INFO - Epoch 10/30 - Train Loss: 0.2874, Val Loss: 0.2237, Clean Sim: 0.5139, Corrupt Sim: 0.2275, Gap: 0.2864, Time: 1001.48s
2025-07-08 12:07:14,029 - INFO - New best validation loss: 0.2237
2025-07-08 12:07:20,688 - INFO - New best similarity gap: 0.2864
2025-07-08 12:23:37,768 - INFO - Epoch 11: Total optimizer steps: 31
2025-07-08 12:26:59,122 - INFO - Validation metrics:
2025-07-08 12:26:59,122 - INFO -   Loss: 0.2209
2025-07-08 12:26:59,122 - INFO -   Average similarity: 0.6080
2025-07-08 12:26:59,122 - INFO -   Median similarity: 0.8392
2025-07-08 12:26:59,122 - INFO -   Clean sample similarity: 0.6080
2025-07-08 12:26:59,122 - INFO -   Corrupted sample similarity: 0.3122
2025-07-08 12:26:59,122 - INFO -   Similarity gap (clean - corrupt): 0.2958
2025-07-08 12:26:59,243 - INFO - Epoch 11/30 - Train Loss: 0.2748, Val Loss: 0.2209, Clean Sim: 0.6080, Corrupt Sim: 0.3122, Gap: 0.2958, Time: 1008.72s
2025-07-08 12:26:59,244 - INFO - New best validation loss: 0.2209
2025-07-08 12:27:05,920 - INFO - New best similarity gap: 0.2958
2025-07-08 12:40:26,054 - INFO - Epoch 12: Total optimizer steps: 31
2025-07-08 12:43:46,265 - INFO - Validation metrics:
2025-07-08 12:43:46,266 - INFO -   Loss: 0.2108
2025-07-08 12:43:46,266 - INFO -   Average similarity: 0.7001
2025-07-08 12:43:46,266 - INFO -   Median similarity: 0.9661
2025-07-08 12:43:46,266 - INFO -   Clean sample similarity: 0.7001
2025-07-08 12:43:46,266 - INFO -   Corrupted sample similarity: 0.3847
2025-07-08 12:43:46,266 - INFO -   Similarity gap (clean - corrupt): 0.3154
2025-07-08 12:43:46,400 - INFO - Epoch 12/30 - Train Loss: 0.2662, Val Loss: 0.2108, Clean Sim: 0.7001, Corrupt Sim: 0.3847, Gap: 0.3154, Time: 993.58s
2025-07-08 12:43:46,400 - INFO - New best validation loss: 0.2108
2025-07-08 12:43:53,166 - INFO - New best similarity gap: 0.3154
2025-07-08 12:57:09,144 - INFO - Epoch 13: Total optimizer steps: 31
2025-07-08 13:00:29,697 - INFO - Validation metrics:
2025-07-08 13:00:29,697 - INFO -   Loss: 0.2109
2025-07-08 13:00:29,697 - INFO -   Average similarity: 0.6567
2025-07-08 13:00:29,697 - INFO -   Median similarity: 0.9045
2025-07-08 13:00:29,697 - INFO -   Clean sample similarity: 0.6567
2025-07-08 13:00:29,697 - INFO -   Corrupted sample similarity: 0.3203
2025-07-08 13:00:29,697 - INFO -   Similarity gap (clean - corrupt): 0.3364
2025-07-08 13:00:29,801 - INFO - Epoch 13/30 - Train Loss: 0.2586, Val Loss: 0.2109, Clean Sim: 0.6567, Corrupt Sim: 0.3203, Gap: 0.3364, Time: 989.78s
2025-07-08 13:00:29,801 - INFO - New best similarity gap: 0.3364
2025-07-08 13:13:48,109 - INFO - Epoch 14: Total optimizer steps: 31
2025-07-08 13:17:09,502 - INFO - Validation metrics:
2025-07-08 13:17:09,503 - INFO -   Loss: 0.1987
2025-07-08 13:17:09,503 - INFO -   Average similarity: 0.6022
2025-07-08 13:17:09,503 - INFO -   Median similarity: 0.8241
2025-07-08 13:17:09,503 - INFO -   Clean sample similarity: 0.6022
2025-07-08 13:17:09,503 - INFO -   Corrupted sample similarity: 0.2596
2025-07-08 13:17:09,503 - INFO -   Similarity gap (clean - corrupt): 0.3425
2025-07-08 13:17:09,625 - INFO - Epoch 14/30 - Train Loss: 0.2573, Val Loss: 0.1987, Clean Sim: 0.6022, Corrupt Sim: 0.2596, Gap: 0.3425, Time: 993.43s
2025-07-08 13:17:09,625 - INFO - New best validation loss: 0.1987
2025-07-08 13:17:16,225 - INFO - New best similarity gap: 0.3425
2025-07-08 13:30:30,953 - INFO - Epoch 15: Total optimizer steps: 31
2025-07-08 13:33:51,062 - INFO - Validation metrics:
2025-07-08 13:33:51,062 - INFO -   Loss: 0.1966
2025-07-08 13:33:51,062 - INFO -   Average similarity: 0.7549
2025-07-08 13:33:51,062 - INFO -   Median similarity: 0.9878
2025-07-08 13:33:51,062 - INFO -   Clean sample similarity: 0.7549
2025-07-08 13:33:51,062 - INFO -   Corrupted sample similarity: 0.3878
2025-07-08 13:33:51,062 - INFO -   Similarity gap (clean - corrupt): 0.3671
2025-07-08 13:33:51,193 - INFO - Epoch 15/30 - Train Loss: 0.2500, Val Loss: 0.1966, Clean Sim: 0.7549, Corrupt Sim: 0.3878, Gap: 0.3671, Time: 987.95s
2025-07-08 13:33:51,193 - INFO - New best validation loss: 0.1966
2025-07-08 13:33:57,857 - INFO - New best similarity gap: 0.3671
2025-07-08 13:50:04,061 - INFO - Epoch 16: Total optimizer steps: 31
2025-07-08 13:53:24,141 - INFO - Validation metrics:
2025-07-08 13:53:24,141 - INFO -   Loss: 0.1892
2025-07-08 13:53:24,141 - INFO -   Average similarity: 0.5516
2025-07-08 13:53:24,141 - INFO -   Median similarity: 0.6957
2025-07-08 13:53:24,141 - INFO -   Clean sample similarity: 0.5516
2025-07-08 13:53:24,141 - INFO -   Corrupted sample similarity: 0.2062
2025-07-08 13:53:24,141 - INFO -   Similarity gap (clean - corrupt): 0.3454
2025-07-08 13:53:24,236 - INFO - Epoch 16/30 - Train Loss: 0.2404, Val Loss: 0.1892, Clean Sim: 0.5516, Corrupt Sim: 0.2062, Gap: 0.3454, Time: 991.97s
2025-07-08 13:53:24,236 - INFO - New best validation loss: 0.1892
2025-07-08 14:06:44,847 - INFO - Epoch 17: Total optimizer steps: 31
2025-07-08 14:10:05,066 - INFO - Validation metrics:
2025-07-08 14:10:05,067 - INFO -   Loss: 0.1861
2025-07-08 14:10:05,067 - INFO -   Average similarity: 0.6642
2025-07-08 14:10:05,067 - INFO -   Median similarity: 0.9376
2025-07-08 14:10:05,067 - INFO -   Clean sample similarity: 0.6642
2025-07-08 14:10:05,067 - INFO -   Corrupted sample similarity: 0.2763
2025-07-08 14:10:05,067 - INFO -   Similarity gap (clean - corrupt): 0.3879
2025-07-08 14:10:05,192 - INFO - Epoch 17/30 - Train Loss: 0.2407, Val Loss: 0.1861, Clean Sim: 0.6642, Corrupt Sim: 0.2763, Gap: 0.3879, Time: 994.40s
2025-07-08 14:10:05,192 - INFO - New best validation loss: 0.1861
2025-07-08 14:10:11,759 - INFO - New best similarity gap: 0.3879
2025-07-08 14:23:25,609 - INFO - Epoch 18: Total optimizer steps: 31
2025-07-08 14:26:47,019 - INFO - Validation metrics:
2025-07-08 14:26:47,019 - INFO -   Loss: 0.1804
2025-07-08 14:26:47,019 - INFO -   Average similarity: 0.7535
2025-07-08 14:26:47,019 - INFO -   Median similarity: 0.9903
2025-07-08 14:26:47,019 - INFO -   Clean sample similarity: 0.7535
2025-07-08 14:26:47,019 - INFO -   Corrupted sample similarity: 0.3504
2025-07-08 14:26:47,019 - INFO -   Similarity gap (clean - corrupt): 0.4031
2025-07-08 14:26:47,139 - INFO - Epoch 18/30 - Train Loss: 0.2357, Val Loss: 0.1804, Clean Sim: 0.7535, Corrupt Sim: 0.3504, Gap: 0.4031, Time: 988.48s
2025-07-08 14:26:47,139 - INFO - New best validation loss: 0.1804
2025-07-08 14:26:53,763 - INFO - New best similarity gap: 0.4031
2025-07-08 14:40:12,979 - INFO - Epoch 19: Total optimizer steps: 31
2025-07-08 14:43:33,387 - INFO - Validation metrics:
2025-07-08 14:43:33,387 - INFO -   Loss: 0.1805
2025-07-08 14:43:33,388 - INFO -   Average similarity: 0.6444
2025-07-08 14:43:33,388 - INFO -   Median similarity: 0.8726
2025-07-08 14:43:33,388 - INFO -   Clean sample similarity: 0.6444
2025-07-08 14:43:33,388 - INFO -   Corrupted sample similarity: 0.2502
2025-07-08 14:43:33,388 - INFO -   Similarity gap (clean - corrupt): 0.3942
2025-07-08 14:43:33,508 - INFO - Epoch 19/30 - Train Loss: 0.2358, Val Loss: 0.1805, Clean Sim: 0.6444, Corrupt Sim: 0.2502, Gap: 0.3942, Time: 992.69s
2025-07-08 14:56:41,647 - INFO - Epoch 20: Total optimizer steps: 31
2025-07-08 15:00:02,075 - INFO - Validation metrics:
2025-07-08 15:00:02,076 - INFO -   Loss: 0.2030
2025-07-08 15:00:02,076 - INFO -   Average similarity: 0.4876
2025-07-08 15:00:02,076 - INFO -   Median similarity: 0.4634
2025-07-08 15:00:02,076 - INFO -   Clean sample similarity: 0.4876
2025-07-08 15:00:02,076 - INFO -   Corrupted sample similarity: 0.1521
2025-07-08 15:00:02,076 - INFO -   Similarity gap (clean - corrupt): 0.3355
2025-07-08 15:00:02,193 - INFO - Epoch 20/30 - Train Loss: 0.2699, Val Loss: 0.2030, Clean Sim: 0.4876, Corrupt Sim: 0.1521, Gap: 0.3355, Time: 988.68s
2025-07-08 15:15:50,030 - INFO - Epoch 21: Total optimizer steps: 31
2025-07-08 15:19:09,981 - INFO - Validation metrics:
2025-07-08 15:19:09,981 - INFO -   Loss: 0.1887
2025-07-08 15:19:09,981 - INFO -   Average similarity: 0.7227
2025-07-08 15:19:09,981 - INFO -   Median similarity: 0.9653
2025-07-08 15:19:09,981 - INFO -   Clean sample similarity: 0.7227
2025-07-08 15:19:09,981 - INFO -   Corrupted sample similarity: 0.3241
2025-07-08 15:19:09,981 - INFO -   Similarity gap (clean - corrupt): 0.3986
2025-07-08 15:19:10,103 - INFO - Epoch 21/30 - Train Loss: 0.2386, Val Loss: 0.1887, Clean Sim: 0.7227, Corrupt Sim: 0.3241, Gap: 0.3986, Time: 986.03s
2025-07-08 15:32:21,447 - INFO - Epoch 22: Total optimizer steps: 31
2025-07-08 15:35:42,070 - INFO - Validation metrics:
2025-07-08 15:35:42,070 - INFO -   Loss: 0.1782
2025-07-08 15:35:42,070 - INFO -   Average similarity: 0.5716
2025-07-08 15:35:42,070 - INFO -   Median similarity: 0.7297
2025-07-08 15:35:42,070 - INFO -   Clean sample similarity: 0.5716
2025-07-08 15:35:42,070 - INFO -   Corrupted sample similarity: 0.2023
2025-07-08 15:35:42,070 - INFO -   Similarity gap (clean - corrupt): 0.3692
2025-07-08 15:35:42,204 - INFO - Epoch 22/30 - Train Loss: 0.2389, Val Loss: 0.1782, Clean Sim: 0.5716, Corrupt Sim: 0.2023, Gap: 0.3692, Time: 992.10s
2025-07-08 15:35:42,204 - INFO - New best validation loss: 0.1782
2025-07-08 15:48:55,059 - INFO - Epoch 23: Total optimizer steps: 31
2025-07-08 15:52:15,775 - INFO - Validation metrics:
2025-07-08 15:52:15,775 - INFO -   Loss: 0.1823
2025-07-08 15:52:15,775 - INFO -   Average similarity: 0.5819
2025-07-08 15:52:15,775 - INFO -   Median similarity: 0.7828
2025-07-08 15:52:15,775 - INFO -   Clean sample similarity: 0.5819
2025-07-08 15:52:15,775 - INFO -   Corrupted sample similarity: 0.2085
2025-07-08 15:52:15,775 - INFO -   Similarity gap (clean - corrupt): 0.3733
2025-07-08 15:52:15,892 - INFO - Epoch 23/30 - Train Loss: 0.2345, Val Loss: 0.1823, Clean Sim: 0.5819, Corrupt Sim: 0.2085, Gap: 0.3733, Time: 987.02s
2025-07-08 16:05:20,747 - INFO - Epoch 24: Total optimizer steps: 31
2025-07-08 16:08:40,797 - INFO - Validation metrics:
2025-07-08 16:08:40,797 - INFO -   Loss: 0.1916
2025-07-08 16:08:40,797 - INFO -   Average similarity: 0.7086
2025-07-08 16:08:40,797 - INFO -   Median similarity: 0.9558
2025-07-08 16:08:40,797 - INFO -   Clean sample similarity: 0.7086
2025-07-08 16:08:40,798 - INFO -   Corrupted sample similarity: 0.3129
2025-07-08 16:08:40,798 - INFO -   Similarity gap (clean - corrupt): 0.3957
2025-07-08 16:08:40,916 - INFO - Epoch 24/30 - Train Loss: 0.2382, Val Loss: 0.1916, Clean Sim: 0.7086, Corrupt Sim: 0.3129, Gap: 0.3957, Time: 985.02s
2025-07-08 16:21:50,531 - INFO - Epoch 25: Total optimizer steps: 31
2025-07-08 16:25:11,662 - INFO - Validation metrics:
2025-07-08 16:25:11,662 - INFO -   Loss: 0.1879
2025-07-08 16:25:11,662 - INFO -   Average similarity: 0.7765
2025-07-08 16:25:11,662 - INFO -   Median similarity: 0.9933
2025-07-08 16:25:11,662 - INFO -   Clean sample similarity: 0.7765
2025-07-08 16:25:11,662 - INFO -   Corrupted sample similarity: 0.3660
2025-07-08 16:25:11,662 - INFO -   Similarity gap (clean - corrupt): 0.4104
2025-07-08 16:25:11,772 - INFO - Epoch 25/30 - Train Loss: 0.2369, Val Loss: 0.1879, Clean Sim: 0.7765, Corrupt Sim: 0.3660, Gap: 0.4104, Time: 990.86s
2025-07-08 16:25:11,772 - INFO - New best similarity gap: 0.4104
