2025-07-16 08:20:23,944 - INFO - Starting training for 30 epochs
2025-07-16 08:38:13,457 - INFO - Epoch 1: Total optimizer steps: 49
2025-07-16 08:41:10,459 - INFO - Validation metrics:
2025-07-16 08:41:10,459 - INFO -   Loss: 0.9396
2025-07-16 08:41:10,459 - INFO -   BCE Loss: 0.5631
2025-07-16 08:41:10,460 - INFO -   Weighted BCE Loss: 0.5626
2025-07-16 08:41:10,460 - INFO -   Average similarity: 0.4324
2025-07-16 08:41:10,460 - INFO -   Median similarity: 0.4372
2025-07-16 08:41:10,460 - INFO -   Clean sample similarity: 0.4324
2025-07-16 08:41:10,460 - INFO -   Corrupted sample similarity: 0.3555
2025-07-16 08:41:10,460 - INFO -   Similarity gap (clean - corrupt): 0.0768
2025-07-16 08:41:10,684 - INFO - Epoch 1/30 - Train Loss: 1.1750, Val Loss: 0.9396, Val BCE: 0.5631, Val wBCE: 0.5626, Clean Sim: 0.4324, Corrupt Sim: 0.3555, Gap: 0.0768, Time: 1246.74s
2025-07-16 08:41:10,684 - INFO - New best validation loss: 0.9396
2025-07-16 08:41:13,264 - INFO - New best similarity gap: 0.0768
2025-07-16 08:59:04,671 - INFO - Epoch 2: Total optimizer steps: 49
2025-07-16 09:02:01,410 - INFO - Validation metrics:
2025-07-16 09:02:01,410 - INFO -   Loss: 0.8383
2025-07-16 09:02:01,410 - INFO -   BCE Loss: 0.5520
2025-07-16 09:02:01,410 - INFO -   Weighted BCE Loss: 0.5500
2025-07-16 09:02:01,410 - INFO -   Average similarity: 0.5789
2025-07-16 09:02:01,410 - INFO -   Median similarity: 0.6112
2025-07-16 09:02:01,410 - INFO -   Clean sample similarity: 0.5789
2025-07-16 09:02:01,410 - INFO -   Corrupted sample similarity: 0.4373
2025-07-16 09:02:01,410 - INFO -   Similarity gap (clean - corrupt): 0.1416
2025-07-16 09:02:01,544 - INFO - Epoch 2/30 - Train Loss: 0.9187, Val Loss: 0.8383, Val BCE: 0.5520, Val wBCE: 0.5500, Clean Sim: 0.5789, Corrupt Sim: 0.4373, Gap: 0.1416, Time: 1244.98s
2025-07-16 09:02:01,545 - INFO - New best validation loss: 0.8383
2025-07-16 09:02:04,235 - INFO - New best similarity gap: 0.1416
2025-07-16 09:04:51,950 - INFO - Epoch 2 Validation Alignment: Pos=0.143, Neg=0.120, Gap=0.023
2025-07-16 09:22:54,945 - INFO - Epoch 3: Total optimizer steps: 49
2025-07-16 09:25:51,965 - INFO - Validation metrics:
2025-07-16 09:25:51,966 - INFO -   Loss: 0.7903
2025-07-16 09:25:51,966 - INFO -   BCE Loss: 0.5442
2025-07-16 09:25:51,966 - INFO -   Weighted BCE Loss: 0.5398
2025-07-16 09:25:51,966 - INFO -   Average similarity: 0.6428
2025-07-16 09:25:51,966 - INFO -   Median similarity: 0.6840
2025-07-16 09:25:51,966 - INFO -   Clean sample similarity: 0.6428
2025-07-16 09:25:51,966 - INFO -   Corrupted sample similarity: 0.4705
2025-07-16 09:25:51,966 - INFO -   Similarity gap (clean - corrupt): 0.1723
2025-07-16 09:25:52,160 - INFO - Epoch 3/30 - Train Loss: 0.8530, Val Loss: 0.7903, Val BCE: 0.5442, Val wBCE: 0.5398, Clean Sim: 0.6428, Corrupt Sim: 0.4705, Gap: 0.1723, Time: 1260.21s
2025-07-16 09:25:52,160 - INFO - New best validation loss: 0.7903
2025-07-16 09:25:54,849 - INFO - New best similarity gap: 0.1723
2025-07-16 09:44:02,966 - INFO - Epoch 4: Total optimizer steps: 49
2025-07-16 09:47:00,793 - INFO - Validation metrics:
2025-07-16 09:47:00,794 - INFO -   Loss: 0.7693
2025-07-16 09:47:00,794 - INFO -   BCE Loss: 0.5501
2025-07-16 09:47:00,794 - INFO -   Weighted BCE Loss: 0.5421
2025-07-16 09:47:00,794 - INFO -   Average similarity: 0.6012
2025-07-16 09:47:00,794 - INFO -   Median similarity: 0.6346
2025-07-16 09:47:00,794 - INFO -   Clean sample similarity: 0.6012
2025-07-16 09:47:00,794 - INFO -   Corrupted sample similarity: 0.4169
2025-07-16 09:47:00,794 - INFO -   Similarity gap (clean - corrupt): 0.1843
2025-07-16 09:47:00,938 - INFO - Epoch 4/30 - Train Loss: 0.8162, Val Loss: 0.7693, Val BCE: 0.5501, Val wBCE: 0.5421, Clean Sim: 0.6012, Corrupt Sim: 0.4169, Gap: 0.1843, Time: 1262.67s
2025-07-16 09:47:00,938 - INFO - New best validation loss: 0.7693
2025-07-16 09:47:04,299 - INFO - New best similarity gap: 0.1843
2025-07-16 09:49:52,425 - INFO - Epoch 4 Validation Alignment: Pos=0.110, Neg=0.086, Gap=0.024
2025-07-16 10:07:47,918 - INFO - Epoch 5: Total optimizer steps: 49
2025-07-16 10:10:45,884 - INFO - Validation metrics:
2025-07-16 10:10:45,884 - INFO -   Loss: 0.7356
2025-07-16 10:10:45,884 - INFO -   BCE Loss: 0.5313
2025-07-16 10:10:45,884 - INFO -   Weighted BCE Loss: 0.5194
2025-07-16 10:10:45,884 - INFO -   Average similarity: 0.6801
2025-07-16 10:10:45,884 - INFO -   Median similarity: 0.7201
2025-07-16 10:10:45,884 - INFO -   Clean sample similarity: 0.6801
2025-07-16 10:10:45,884 - INFO -   Corrupted sample similarity: 0.4744
2025-07-16 10:10:45,884 - INFO -   Similarity gap (clean - corrupt): 0.2057
2025-07-16 10:10:46,090 - INFO - Epoch 5/30 - Train Loss: 0.7962, Val Loss: 0.7356, Val BCE: 0.5313, Val wBCE: 0.5194, Clean Sim: 0.6801, Corrupt Sim: 0.4744, Gap: 0.2057, Time: 1253.66s
2025-07-16 10:10:46,090 - INFO - New best validation loss: 0.7356
2025-07-16 10:10:48,749 - INFO - New best similarity gap: 0.2057
2025-07-16 10:28:49,987 - INFO - Epoch 6: Total optimizer steps: 49
2025-07-16 10:31:54,758 - INFO - Validation metrics:
2025-07-16 10:31:54,758 - INFO -   Loss: 0.7193
2025-07-16 10:31:54,758 - INFO -   BCE Loss: 0.5264
2025-07-16 10:31:54,758 - INFO -   Weighted BCE Loss: 0.5094
2025-07-16 10:31:54,758 - INFO -   Average similarity: 0.6862
2025-07-16 10:31:54,758 - INFO -   Median similarity: 0.7224
2025-07-16 10:31:54,758 - INFO -   Clean sample similarity: 0.6862
2025-07-16 10:31:54,758 - INFO -   Corrupted sample similarity: 0.4718
2025-07-16 10:31:54,758 - INFO -   Similarity gap (clean - corrupt): 0.2145
2025-07-16 10:31:54,890 - INFO - Epoch 6/30 - Train Loss: 0.7666, Val Loss: 0.7193, Val BCE: 0.5264, Val wBCE: 0.5094, Clean Sim: 0.6862, Corrupt Sim: 0.4718, Gap: 0.2145, Time: 1262.78s
2025-07-16 10:31:54,890 - INFO - New best validation loss: 0.7193
2025-07-16 10:31:58,630 - INFO - New best similarity gap: 0.2145
2025-07-16 10:34:51,441 - INFO - Epoch 6 Validation Alignment: Pos=0.175, Neg=0.135, Gap=0.040
2025-07-16 10:53:43,252 - INFO - Epoch 7: Total optimizer steps: 49
2025-07-16 10:56:43,691 - INFO - Validation metrics:
2025-07-16 10:56:43,691 - INFO -   Loss: 0.6940
2025-07-16 10:56:43,691 - INFO -   BCE Loss: 0.5152
2025-07-16 10:56:43,691 - INFO -   Weighted BCE Loss: 0.4927
2025-07-16 10:56:43,691 - INFO -   Average similarity: 0.6816
2025-07-16 10:56:43,691 - INFO -   Median similarity: 0.7055
2025-07-16 10:56:43,691 - INFO -   Clean sample similarity: 0.6816
2025-07-16 10:56:43,691 - INFO -   Corrupted sample similarity: 0.4603
2025-07-16 10:56:43,691 - INFO -   Similarity gap (clean - corrupt): 0.2212
2025-07-16 10:56:43,879 - INFO - Epoch 7/30 - Train Loss: 0.7523, Val Loss: 0.6940, Val BCE: 0.5152, Val wBCE: 0.4927, Clean Sim: 0.6816, Corrupt Sim: 0.4603, Gap: 0.2212, Time: 1312.44s
2025-07-16 10:56:43,879 - INFO - New best validation loss: 0.6940
2025-07-16 10:56:47,349 - INFO - New best similarity gap: 0.2212
2025-07-16 11:15:27,082 - INFO - Epoch 8: Total optimizer steps: 49
2025-07-16 11:18:27,392 - INFO - Validation metrics:
2025-07-16 11:18:27,393 - INFO -   Loss: 0.6643
2025-07-16 11:18:27,393 - INFO -   BCE Loss: 0.5075
2025-07-16 11:18:27,393 - INFO -   Weighted BCE Loss: 0.4788
2025-07-16 11:18:27,393 - INFO -   Average similarity: 0.6924
2025-07-16 11:18:27,393 - INFO -   Median similarity: 0.7318
2025-07-16 11:18:27,393 - INFO -   Clean sample similarity: 0.6924
2025-07-16 11:18:27,393 - INFO -   Corrupted sample similarity: 0.4105
2025-07-16 11:18:27,393 - INFO -   Similarity gap (clean - corrupt): 0.2819
2025-07-16 11:18:27,582 - INFO - Epoch 8/30 - Train Loss: 0.7218, Val Loss: 0.6643, Val BCE: 0.5075, Val wBCE: 0.4788, Clean Sim: 0.6924, Corrupt Sim: 0.4105, Gap: 0.2819, Time: 1296.82s
2025-07-16 11:18:27,582 - INFO - New best validation loss: 0.6643
2025-07-16 11:18:31,075 - INFO - New best similarity gap: 0.2819
2025-07-16 11:40:00,397 - INFO - Epoch 9: Total optimizer steps: 49
2025-07-16 11:43:00,488 - INFO - Validation metrics:
2025-07-16 11:43:00,488 - INFO -   Loss: 0.6989
2025-07-16 11:43:00,488 - INFO -   BCE Loss: 0.5267
2025-07-16 11:43:00,488 - INFO -   Weighted BCE Loss: 0.4888
2025-07-16 11:43:00,488 - INFO -   Average similarity: 0.6940
2025-07-16 11:43:00,488 - INFO -   Median similarity: 0.7147
2025-07-16 11:43:00,488 - INFO -   Clean sample similarity: 0.6940
2025-07-16 11:43:00,488 - INFO -   Corrupted sample similarity: 0.4796
2025-07-16 11:43:00,489 - INFO -   Similarity gap (clean - corrupt): 0.2144
2025-07-16 11:43:00,687 - INFO - Epoch 9/30 - Train Loss: 0.8725, Val Loss: 0.6989, Val BCE: 0.5267, Val wBCE: 0.4888, Clean Sim: 0.6940, Corrupt Sim: 0.4796, Gap: 0.2144, Time: 1299.96s
2025-07-16 12:01:22,782 - INFO - Epoch 10: Total optimizer steps: 49
2025-07-16 12:04:17,978 - INFO - Validation metrics:
2025-07-16 12:04:17,978 - INFO -   Loss: 0.6282
2025-07-16 12:04:17,978 - INFO -   BCE Loss: 0.4865
2025-07-16 12:04:17,978 - INFO -   Weighted BCE Loss: 0.4438
2025-07-16 12:04:17,978 - INFO -   Average similarity: 0.6218
2025-07-16 12:04:17,978 - INFO -   Median similarity: 0.6319
2025-07-16 12:04:17,978 - INFO -   Clean sample similarity: 0.6218
2025-07-16 12:04:17,978 - INFO -   Corrupted sample similarity: 0.3554
2025-07-16 12:04:17,978 - INFO -   Similarity gap (clean - corrupt): 0.2664
2025-07-16 12:04:18,199 - INFO - Epoch 10/30 - Train Loss: 0.7031, Val Loss: 0.6282, Val BCE: 0.4865, Val wBCE: 0.4438, Clean Sim: 0.6218, Corrupt Sim: 0.3554, Gap: 0.2664, Time: 1277.51s
2025-07-16 12:04:18,199 - INFO - New best validation loss: 0.6282
2025-07-16 12:07:05,118 - INFO - Epoch 10 Validation Alignment: Pos=0.165, Neg=0.113, Gap=0.052
2025-07-16 12:24:35,563 - INFO - Epoch 11: Total optimizer steps: 49
2025-07-16 12:27:30,479 - INFO - Validation metrics:
2025-07-16 12:27:30,479 - INFO -   Loss: 0.6204
2025-07-16 12:27:30,479 - INFO -   BCE Loss: 0.4782
2025-07-16 12:27:30,479 - INFO -   Weighted BCE Loss: 0.4284
2025-07-16 12:27:30,479 - INFO -   Average similarity: 0.7388
2025-07-16 12:27:30,479 - INFO -   Median similarity: 0.7672
2025-07-16 12:27:30,479 - INFO -   Clean sample similarity: 0.7388
2025-07-16 12:27:30,479 - INFO -   Corrupted sample similarity: 0.4349
2025-07-16 12:27:30,479 - INFO -   Similarity gap (clean - corrupt): 0.3040
2025-07-16 12:27:30,653 - INFO - Epoch 11/30 - Train Loss: 0.6574, Val Loss: 0.6204, Val BCE: 0.4782, Val wBCE: 0.4284, Clean Sim: 0.7388, Corrupt Sim: 0.4349, Gap: 0.3040, Time: 1225.53s
2025-07-16 12:27:30,654 - INFO - New best validation loss: 0.6204
2025-07-16 12:27:33,294 - INFO - New best similarity gap: 0.3040
2025-07-16 12:45:13,762 - INFO - Epoch 12: Total optimizer steps: 49
2025-07-16 12:48:10,099 - INFO - Validation metrics:
2025-07-16 12:48:10,099 - INFO -   Loss: 0.5930
2025-07-16 12:48:10,099 - INFO -   BCE Loss: 0.4623
2025-07-16 12:48:10,099 - INFO -   Weighted BCE Loss: 0.4062
2025-07-16 12:48:10,099 - INFO -   Average similarity: 0.7108
2025-07-16 12:48:10,099 - INFO -   Median similarity: 0.7270
2025-07-16 12:48:10,099 - INFO -   Clean sample similarity: 0.7108
2025-07-16 12:48:10,099 - INFO -   Corrupted sample similarity: 0.4176
2025-07-16 12:48:10,099 - INFO -   Similarity gap (clean - corrupt): 0.2932
2025-07-16 12:48:10,302 - INFO - Epoch 12/30 - Train Loss: 0.6374, Val Loss: 0.5930, Val BCE: 0.4623, Val wBCE: 0.4062, Clean Sim: 0.7108, Corrupt Sim: 0.4176, Gap: 0.2932, Time: 1233.61s
2025-07-16 12:48:10,302 - INFO - New best validation loss: 0.5930
2025-07-16 12:50:57,122 - INFO - Epoch 12 Validation Alignment: Pos=0.204, Neg=0.122, Gap=0.082
2025-07-16 13:08:32,876 - INFO - Epoch 13: Total optimizer steps: 49
2025-07-16 13:11:28,692 - INFO - Validation metrics:
2025-07-16 13:11:28,692 - INFO -   Loss: 0.5809
2025-07-16 13:11:28,692 - INFO -   BCE Loss: 0.4511
2025-07-16 13:11:28,692 - INFO -   Weighted BCE Loss: 0.3881
2025-07-16 13:11:28,692 - INFO -   Average similarity: 0.7465
2025-07-16 13:11:28,692 - INFO -   Median similarity: 0.7699
2025-07-16 13:11:28,692 - INFO -   Clean sample similarity: 0.7465
2025-07-16 13:11:28,692 - INFO -   Corrupted sample similarity: 0.4206
2025-07-16 13:11:28,693 - INFO -   Similarity gap (clean - corrupt): 0.3259
2025-07-16 13:11:28,922 - INFO - Epoch 13/30 - Train Loss: 0.6206, Val Loss: 0.5809, Val BCE: 0.4511, Val wBCE: 0.3881, Clean Sim: 0.7465, Corrupt Sim: 0.4206, Gap: 0.3259, Time: 1231.80s
2025-07-16 13:11:28,922 - INFO - New best validation loss: 0.5809
2025-07-16 13:11:31,845 - INFO - New best similarity gap: 0.3259
2025-07-16 13:29:33,078 - INFO - Epoch 14: Total optimizer steps: 49
2025-07-16 13:32:39,697 - INFO - Validation metrics:
2025-07-16 13:32:39,697 - INFO -   Loss: 0.5610
2025-07-16 13:32:39,698 - INFO -   BCE Loss: 0.4394
2025-07-16 13:32:39,698 - INFO -   Weighted BCE Loss: 0.3697
2025-07-16 13:32:39,698 - INFO -   Average similarity: 0.7379
2025-07-16 13:32:39,698 - INFO -   Median similarity: 0.7567
2025-07-16 13:32:39,698 - INFO -   Clean sample similarity: 0.7379
2025-07-16 13:32:39,698 - INFO -   Corrupted sample similarity: 0.4141
2025-07-16 13:32:39,698 - INFO -   Similarity gap (clean - corrupt): 0.3238
2025-07-16 13:32:39,903 - INFO - Epoch 14/30 - Train Loss: 0.6013, Val Loss: 0.5610, Val BCE: 0.4394, Val wBCE: 0.3697, Clean Sim: 0.7379, Corrupt Sim: 0.4141, Gap: 0.3238, Time: 1264.37s
2025-07-16 13:32:39,903 - INFO - New best validation loss: 0.5610
2025-07-16 13:35:31,749 - INFO - Epoch 14 Validation Alignment: Pos=0.186, Neg=0.103, Gap=0.082
2025-07-16 13:53:11,070 - INFO - Epoch 15: Total optimizer steps: 49
2025-07-16 13:56:06,394 - INFO - Validation metrics:
2025-07-16 13:56:06,394 - INFO -   Loss: 0.5594
2025-07-16 13:56:06,394 - INFO -   BCE Loss: 0.4357
2025-07-16 13:56:06,394 - INFO -   Weighted BCE Loss: 0.3579
2025-07-16 13:56:06,394 - INFO -   Average similarity: 0.7915
2025-07-16 13:56:06,394 - INFO -   Median similarity: 0.8195
2025-07-16 13:56:06,394 - INFO -   Clean sample similarity: 0.7915
2025-07-16 13:56:06,394 - INFO -   Corrupted sample similarity: 0.4512
2025-07-16 13:56:06,394 - INFO -   Similarity gap (clean - corrupt): 0.3402
2025-07-16 13:56:06,583 - INFO - Epoch 15/30 - Train Loss: 0.5877, Val Loss: 0.5594, Val BCE: 0.4357, Val wBCE: 0.3579, Clean Sim: 0.7915, Corrupt Sim: 0.4512, Gap: 0.3402, Time: 1234.83s
2025-07-16 13:56:06,583 - INFO - New best validation loss: 0.5594
2025-07-16 13:56:09,952 - INFO - New best similarity gap: 0.3402
2025-07-16 14:13:54,398 - INFO - Epoch 16: Total optimizer steps: 49
2025-07-16 14:16:49,277 - INFO - Validation metrics:
2025-07-16 14:16:49,278 - INFO -   Loss: 0.5296
2025-07-16 14:16:49,278 - INFO -   BCE Loss: 0.4167
2025-07-16 14:16:49,278 - INFO -   Weighted BCE Loss: 0.3339
2025-07-16 14:16:49,278 - INFO -   Average similarity: 0.7641
2025-07-16 14:16:49,278 - INFO -   Median similarity: 0.7976
2025-07-16 14:16:49,278 - INFO -   Clean sample similarity: 0.7641
2025-07-16 14:16:49,278 - INFO -   Corrupted sample similarity: 0.3992
2025-07-16 14:16:49,278 - INFO -   Similarity gap (clean - corrupt): 0.3649
2025-07-16 14:16:49,469 - INFO - Epoch 16/30 - Train Loss: 0.5739, Val Loss: 0.5296, Val BCE: 0.4167, Val wBCE: 0.3339, Clean Sim: 0.7641, Corrupt Sim: 0.3992, Gap: 0.3649, Time: 1233.57s
2025-07-16 14:16:49,469 - INFO - New best validation loss: 0.5296
2025-07-16 14:16:52,123 - INFO - New best similarity gap: 0.3649
2025-07-16 14:19:39,404 - INFO - Epoch 16 Validation Alignment: Pos=0.203, Neg=0.109, Gap=0.094
2025-07-16 14:37:14,281 - INFO - Epoch 17: Total optimizer steps: 49
2025-07-16 14:40:09,682 - INFO - Validation metrics:
2025-07-16 14:40:09,683 - INFO -   Loss: 0.5119
2025-07-16 14:40:09,683 - INFO -   BCE Loss: 0.4040
2025-07-16 14:40:09,683 - INFO -   Weighted BCE Loss: 0.3153
2025-07-16 14:40:09,683 - INFO -   Average similarity: 0.7292
2025-07-16 14:40:09,683 - INFO -   Median similarity: 0.7544
2025-07-16 14:40:09,683 - INFO -   Clean sample similarity: 0.7292
2025-07-16 14:40:09,683 - INFO -   Corrupted sample similarity: 0.3582
2025-07-16 14:40:09,683 - INFO -   Similarity gap (clean - corrupt): 0.3710
2025-07-16 14:40:09,888 - INFO - Epoch 17/30 - Train Loss: 0.5506, Val Loss: 0.5119, Val BCE: 0.4040, Val wBCE: 0.3153, Clean Sim: 0.7292, Corrupt Sim: 0.3582, Gap: 0.3710, Time: 1230.48s
2025-07-16 14:40:09,888 - INFO - New best validation loss: 0.5119
2025-07-16 14:40:12,551 - INFO - New best similarity gap: 0.3710
2025-07-16 14:40:47,177 - INFO - log_σ² gradient: -0.407023
2025-07-16 14:57:40,878 - INFO - Epoch 18: Total optimizer steps: 49
2025-07-16 15:00:35,864 - INFO - Validation metrics:
2025-07-16 15:00:35,864 - INFO -   Loss: 0.4956
2025-07-16 15:00:35,864 - INFO -   BCE Loss: 0.3932
2025-07-16 15:00:35,864 - INFO -   Weighted BCE Loss: 0.2985
2025-07-16 15:00:35,864 - INFO -   Average similarity: 0.7238
2025-07-16 15:00:35,864 - INFO -   Median similarity: 0.7532
2025-07-16 15:00:35,864 - INFO -   Clean sample similarity: 0.7238
2025-07-16 15:00:35,864 - INFO -   Corrupted sample similarity: 0.3340
2025-07-16 15:00:35,864 - INFO -   Similarity gap (clean - corrupt): 0.3898
2025-07-16 15:00:36,062 - INFO - Epoch 18/30 - Train Loss: 0.5369, Val Loss: 0.4956, Val BCE: 0.3932, Val wBCE: 0.2985, Clean Sim: 0.7238, Corrupt Sim: 0.3340, Gap: 0.3898, Time: 1220.11s
2025-07-16 15:00:36,062 - INFO - New best validation loss: 0.4956
2025-07-16 15:00:39,415 - INFO - New best similarity gap: 0.3898
2025-07-16 15:03:26,220 - INFO - Epoch 18 Validation Alignment: Pos=0.186, Neg=0.094, Gap=0.092
2025-07-16 15:21:02,797 - INFO - Epoch 19: Total optimizer steps: 49
2025-07-16 15:23:59,069 - INFO - Validation metrics:
2025-07-16 15:23:59,070 - INFO -   Loss: 0.4808
2025-07-16 15:23:59,070 - INFO -   BCE Loss: 0.3791
2025-07-16 15:23:59,070 - INFO -   Weighted BCE Loss: 0.2797
2025-07-16 15:23:59,070 - INFO -   Average similarity: 0.6730
2025-07-16 15:23:59,070 - INFO -   Median similarity: 0.6945
2025-07-16 15:23:59,070 - INFO -   Clean sample similarity: 0.6730
2025-07-16 15:23:59,070 - INFO -   Corrupted sample similarity: 0.3189
2025-07-16 15:23:59,070 - INFO -   Similarity gap (clean - corrupt): 0.3541
2025-07-16 15:23:59,290 - INFO - Epoch 19/30 - Train Loss: 0.5264, Val Loss: 0.4808, Val BCE: 0.3791, Val wBCE: 0.2797, Clean Sim: 0.6730, Corrupt Sim: 0.3189, Gap: 0.3541, Time: 1233.07s
2025-07-16 15:23:59,290 - INFO - New best validation loss: 0.4808
2025-07-16 15:41:39,682 - INFO - Epoch 20: Total optimizer steps: 49
2025-07-16 15:44:34,788 - INFO - Validation metrics:
2025-07-16 15:44:34,788 - INFO -   Loss: 0.4740
2025-07-16 15:44:34,788 - INFO -   BCE Loss: 0.3725
2025-07-16 15:44:34,788 - INFO -   Weighted BCE Loss: 0.2669
2025-07-16 15:44:34,788 - INFO -   Average similarity: 0.7354
2025-07-16 15:44:34,788 - INFO -   Median similarity: 0.7528
2025-07-16 15:44:34,788 - INFO -   Clean sample similarity: 0.7354
2025-07-16 15:44:34,788 - INFO -   Corrupted sample similarity: 0.3733
2025-07-16 15:44:34,788 - INFO -   Similarity gap (clean - corrupt): 0.3621
2025-07-16 15:44:34,996 - INFO - Epoch 20/30 - Train Loss: 0.5069, Val Loss: 0.4740, Val BCE: 0.3725, Val wBCE: 0.2669, Clean Sim: 0.7354, Corrupt Sim: 0.3733, Gap: 0.3621, Time: 1232.30s
2025-07-16 15:44:34,996 - INFO - New best validation loss: 0.4740
2025-07-16 15:47:21,629 - INFO - Epoch 20 Validation Alignment: Pos=0.225, Neg=0.118, Gap=0.108
2025-07-16 16:05:24,520 - INFO - Epoch 21: Total optimizer steps: 49
2025-07-16 16:08:29,679 - INFO - Validation metrics:
2025-07-16 16:08:29,679 - INFO -   Loss: 0.4529
2025-07-16 16:08:29,679 - INFO -   BCE Loss: 0.3556
2025-07-16 16:08:29,679 - INFO -   Weighted BCE Loss: 0.2473
2025-07-16 16:08:29,679 - INFO -   Average similarity: 0.7427
2025-07-16 16:08:29,679 - INFO -   Median similarity: 0.7595
2025-07-16 16:08:29,679 - INFO -   Clean sample similarity: 0.7427
2025-07-16 16:08:29,679 - INFO -   Corrupted sample similarity: 0.3698
2025-07-16 16:08:29,679 - INFO -   Similarity gap (clean - corrupt): 0.3729
2025-07-16 16:08:29,874 - INFO - Epoch 21/30 - Train Loss: 0.4917, Val Loss: 0.4529, Val BCE: 0.3556, Val wBCE: 0.2473, Clean Sim: 0.7427, Corrupt Sim: 0.3698, Gap: 0.3729, Time: 1268.24s
2025-07-16 16:08:29,874 - INFO - New best validation loss: 0.4529
2025-07-16 16:09:10,726 - INFO - log_σ² gradient: -0.358029
2025-07-16 16:27:02,061 - INFO - Epoch 22: Total optimizer steps: 49
2025-07-16 16:30:01,098 - INFO - Validation metrics:
2025-07-16 16:30:01,098 - INFO -   Loss: 0.4402
2025-07-16 16:30:01,098 - INFO -   BCE Loss: 0.3449
2025-07-16 16:30:01,098 - INFO -   Weighted BCE Loss: 0.2336
2025-07-16 16:30:01,098 - INFO -   Average similarity: 0.7340
2025-07-16 16:30:01,098 - INFO -   Median similarity: 0.7494
2025-07-16 16:30:01,098 - INFO -   Clean sample similarity: 0.7340
2025-07-16 16:30:01,098 - INFO -   Corrupted sample similarity: 0.3449
2025-07-16 16:30:01,099 - INFO -   Similarity gap (clean - corrupt): 0.3891
2025-07-16 16:30:01,275 - INFO - Epoch 22/30 - Train Loss: 0.4792, Val Loss: 0.4402, Val BCE: 0.3449, Val wBCE: 0.2336, Clean Sim: 0.7340, Corrupt Sim: 0.3449, Gap: 0.3891, Time: 1287.79s
2025-07-16 16:30:01,275 - INFO - New best validation loss: 0.4402
2025-07-16 16:32:49,528 - INFO - Epoch 22 Validation Alignment: Pos=0.211, Neg=0.102, Gap=0.109
2025-07-16 16:51:05,564 - INFO - Epoch 23: Total optimizer steps: 49
2025-07-16 16:54:03,776 - INFO - Validation metrics:
2025-07-16 16:54:03,776 - INFO -   Loss: 0.4363
2025-07-16 16:54:03,776 - INFO -   BCE Loss: 0.3396
2025-07-16 16:54:03,776 - INFO -   Weighted BCE Loss: 0.2247
2025-07-16 16:54:03,776 - INFO -   Average similarity: 0.7395
2025-07-16 16:54:03,776 - INFO -   Median similarity: 0.7608
2025-07-16 16:54:03,776 - INFO -   Clean sample similarity: 0.7395
2025-07-16 16:54:03,776 - INFO -   Corrupted sample similarity: 0.3474
2025-07-16 16:54:03,776 - INFO -   Similarity gap (clean - corrupt): 0.3921
2025-07-16 16:54:03,967 - INFO - Epoch 23/30 - Train Loss: 0.4708, Val Loss: 0.4363, Val BCE: 0.3396, Val wBCE: 0.2247, Clean Sim: 0.7395, Corrupt Sim: 0.3474, Gap: 0.3921, Time: 1274.44s
2025-07-16 16:54:03,967 - INFO - New best validation loss: 0.4363
2025-07-16 16:54:07,323 - INFO - New best similarity gap: 0.3921
2025-07-16 16:54:42,286 - INFO - log_σ² gradient: -0.339154
2025-07-16 17:12:16,686 - INFO - Epoch 24: Total optimizer steps: 49
2025-07-16 17:15:15,894 - INFO - Validation metrics:
2025-07-16 17:15:15,894 - INFO -   Loss: 0.4235
2025-07-16 17:15:15,894 - INFO -   BCE Loss: 0.3325
2025-07-16 17:15:15,894 - INFO -   Weighted BCE Loss: 0.2157
2025-07-16 17:15:15,894 - INFO -   Average similarity: 0.7402
2025-07-16 17:15:15,894 - INFO -   Median similarity: 0.7518
2025-07-16 17:15:15,894 - INFO -   Clean sample similarity: 0.7402
2025-07-16 17:15:15,894 - INFO -   Corrupted sample similarity: 0.3603
2025-07-16 17:15:15,894 - INFO -   Similarity gap (clean - corrupt): 0.3799
2025-07-16 17:15:16,095 - INFO - Epoch 24/30 - Train Loss: 0.4551, Val Loss: 0.4235, Val BCE: 0.3325, Val wBCE: 0.2157, Clean Sim: 0.7402, Corrupt Sim: 0.3603, Gap: 0.3799, Time: 1265.39s
2025-07-16 17:15:16,096 - INFO - New best validation loss: 0.4235
2025-07-16 17:18:04,405 - INFO - Epoch 24 Validation Alignment: Pos=0.218, Neg=0.108, Gap=0.110
2025-07-16 17:35:55,358 - INFO - Epoch 25: Total optimizer steps: 49
2025-07-16 17:38:51,071 - INFO - Validation metrics:
2025-07-16 17:38:51,071 - INFO -   Loss: 0.4202
2025-07-16 17:38:51,071 - INFO -   BCE Loss: 0.3267
2025-07-16 17:38:51,071 - INFO -   Weighted BCE Loss: 0.2084
2025-07-16 17:38:51,071 - INFO -   Average similarity: 0.7664
2025-07-16 17:38:51,071 - INFO -   Median similarity: 0.7836
2025-07-16 17:38:51,071 - INFO -   Clean sample similarity: 0.7664
2025-07-16 17:38:51,071 - INFO -   Corrupted sample similarity: 0.3733
2025-07-16 17:38:51,071 - INFO -   Similarity gap (clean - corrupt): 0.3932
2025-07-16 17:38:51,257 - INFO - Epoch 25/30 - Train Loss: 0.4474, Val Loss: 0.4202, Val BCE: 0.3267, Val wBCE: 0.2084, Clean Sim: 0.7664, Corrupt Sim: 0.3733, Gap: 0.3932, Time: 1246.85s
2025-07-16 17:38:51,257 - INFO - New best validation loss: 0.4202
2025-07-16 17:38:54,679 - INFO - New best similarity gap: 0.3932
2025-07-16 17:39:29,197 - INFO - log_σ² gradient: -0.322956
2025-07-16 17:56:32,980 - INFO - Epoch 26: Total optimizer steps: 49
2025-07-16 17:59:29,595 - INFO - Validation metrics:
2025-07-16 17:59:29,596 - INFO -   Loss: 0.4191
2025-07-16 17:59:29,596 - INFO -   BCE Loss: 0.3272
2025-07-16 17:59:29,596 - INFO -   Weighted BCE Loss: 0.2059
2025-07-16 17:59:29,596 - INFO -   Average similarity: 0.7106
2025-07-16 17:59:29,596 - INFO -   Median similarity: 0.7228
2025-07-16 17:59:29,596 - INFO -   Clean sample similarity: 0.7106
2025-07-16 17:59:29,596 - INFO -   Corrupted sample similarity: 0.3427
2025-07-16 17:59:29,596 - INFO -   Similarity gap (clean - corrupt): 0.3679
2025-07-16 17:59:29,741 - INFO - Epoch 26/30 - Train Loss: 0.4434, Val Loss: 0.4191, Val BCE: 0.3272, Val wBCE: 0.2059, Clean Sim: 0.7106, Corrupt Sim: 0.3427, Gap: 0.3679, Time: 1231.67s
2025-07-16 17:59:29,741 - INFO - New best validation loss: 0.4191
2025-07-16 18:02:16,026 - INFO - Epoch 26 Validation Alignment: Pos=0.236, Neg=0.129, Gap=0.106
2025-07-16 18:19:55,972 - INFO - Epoch 27: Total optimizer steps: 49
2025-07-16 18:22:55,794 - INFO - Validation metrics:
2025-07-16 18:22:55,794 - INFO -   Loss: 0.4048
2025-07-16 18:22:55,794 - INFO -   BCE Loss: 0.3183
2025-07-16 18:22:55,795 - INFO -   Weighted BCE Loss: 0.1982
2025-07-16 18:22:55,795 - INFO -   Average similarity: 0.7394
2025-07-16 18:22:55,795 - INFO -   Median similarity: 0.7573
2025-07-16 18:22:55,795 - INFO -   Clean sample similarity: 0.7394
2025-07-16 18:22:55,795 - INFO -   Corrupted sample similarity: 0.3443
2025-07-16 18:22:55,795 - INFO -   Similarity gap (clean - corrupt): 0.3951
2025-07-16 18:22:56,009 - INFO - Epoch 27/30 - Train Loss: 0.4368, Val Loss: 0.4048, Val BCE: 0.3183, Val wBCE: 0.1982, Clean Sim: 0.7394, Corrupt Sim: 0.3443, Gap: 0.3951, Time: 1239.98s
2025-07-16 18:22:56,010 - INFO - New best validation loss: 0.4048
2025-07-16 18:22:59,438 - INFO - New best similarity gap: 0.3951
2025-07-16 18:41:14,048 - INFO - Epoch 28: Total optimizer steps: 49
2025-07-16 18:44:12,903 - INFO - Validation metrics:
2025-07-16 18:44:12,903 - INFO -   Loss: 0.4100
2025-07-16 18:44:12,903 - INFO -   BCE Loss: 0.3171
2025-07-16 18:44:12,903 - INFO -   Weighted BCE Loss: 0.1959
2025-07-16 18:44:12,903 - INFO -   Average similarity: 0.7722
2025-07-16 18:44:12,903 - INFO -   Median similarity: 0.7961
2025-07-16 18:44:12,903 - INFO -   Clean sample similarity: 0.7722
2025-07-16 18:44:12,903 - INFO -   Corrupted sample similarity: 0.3613
2025-07-16 18:44:12,903 - INFO -   Similarity gap (clean - corrupt): 0.4109
2025-07-16 18:44:13,128 - INFO - Epoch 28/30 - Train Loss: 0.4317, Val Loss: 0.4100, Val BCE: 0.3171, Val wBCE: 0.1959, Clean Sim: 0.7722, Corrupt Sim: 0.3613, Gap: 0.4109, Time: 1270.32s
2025-07-16 18:44:13,128 - INFO - New best similarity gap: 0.4109
2025-07-16 18:47:06,349 - INFO - Epoch 28 Validation Alignment: Pos=0.228, Neg=0.098, Gap=0.130
2025-07-16 19:05:39,508 - INFO - Epoch 29: Total optimizer steps: 49
2025-07-16 19:08:38,885 - INFO - Validation metrics:
2025-07-16 19:08:38,885 - INFO -   Loss: 0.4056
2025-07-16 19:08:38,885 - INFO -   BCE Loss: 0.3153
2025-07-16 19:08:38,885 - INFO -   Weighted BCE Loss: 0.1939
2025-07-16 19:08:38,885 - INFO -   Average similarity: 0.7754
2025-07-16 19:08:38,885 - INFO -   Median similarity: 0.7984
2025-07-16 19:08:38,885 - INFO -   Clean sample similarity: 0.7754
2025-07-16 19:08:38,885 - INFO -   Corrupted sample similarity: 0.3646
2025-07-16 19:08:38,885 - INFO -   Similarity gap (clean - corrupt): 0.4108
2025-07-16 19:08:39,083 - INFO - Epoch 29/30 - Train Loss: 0.4315, Val Loss: 0.4056, Val BCE: 0.3153, Val wBCE: 0.1939, Clean Sim: 0.7754, Corrupt Sim: 0.3646, Gap: 0.4108, Time: 1292.73s
2025-07-16 19:26:46,282 - INFO - Epoch 30: Total optimizer steps: 49
2025-07-16 19:29:45,893 - INFO - Validation metrics:
2025-07-16 19:29:45,893 - INFO -   Loss: 0.4082
2025-07-16 19:29:45,893 - INFO -   BCE Loss: 0.3146
2025-07-16 19:29:45,893 - INFO -   Weighted BCE Loss: 0.1932
2025-07-16 19:29:45,893 - INFO -   Average similarity: 0.7799
2025-07-16 19:29:45,893 - INFO -   Median similarity: 0.8049
2025-07-16 19:29:45,893 - INFO -   Clean sample similarity: 0.7799
2025-07-16 19:29:45,894 - INFO -   Corrupted sample similarity: 0.3714
2025-07-16 19:29:45,894 - INFO -   Similarity gap (clean - corrupt): 0.4085
2025-07-16 19:29:46,069 - INFO - Epoch 30/30 - Train Loss: 0.4276, Val Loss: 0.4082, Val BCE: 0.3146, Val wBCE: 0.1932, Clean Sim: 0.7799, Corrupt Sim: 0.3714, Gap: 0.4085, Time: 1266.99s
2025-07-16 19:32:34,686 - INFO - Epoch 30 Validation Alignment: Pos=0.231, Neg=0.109, Gap=0.122
2025-07-16 19:32:34,686 - INFO - Training completed!
2025-07-16 19:32:37,373 - INFO - Evaluating best models on test set...
2025-07-16 19:32:38,320 - INFO - Loaded best loss model from epoch 27
2025-07-16 19:35:55,804 - INFO - Test (Best Loss) metrics:
2025-07-16 19:35:55,805 - INFO -   Loss: 0.4103
2025-07-16 19:35:55,805 - INFO -   BCE Loss: 0.3173
2025-07-16 19:35:55,805 - INFO -   Weighted BCE Loss: 0.1948
2025-07-16 19:35:55,805 - INFO -   Average similarity: 0.7277
2025-07-16 19:35:55,805 - INFO -   Median similarity: 0.7505
2025-07-16 19:35:55,805 - INFO -   Clean sample similarity: 0.7277
2025-07-16 19:35:55,805 - INFO -   Corrupted sample similarity: 0.3438
2025-07-16 19:35:55,805 - INFO -   Similarity gap (clean - corrupt): 0.3839
2025-07-16 19:38:53,903 - INFO - Loaded best gap model from epoch 28
2025-07-16 19:42:13,802 - INFO - Test (Best Gap) metrics:
2025-07-16 19:42:13,803 - INFO -   Loss: 0.4171
2025-07-16 19:42:13,803 - INFO -   BCE Loss: 0.3176
2025-07-16 19:42:13,803 - INFO -   Weighted BCE Loss: 0.1950
2025-07-16 19:42:13,803 - INFO -   Average similarity: 0.7656
2025-07-16 19:42:13,803 - INFO -   Median similarity: 0.7958
2025-07-16 19:42:13,803 - INFO -   Clean sample similarity: 0.7656
2025-07-16 19:42:13,803 - INFO -   Corrupted sample similarity: 0.3614
2025-07-16 19:42:13,803 - INFO -   Similarity gap (clean - corrupt): 0.4042
2025-07-16 19:45:18,228 - INFO - Evaluation completed!
2025-07-16 19:45:18,228 - INFO - Test results for best_loss_model:
2025-07-16 19:45:18,228 - INFO -   Loss: 0.4103
2025-07-16 19:45:18,228 - INFO -   Clean Sample Similarity: 0.7277
2025-07-16 19:45:18,228 - INFO -   Corrupted Sample Similarity: 0.3438
2025-07-16 19:45:18,228 - INFO -   Similarity Gap: 0.3839
2025-07-16 19:45:18,228 - INFO - Test results for best_gap_model:
2025-07-16 19:45:18,228 - INFO -   Loss: 0.4171
2025-07-16 19:45:18,228 - INFO -   Clean Sample Similarity: 0.7656
2025-07-16 19:45:18,228 - INFO -   Corrupted Sample Similarity: 0.3614
2025-07-16 19:45:18,228 - INFO -   Similarity Gap: 0.4042
2025-07-16 19:45:18,446 - INFO - All tasks completed!
