
2025-07-10 14:43:48,685 - INFO - Starting training for 30 epochs

2025-07-10 14:57:03,246 - INFO - Epoch 1: Total optimizer steps: 31
2025-07-10 15:00:35,021 - INFO - Validation metrics:
2025-07-10 15:00:35,022 - INFO -   Loss: 1.0307
2025-07-10 15:00:35,022 - INFO -   Average similarity: 0.1485
2025-07-10 15:00:35,022 - INFO -   Median similarity: 0.0839
2025-07-10 15:00:35,022 - INFO -   Clean sample similarity: 0.1485
2025-07-10 15:00:35,022 - INFO -   Corrupted sample similarity: 0.0914
2025-07-10 15:00:35,022 - INFO -   Similarity gap (clean - corrupt): 0.0571
2025-07-10 15:00:35,132 - INFO - Epoch 1/30 - Train Loss: 1.2621, Val Loss: 1.0307, Clean Sim: 0.1485, Corrupt Sim: 0.0914, Gap: 0.0571, Time: 1006.45s
2025-07-10 15:00:35,132 - INFO - New best validation loss: 1.0307
2025-07-10 15:00:42,818 - INFO - New best similarity gap: 0.0571

2025-07-10 15:14:14,281 - INFO - Epoch 2: Total optimizer steps: 31
2025-07-10 15:17:42,056 - INFO - Validation metrics:
2025-07-10 15:17:42,057 - INFO -   Loss: 0.8922
2025-07-10 15:17:42,057 - INFO -   Average similarity: 0.5403
2025-07-10 15:17:42,057 - INFO -   Median similarity: 0.6270
2025-07-10 15:17:42,057 - INFO -   Clean sample similarity: 0.5403
2025-07-10 15:17:42,057 - INFO -   Corrupted sample similarity: 0.3360
2025-07-10 15:17:42,057 - INFO -   Similarity gap (clean - corrupt): 0.2043
2025-07-10 15:17:42,224 - INFO - Epoch 2/30 - Train Loss: 0.9801, Val Loss: 0.8922, Clean Sim: 0.5403, Corrupt Sim: 0.3360, Gap: 0.2043, Time: 1012.18s
2025-07-10 15:17:42,225 - INFO - New best validation loss: 0.8922
2025-07-10 15:17:48,996 - INFO - New best similarity gap: 0.2043
2025-07-10 15:20:51,099 - INFO - Epoch 2 Validation Alignment: Pos=0.097, Neg=0.091, Gap=0.006

2025-07-10 15:33:59,040 - INFO - Epoch 3: Total optimizer steps: 31
2025-07-10 15:37:19,614 - INFO - Validation metrics:
2025-07-10 15:37:19,614 - INFO -   Loss: 0.8290
2025-07-10 15:37:19,614 - INFO -   Average similarity: 0.6453
2025-07-10 15:37:19,614 - INFO -   Median similarity: 0.8567
2025-07-10 15:37:19,614 - INFO -   Clean sample similarity: 0.6453
2025-07-10 15:37:19,614 - INFO -   Corrupted sample similarity: 0.4012
2025-07-10 15:37:19,614 - INFO -   Similarity gap (clean - corrupt): 0.2441
2025-07-10 15:37:19,742 - INFO - Epoch 3/30 - Train Loss: 0.8919, Val Loss: 0.8290, Clean Sim: 0.6453, Corrupt Sim: 0.4012, Gap: 0.2441, Time: 988.64s
2025-07-10 15:37:19,742 - INFO - New best validation loss: 0.8290
2025-07-10 15:37:26,344 - INFO - New best similarity gap: 0.2441

2025-07-10 15:50:46,498 - INFO - Epoch 4: Total optimizer steps: 31
2025-07-10 15:54:05,705 - INFO - Validation metrics:
2025-07-10 15:54:05,705 - INFO -   Loss: 0.8083
2025-07-10 15:54:05,705 - INFO -   Average similarity: 0.6493
2025-07-10 15:54:05,705 - INFO -   Median similarity: 0.8758
2025-07-10 15:54:05,705 - INFO -   Clean sample similarity: 0.6493
2025-07-10 15:54:05,705 - INFO -   Corrupted sample similarity: 0.3713
2025-07-10 15:54:05,705 - INFO -   Similarity gap (clean - corrupt): 0.2780
2025-07-10 15:54:05,831 - INFO - Epoch 4/30 - Train Loss: 0.8501, Val Loss: 0.8083, Clean Sim: 0.6493, Corrupt Sim: 0.3713, Gap: 0.2780, Time: 991.63s
2025-07-10 15:54:05,832 - INFO - New best validation loss: 0.8083
2025-07-10 15:54:11,918 - INFO - New best similarity gap: 0.2780
2025-07-10 15:56:58,215 - INFO - Epoch 4 Validation Alignment: Pos=0.113, Neg=0.100, Gap=0.013

2025-07-10 16:10:00,745 - INFO - Epoch 5: Total optimizer steps: 31
2025-07-10 16:13:20,132 - INFO - Validation metrics:
2025-07-10 16:13:20,132 - INFO -   Loss: 0.9651
2025-07-10 16:13:20,132 - INFO -   Average similarity: 0.8196
2025-07-10 16:13:20,132 - INFO -   Median similarity: 0.9827
2025-07-10 16:13:20,132 - INFO -   Clean sample similarity: 0.8196
2025-07-10 16:13:20,132 - INFO -   Corrupted sample similarity: 0.5286
2025-07-10 16:13:20,133 - INFO -   Similarity gap (clean - corrupt): 0.2909
2025-07-10 16:13:20,264 - INFO - Epoch 5/30 - Train Loss: 0.8336, Val Loss: 0.9651, Clean Sim: 0.8196, Corrupt Sim: 0.5286, Gap: 0.2909, Time: 982.05s
2025-07-10 16:13:20,264 - INFO - New best similarity gap: 0.2909

2025-07-10 16:26:29,398 - INFO - Epoch 6: Total optimizer steps: 31
2025-07-10 16:29:45,006 - INFO - Validation metrics:
2025-07-10 16:29:45,007 - INFO -   Loss: 0.7663
2025-07-10 16:29:45,007 - INFO -   Average similarity: 0.6200
2025-07-10 16:29:45,007 - INFO -   Median similarity: 0.8402
2025-07-10 16:29:45,007 - INFO -   Clean sample similarity: 0.6200
2025-07-10 16:29:45,007 - INFO -   Corrupted sample similarity: 0.3285
2025-07-10 16:29:45,007 - INFO -   Similarity gap (clean - corrupt): 0.2915
2025-07-10 16:29:45,111 - INFO - Epoch 6/30 - Train Loss: 0.8161, Val Loss: 0.7663, Clean Sim: 0.6200, Corrupt Sim: 0.3285, Gap: 0.2915, Time: 978.76s
2025-07-10 16:29:45,111 - INFO - New best validation loss: 0.7663
2025-07-10 16:29:51,216 - INFO - New best similarity gap: 0.2915
2025-07-10 16:32:38,608 - INFO - Epoch 6 Validation Alignment: Pos=0.121, Neg=0.100, Gap=0.021
2
2025-07-10 16:45:41,252 - INFO - Epoch 7: Total optimizer steps: 31
2025-07-10 16:48:59,353 - INFO - Validation metrics:
2025-07-10 16:48:59,353 - INFO -   Loss: 0.7641
2025-07-10 16:48:59,353 - INFO -   Average similarity: 0.9188
2025-07-10 16:48:59,353 - INFO -   Median similarity: 0.9961
2025-07-10 16:48:59,353 - INFO -   Clean sample similarity: 0.9188
2025-07-10 16:48:59,353 - INFO -   Corrupted sample similarity: 0.6100
2025-07-10 16:48:59,353 - INFO -   Similarity gap (clean - corrupt): 0.3088
2025-07-10 16:48:59,448 - INFO - Epoch 7/30 - Train Loss: 0.7769, Val Loss: 0.7641, Clean Sim: 0.9188, Corrupt Sim: 0.6100, Gap: 0.3088, Time: 980.84s
2025-07-10 16:48:59,448 - INFO - New best validation loss: 0.7641
2025-07-10 16:49:05,528 - INFO - New best similarity gap: 0.3088

2025-07-10 17:02:16,612 - INFO - Epoch 8: Total optimizer steps: 31
2025-07-10 17:05:38,203 - INFO - Validation metrics:
2025-07-10 17:05:38,203 - INFO -   Loss: 0.7437
2025-07-10 17:05:38,203 - INFO -   Average similarity: 0.6682
2025-07-10 17:05:38,203 - INFO -   Median similarity: 0.8904
2025-07-10 17:05:38,203 - INFO -   Clean sample similarity: 0.6682
2025-07-10 17:05:38,203 - INFO -   Corrupted sample similarity: 0.3007
2025-07-10 17:05:38,203 - INFO -   Similarity gap (clean - corrupt): 0.3675
2025-07-10 17:05:38,303 - INFO - Epoch 8/30 - Train Loss: 0.7799, Val Loss: 0.7437, Clean Sim: 0.6682, Corrupt Sim: 0.3007, Gap: 0.3675, Time: 985.85s
2025-07-10 17:05:38,304 - INFO - New best validation loss: 0.7437
2025-07-10 17:05:44,522 - INFO - New best similarity gap: 0.3675
2025-07-10 17:08:31,806 - INFO - Epoch 8 Validation Alignment: Pos=0.101, Neg=0.074, Gap=0.027

2025-07-10 17:21:36,922 - INFO - Epoch 9: Total optimizer steps: 31
2025-07-10 17:24:56,190 - INFO - Validation metrics:
2025-07-10 17:24:56,191 - INFO -   Loss: 0.7171
2025-07-10 17:24:56,191 - INFO -   Average similarity: 0.7884
2025-07-10 17:24:56,191 - INFO -   Median similarity: 0.9629
2025-07-10 17:24:56,191 - INFO -   Clean sample similarity: 0.7884
2025-07-10 17:24:56,191 - INFO -   Corrupted sample similarity: 0.3944
2025-07-10 17:24:56,191 - INFO -   Similarity gap (clean - corrupt): 0.3940
2025-07-10 17:24:56,307 - INFO - Epoch 9/30 - Train Loss: 0.7575, Val Loss: 0.7171, Clean Sim: 0.7884, Corrupt Sim: 0.3944, Gap: 0.3940, Time: 984.50s
2025-07-10 17:24:56,307 - INFO - New best validation loss: 0.7171
2025-07-10 17:25:02,421 - INFO - New best similarity gap: 0.3940

2025-07-10 17:38:11,216 - INFO - Epoch 10: Total optimizer steps: 31
2025-07-10 17:41:29,454 - INFO - Validation metrics:
2025-07-10 17:41:29,454 - INFO -   Loss: 0.7129
2025-07-10 17:41:29,454 - INFO -   Average similarity: 0.8915
2025-07-10 17:41:29,454 - INFO -   Median similarity: 0.9950
2025-07-10 17:41:29,454 - INFO -   Clean sample similarity: 0.8915
2025-07-10 17:41:29,454 - INFO -   Corrupted sample similarity: 0.5113
2025-07-10 17:41:29,454 - INFO -   Similarity gap (clean - corrupt): 0.3802
2025-07-10 17:41:29,561 - INFO - Epoch 10/30 - Train Loss: 0.7421, Val Loss: 0.7129, Clean Sim: 0.8915, Corrupt Sim: 0.5113, Gap: 0.3802, Time: 979.96s
2025-07-10 17:41:29,561 - INFO - New best validation loss: 0.7129
2025-07-10 17:44:18,615 - INFO - Epoch 10 Validation Alignment: Pos=0.131, Neg=0.098, Gap=0.033
2
2025-07-10 17:57:15,992 - INFO - Epoch 11: Total optimizer steps: 31
2025-07-10 18:00:34,595 - INFO - Validation metrics:
2025-07-10 18:00:34,595 - INFO -   Loss: 0.6939
2025-07-10 18:00:34,595 - INFO -   Average similarity: 0.8448
2025-07-10 18:00:34,595 - INFO -   Median similarity: 0.9873
2025-07-10 18:00:34,595 - INFO -   Clean sample similarity: 0.8448
2025-07-10 18:00:34,595 - INFO -   Corrupted sample similarity: 0.4299
2025-07-10 18:00:34,595 - INFO -   Similarity gap (clean - corrupt): 0.4149
2025-07-10 18:00:34,708 - INFO - Epoch 11/30 - Train Loss: 0.7224, Val Loss: 0.6939, Clean Sim: 0.8448, Corrupt Sim: 0.4299, Gap: 0.4149, Time: 976.09s
2025-07-10 18:00:34,709 - INFO - New best validation loss: 0.6939
2025-07-10 18:00:40,745 - INFO - New best similarity gap: 0.4149
2
2025-07-10 18:13:46,732 - INFO - Epoch 12: Total optimizer steps: 31
2025-07-10 18:17:05,832 - INFO - Validation metrics:
2025-07-10 18:17:05,832 - INFO -   Loss: 0.6799
2025-07-10 18:17:05,833 - INFO -   Average similarity: 0.8511
2025-07-10 18:17:05,833 - INFO -   Median similarity: 0.9933
2025-07-10 18:17:05,833 - INFO -   Clean sample similarity: 0.8511
2025-07-10 18:17:05,833 - INFO -   Corrupted sample similarity: 0.4250
2025-07-10 18:17:05,833 - INFO -   Similarity gap (clean - corrupt): 0.4261
2025-07-10 18:17:05,949 - INFO - Epoch 12/30 - Train Loss: 0.7097, Val Loss: 0.6799, Clean Sim: 0.8511, Corrupt Sim: 0.4250, Gap: 0.4261, Time: 977.98s
2025-07-10 18:17:05,949 - INFO - New best validation loss: 0.6799
2025-07-10 18:17:12,980 - INFO - New best similarity gap: 0.4261
2025-07-10 18:20:00,387 - INFO - Epoch 12 Validation Alignment: Pos=0.136, Neg=0.089, Gap=0.047

2025-07-10 18:33:03,319 - INFO - Epoch 13: Total optimizer steps: 31
2025-07-10 18:36:22,587 - INFO - Validation metrics:
2025-07-10 18:36:22,587 - INFO -   Loss: 0.6622
2025-07-10 18:36:22,587 - INFO -   Average similarity: 0.8385
2025-07-10 18:36:22,587 - INFO -   Median similarity: 0.9816
2025-07-10 18:36:22,587 - INFO -   Clean sample similarity: 0.8385
2025-07-10 18:36:22,587 - INFO -   Corrupted sample similarity: 0.3917
2025-07-10 18:36:22,587 - INFO -   Similarity gap (clean - corrupt): 0.4468
2025-07-10 18:36:22,695 - INFO - Epoch 13/30 - Train Loss: 0.7026, Val Loss: 0.6622, Clean Sim: 0.8385, Corrupt Sim: 0.3917, Gap: 0.4468, Time: 982.31s
2025-07-10 18:36:22,696 - INFO - New best validation loss: 0.6622
2025-07-10 18:36:28,764 - INFO - New best similarity gap: 0.4468

2025-07-10 18:49:39,499 - INFO - Epoch 14: Total optimizer steps: 31
2025-07-10 18:52:58,595 - INFO - Validation metrics:
2025-07-10 18:52:58,595 - INFO -   Loss: 0.7023
2025-07-10 18:52:58,595 - INFO -   Average similarity: 0.8296
2025-07-10 18:52:58,595 - INFO -   Median similarity: 0.9777
2025-07-10 18:52:58,595 - INFO -   Clean sample similarity: 0.8296
2025-07-10 18:52:58,595 - INFO -   Corrupted sample similarity: 0.4273
2025-07-10 18:52:58,595 - INFO -   Similarity gap (clean - corrupt): 0.4024
2025-07-10 18:52:58,685 - INFO - Epoch 14/30 - Train Loss: 0.8791, Val Loss: 0.7023, Clean Sim: 0.8296, Corrupt Sim: 0.4273, Gap: 0.4024, Time: 982.95s
2025-07-10 18:55:39,909 - INFO - Epoch 14 Validation Alignment: Pos=0.145, Neg=0.103, Gap=0.042

2025-07-10 19:08:36,990 - INFO - Epoch 15: Total optimizer steps: 31
2025-07-10 19:11:56,891 - INFO - Validation metrics:
2025-07-10 19:11:56,892 - INFO -   Loss: 0.6371
2025-07-10 19:11:56,892 - INFO -   Average similarity: 0.7917
2025-07-10 19:11:56,892 - INFO -   Median similarity: 0.9793
2025-07-10 19:11:56,892 - INFO -   Clean sample similarity: 0.7917
2025-07-10 19:11:56,892 - INFO -   Corrupted sample similarity: 0.3418
2025-07-10 19:11:56,892 - INFO -   Similarity gap (clean - corrupt): 0.4500
2025-07-10 19:11:57,014 - INFO - Epoch 15/30 - Train Loss: 0.6891, Val Loss: 0.6371, Clean Sim: 0.7917, Corrupt Sim: 0.3418, Gap: 0.4500, Time: 977.11s
2025-07-10 19:11:57,014 - INFO - New best validation loss: 0.6371
2025-07-10 19:12:03,241 - INFO - New best similarity gap: 0.4500

2025-07-10 19:25:15,401 - INFO - Epoch 16: Total optimizer steps: 31
2025-07-10 19:28:34,567 - INFO - Validation metrics:
2025-07-10 19:28:34,567 - INFO -   Loss: 0.6358
2025-07-10 19:28:34,567 - INFO -   Average similarity: 0.9004
2025-07-10 19:28:34,567 - INFO -   Median similarity: 0.9926
2025-07-10 19:28:34,567 - INFO -   Clean sample similarity: 0.9004
2025-07-10 19:28:34,567 - INFO -   Corrupted sample similarity: 0.4322
2025-07-10 19:28:34,567 - INFO -   Similarity gap (clean - corrupt): 0.4682
2025-07-10 19:28:34,670 - INFO - Epoch 16/30 - Train Loss: 0.6572, Val Loss: 0.6358, Clean Sim: 0.9004, Corrupt Sim: 0.4322, Gap: 0.4682, Time: 978.77s
2025-07-10 19:28:34,670 - INFO - New best validation loss: 0.6358
2025-07-10 19:28:40,841 - INFO - New best similarity gap: 0.4682
2025-07-10 19:31:28,701 - INFO - Epoch 16 Validation Alignment: Pos=0.151, Neg=0.092, Gap=0.059

2025-07-10 19:44:33,384 - INFO - Epoch 17: Total optimizer steps: 31
2025-07-10 19:47:52,105 - INFO - Validation metrics:
2025-07-10 19:47:52,106 - INFO -   Loss: 0.6148
2025-07-10 19:47:52,106 - INFO -   Average similarity: 0.7811
2025-07-10 19:47:52,106 - INFO -   Median similarity: 0.9655
2025-07-10 19:47:52,106 - INFO -   Clean sample similarity: 0.7811
2025-07-10 19:47:52,106 - INFO -   Corrupted sample similarity: 0.2877
2025-07-10 19:47:52,106 - INFO -   Similarity gap (clean - corrupt): 0.4933
2025-07-10 19:47:52,218 - INFO - Epoch 17/30 - Train Loss: 0.6461, Val Loss: 0.6148, Clean Sim: 0.7811, Corrupt Sim: 0.2877, Gap: 0.4933, Time: 983.52s
2025-07-10 19:47:52,219 - INFO - New best validation loss: 0.6148
2025-07-10 19:47:58,345 - INFO - New best similarity gap: 0.4933

2025-07-10 20:01:00,976 - INFO - Epoch 18: Total optimizer steps: 31
2025-07-10 20:04:17,858 - INFO - Validation metrics:
2025-07-10 20:04:17,858 - INFO -   Loss: 0.6189
2025-07-10 20:04:17,858 - INFO -   Average similarity: 0.9612
2025-07-10 20:04:17,858 - INFO -   Median similarity: 0.9989
2025-07-10 20:04:17,858 - INFO -   Clean sample similarity: 0.9612
2025-07-10 20:04:17,858 - INFO -   Corrupted sample similarity: 0.5316
2025-07-10 20:04:17,858 - INFO -   Similarity gap (clean - corrupt): 0.4297
2025-07-10 20:04:17,957 - INFO - Epoch 18/30 - Train Loss: 0.6364, Val Loss: 0.6189, Clean Sim: 0.9612, Corrupt Sim: 0.5316, Gap: 0.4297, Time: 972.62s
2025-07-10 20:06:55,914 - INFO - Epoch 18 Validation Alignment: Pos=0.151, Neg=0.086, Gap=0.065

2025-07-10 20:19:57,457 - INFO - Epoch 19: Total optimizer steps: 31
2025-07-10 20:23:14,790 - INFO - Validation metrics:
2025-07-10 20:23:14,790 - INFO -   Loss: 0.5889
2025-07-10 20:23:14,790 - INFO -   Average similarity: 0.8652
2025-07-10 20:23:14,790 - INFO -   Median similarity: 0.9890
2025-07-10 20:23:14,790 - INFO -   Clean sample similarity: 0.8652
2025-07-10 20:23:14,790 - INFO -   Corrupted sample similarity: 0.3400
2025-07-10 20:23:14,790 - INFO -   Similarity gap (clean - corrupt): 0.5253
2025-07-10 20:23:14,904 - INFO - Epoch 19/30 - Train Loss: 0.6202, Val Loss: 0.5889, Clean Sim: 0.8652, Corrupt Sim: 0.3400, Gap: 0.5253, Time: 978.99s
2025-07-10 20:23:14,904 - INFO - New best validation loss: 0.5889
2025-07-10 20:23:20,961 - INFO - New best similarity gap: 0.5253

2025-07-10 20:36:26,192 - INFO - Epoch 20: Total optimizer steps: 31
2025-07-10 20:39:42,578 - INFO - Validation metrics:
2025-07-10 20:39:42,579 - INFO -   Loss: 0.5749
2025-07-10 20:39:42,579 - INFO -   Average similarity: 0.8910
2025-07-10 20:39:42,579 - INFO -   Median similarity: 0.9922
2025-07-10 20:39:42,579 - INFO -   Clean sample similarity: 0.8910
2025-07-10 20:39:42,579 - INFO -   Corrupted sample similarity: 0.3512
2025-07-10 20:39:42,579 - INFO -   Similarity gap (clean - corrupt): 0.5398
2025-07-10 20:39:42,700 - INFO - Epoch 20/30 - Train Loss: 0.6085, Val Loss: 0.5749, Clean Sim: 0.8910, Corrupt Sim: 0.3512, Gap: 0.5398, Time: 974.82s
2025-07-10 20:39:42,700 - INFO - New best validation loss: 0.5749
2025-07-10 20:39:48,686 - INFO - New best similarity gap: 0.5398
2025-07-10 20:42:33,850 - INFO - Epoch 20 Validation Alignment: Pos=0.146, Neg=0.075, Gap=0.072

2025-07-10 20:55:31,534 - INFO - Epoch 21: Total optimizer steps: 31
2025-07-10 20:58:48,125 - INFO - Validation metrics:
2025-07-10 20:58:48,125 - INFO -   Loss: 0.5733
2025-07-10 20:58:48,125 - INFO -   Average similarity: 0.8433
2025-07-10 20:58:48,125 - INFO -   Median similarity: 0.9900
2025-07-10 20:58:48,125 - INFO -   Clean sample similarity: 0.8433
2025-07-10 20:58:48,125 - INFO -   Corrupted sample similarity: 0.3093
2025-07-10 20:58:48,125 - INFO -   Similarity gap (clean - corrupt): 0.5341
2025-07-10 20:58:48,224 - INFO - Epoch 21/30 - Train Loss: 0.5983, Val Loss: 0.5733, Clean Sim: 0.8433, Corrupt Sim: 0.3093, Gap: 0.5341, Time: 974.37s
2025-07-10 20:58:48,224 - INFO - New best validation loss: 0.5733
2025-07-10 21:00:04,099 - INFO - log_σ² gradient: -0.468757

2025-07-10 21:11:50,582 - INFO - Epoch 22: Total optimizer steps: 31
2025-07-10 21:15:07,316 - INFO - Validation metrics:
2025-07-10 21:15:07,316 - INFO -   Loss: 0.5654
2025-07-10 21:15:07,316 - INFO -   Average similarity: 0.9276
2025-07-10 21:15:07,316 - INFO -   Median similarity: 0.9970
2025-07-10 21:15:07,316 - INFO -   Clean sample similarity: 0.9276
2025-07-10 21:15:07,316 - INFO -   Corrupted sample similarity: 0.3863
2025-07-10 21:15:07,316 - INFO -   Similarity gap (clean - corrupt): 0.5414
2025-07-10 21:15:07,427 - INFO - Epoch 22/30 - Train Loss: 0.5808, Val Loss: 0.5654, Clean Sim: 0.9276, Corrupt Sim: 0.3863, Gap: 0.5414, Time: 972.21s
2025-07-10 21:15:07,428 - INFO - New best validation loss: 0.5654
2025-07-10 21:15:13,401 - INFO - New best similarity gap: 0.5414
2025-07-10 21:17:58,417 - INFO - Epoch 22 Validation Alignment: Pos=0.160, Neg=0.085, Gap=0.075

2025-07-10 21:30:56,112 - INFO - Epoch 23: Total optimizer steps: 31
2025-07-10 21:34:12,776 - INFO - Validation metrics:
2025-07-10 21:34:12,776 - INFO -   Loss: 0.5627
2025-07-10 21:34:12,776 - INFO -   Average similarity: 0.9523
2025-07-10 21:34:12,776 - INFO -   Median similarity: 0.9992
2025-07-10 21:34:12,777 - INFO -   Clean sample similarity: 0.9523
2025-07-10 21:34:12,777 - INFO -   Corrupted sample similarity: 0.4336
2025-07-10 21:34:12,777 - INFO -   Similarity gap (clean - corrupt): 0.5187
2025-07-10 21:34:12,874 - INFO - Epoch 23/30 - Train Loss: 0.5731, Val Loss: 0.5627, Clean Sim: 0.9523, Corrupt Sim: 0.4336, Gap: 0.5187, Time: 974.46s
2025-07-10 21:34:12,874 - INFO - New best validation loss: 0.5627

2025-07-10 21:47:13,871 - INFO - Epoch 24: Total optimizer steps: 31
2025-07-10 21:50:31,009 - INFO - Validation metrics:
2025-07-10 21:50:31,009 - INFO -   Loss: 0.5518
2025-07-10 21:50:31,009 - INFO -   Average similarity: 0.9326
2025-07-10 21:50:31,009 - INFO -   Median similarity: 0.9972
2025-07-10 21:50:31,009 - INFO -   Clean sample similarity: 0.9326
2025-07-10 21:50:31,009 - INFO -   Corrupted sample similarity: 0.4124
2025-07-10 21:50:31,009 - INFO -   Similarity gap (clean - corrupt): 0.5202
2025-07-10 21:50:31,118 - INFO - Epoch 24/30 - Train Loss: 0.5619, Val Loss: 0.5518, Clean Sim: 0.9326, Corrupt Sim: 0.4124, Gap: 0.5202, Time: 972.07s
2025-07-10 21:50:31,118 - INFO - New best validation loss: 0.5518
2025-07-10 21:53:15,616 - INFO - Epoch 24 Validation Alignment: Pos=0.174, Neg=0.089, Gap=0.085

2025-07-10 22:06:14,656 - INFO - Epoch 25: Total optimizer steps: 31
2025-07-10 22:09:32,376 - INFO - Validation metrics:
2025-07-10 22:09:32,376 - INFO -   Loss: 0.5247
2025-07-10 22:09:32,376 - INFO -   Average similarity: 0.8787
2025-07-10 22:09:32,376 - INFO -   Median similarity: 0.9927
2025-07-10 22:09:32,376 - INFO -   Clean sample similarity: 0.8787
2025-07-10 22:09:32,376 - INFO -   Corrupted sample similarity: 0.3013
2025-07-10 22:09:32,376 - INFO -   Similarity gap (clean - corrupt): 0.5775
2025-07-10 22:09:32,502 - INFO - Epoch 25/30 - Train Loss: 0.5577, Val Loss: 0.5247, Clean Sim: 0.8787, Corrupt Sim: 0.3013, Gap: 0.5775, Time: 976.89s
2025-07-10 22:09:32,502 - INFO - New best validation loss: 0.5247
2025-07-10 22:09:38,535 - INFO - New best similarity gap: 0.5775

2025-07-10 22:22:35,046 - INFO - Epoch 26: Total optimizer steps: 31
2025-07-10 22:25:53,226 - INFO - Validation metrics:
2025-07-10 22:25:53,226 - INFO -   Loss: 0.5252
2025-07-10 22:25:53,226 - INFO -   Average similarity: 0.8957
2025-07-10 22:25:53,226 - INFO -   Median similarity: 0.9922
2025-07-10 22:25:53,226 - INFO -   Clean sample similarity: 0.8957
2025-07-10 22:25:53,226 - INFO -   Corrupted sample similarity: 0.3398
2025-07-10 22:25:53,226 - INFO -   Similarity gap (clean - corrupt): 0.5559
2025-07-10 22:25:53,333 - INFO - Epoch 26/30 - Train Loss: 0.5422, Val Loss: 0.5252, Clean Sim: 0.8957, Corrupt Sim: 0.3398, Gap: 0.5559, Time: 967.97s
2025-07-10 22:28:30,838 - INFO - Epoch 26 Validation Alignment: Pos=0.147, Neg=0.071, Gap=0.076

2025-07-10 22:44:47,067 - INFO - Validation metrics:
2025-07-10 22:44:47,067 - INFO -   Loss: 0.5085
2025-07-10 22:44:47,067 - INFO -   Average similarity: 0.8074
2025-07-10 22:44:47,067 - INFO -   Median similarity: 0.9717
2025-07-10 22:44:47,067 - INFO -   Clean sample similarity: 0.8074
2025-07-10 22:44:47,067 - INFO -   Corrupted sample similarity: 0.2591
2025-07-10 22:44:47,067 - INFO -   Similarity gap (clean - corrupt): 0.5483
2025-07-10 22:44:47,189 - INFO - Epoch 27/30 - Train Loss: 0.5337, Val Loss: 0.5085, Clean Sim: 0.8074, Corrupt Sim: 0.2591, Gap: 0.5483, Time: 976.35s
2025-07-10 22:44:47,189 - INFO - New best validation loss: 0.5085

2025-07-10 23:01:06,110 - INFO - Validation metrics:
2025-07-10 23:01:06,110 - INFO -   Loss: 0.5027
2025-07-10 23:01:06,110 - INFO -   Average similarity: 0.7844
2025-07-10 23:01:06,110 - INFO -   Median similarity: 0.9843
2025-07-10 23:01:06,110 - INFO -   Clean sample similarity: 0.7844
2025-07-10 23:01:06,110 - INFO -   Corrupted sample similarity: 0.2361
2025-07-10 23:01:06,110 - INFO -   Similarity gap (clean - corrupt): 0.5483
2025-07-10 23:01:06,230 - INFO - Epoch 28/30 - Train Loss: 0.5293, Val Loss: 0.5027, Clean Sim: 0.7844, Corrupt Sim: 0.2361, Gap: 0.5483, Time: 973.04s
2025-07-10 23:01:06,231 - INFO - New best validation loss: 0.5027
2025-07-10 23:03:51,526 - INFO - Epoch 28 Validation Alignment: Pos=0.135, Neg=0.064, Gap=0.071
2
2025-07-10 23:20:04,739 - INFO - Validation metrics:
2025-07-10 23:20:04,739 - INFO -   Loss: 0.4967
2025-07-10 23:20:04,739 - INFO -   Average similarity: 0.8746
2025-07-10 23:20:04,739 - INFO -   Median similarity: 0.9826
2025-07-10 23:20:04,739 - INFO -   Clean sample similarity: 0.8746
2025-07-10 23:20:04,739 - INFO -   Corrupted sample similarity: 0.3010
2025-07-10 23:20:04,739 - INFO -   Similarity gap (clean - corrupt): 0.5735
2025-07-10 23:20:04,847 - INFO - Epoch 29/30 - Train Loss: 0.5201, Val Loss: 0.4967, Clean Sim: 0.8746, Corrupt Sim: 0.3010, Gap: 0.5735, Time: 973.32s
2025-07-10 23:20:04,848 - INFO - New best validation loss: 0.4967

2025-07-10 23:36:22,351 - INFO - Validation metrics:
2025-07-10 23:36:22,351 - INFO -   Loss: 0.4777
2025-07-10 23:36:22,351 - INFO -   Average similarity: 0.7371
2025-07-10 23:36:22,352 - INFO -   Median similarity: 0.9539
2025-07-10 23:36:22,352 - INFO -   Clean sample similarity: 0.7371
2025-07-10 23:36:22,352 - INFO -   Corrupted sample similarity: 0.2115
2025-07-10 23:36:22,352 - INFO -   Similarity gap (clean - corrupt): 0.5256
2025-07-10 23:36:22,477 - INFO - Epoch 30/30 - Train Loss: 0.5073, Val Loss: 0.4777, Clean Sim: 0.7371, Corrupt Sim: 0.2115, Gap: 0.5256, Time: 971.64s
2025-07-10 23:36:22,477 - INFO - New best validation loss: 0.4777
2025-07-10 23:39:11,943 - INFO - Epoch 30 Validation Alignment: Pos=0.145, Neg=0.068, Gap=0.077
2025-07-10 23:39:11,943 - INFO - Training completed!
2025-07-10 23:39:17,631 - INFO - Evaluating best models on test set...
2025-07-10 23:39:21,161 - INFO - Loaded best loss model from epoch 30
2025-07-10 23:42:56,776 - INFO - Test (Best Loss) metrics:
2025-07-10 23:42:56,776 - INFO -   Loss: 0.4783
2025-07-10 23:42:56,776 - INFO -   Average similarity: 0.7342
2025-07-10 23:42:56,776 - INFO -   Median similarity: 0.9554
2025-07-10 23:42:56,776 - INFO -   Clean sample similarity: 0.7342
2025-07-10 23:42:56,776 - INFO -   Corrupted sample similarity: 0.2117
2025-07-10 23:42:56,776 - INFO -   Similarity gap (clean - corrupt): 0.5226
2025-07-10 23:46:02,047 - INFO - Loaded best gap model from epoch 25
2025-07-10 23:49:31,744 - INFO - Test (Best Gap) metrics:
2025-07-10 23:49:31,744 - INFO -   Loss: 0.4949
2025-07-10 23:49:31,744 - INFO -   Average similarity: 0.8834
2025-07-10 23:49:31,744 - INFO -   Median similarity: 0.9939
2025-07-10 23:49:31,744 - INFO -   Clean sample similarity: 0.8834
2025-07-10 23:49:31,744 - INFO -   Corrupted sample similarity: 0.3090
2025-07-10 23:49:31,744 - INFO -   Similarity gap (clean - corrupt): 0.5744
2025-07-10 23:52:25,093 - INFO - Evaluation completed!
2025-07-10 23:52:25,093 - INFO - Test results for best_loss_model:
2025-07-10 23:52:25,093 - INFO -   Loss: 0.4783
2025-07-10 23:52:25,093 - INFO -   Clean Sample Similarity: 0.7342
2025-07-10 23:52:25,093 - INFO -   Corrupted Sample Similarity: 0.2117
2025-07-10 23:52:25,093 - INFO -   Similarity Gap: 0.5226
2025-07-10 23:52:25,093 - INFO - Test results for best_gap_model:
2025-07-10 23:52:25,093 - INFO -   Loss: 0.4949
2025-07-10 23:52:25,093 - INFO -   Clean Sample Similarity: 0.8834
2025-07-10 23:52:25,093 - INFO -   Corrupted Sample Similarity: 0.3090
2025-07-10 23:52:25,093 - INFO -   Similarity Gap: 0.5744
2025-07-10 23:52:25,373 - INFO - All tasks completed!
